Archive member included to satisfy reference by file (symbol)

../../mAbassi/Platform/lib\lib_mAbassi_EVAL_GCC_AR5_CY5.a(mAbassi_EVAL_A9_GCC_2_NR.o)
                              Main_mAbassi.o (Abassi)
../../mAbassi/Platform/lib\lib_mAbassi_EVAL_GCC_AR5_CY5.a(mAbassi_EVAL_GCC_AR5_CY5_NR.o)
                              (_vector_table)
../../mAbassi/Platform/lib\lib_mAbassi_EVAL_GCC_AR5_CY5.a(ARMv7_SMP_L1_L2_GCC_AR5_CY5.o)
                              ../../mAbassi/Platform/lib\lib_mAbassi_EVAL_GCC_AR5_CY5.a(mAbassi_EVAL_GCC_AR5_CY5_NR.o) (COREcacheON)
c:/intelfpga/18.1/embedded/host_tools/mentor/gnu/arm/baremetal/bin/../lib/gcc/arm-altera-eabi/6.2.0/../../../../arm-altera-eabi/lib\libcs3.a(start_c.o)
                              (__cs3_start_c)
c:/intelfpga/18.1/embedded/host_tools/mentor/gnu/arm/baremetal/bin/../lib/gcc/arm-altera-eabi/6.2.0/../../../../arm-altera-eabi/lib\libcs3unhosted.a(unhosted-start.o)
                              ../../mAbassi/Platform/lib\lib_mAbassi_EVAL_GCC_AR5_CY5.a(mAbassi_EVAL_GCC_AR5_CY5_NR.o) (_start)
c:/intelfpga/18.1/embedded/host_tools/mentor/gnu/arm/baremetal/bin/../lib/gcc/arm-altera-eabi/6.2.0\libgcc.a(_divsi3.o)
                              dw_uart.o (__aeabi_idiv)
c:/intelfpga/18.1/embedded/host_tools/mentor/gnu/arm/baremetal/bin/../lib/gcc/arm-altera-eabi/6.2.0\libgcc.a(_dvmd_tls.o)
                              c:/intelfpga/18.1/embedded/host_tools/mentor/gnu/arm/baremetal/bin/../lib/gcc/arm-altera-eabi/6.2.0\libgcc.a(_divsi3.o) (__aeabi_idiv0)
c:/intelfpga/18.1/embedded/host_tools/mentor/gnu/arm/baremetal/bin/../lib/gcc/arm-altera-eabi/6.2.0/../../../../arm-altera-eabi/lib\libc.a(lib_a-calloc.o)
                              ../../mAbassi/Platform/lib\lib_mAbassi_EVAL_GCC_AR5_CY5.a(mAbassi_EVAL_A9_GCC_2_NR.o) (calloc)
c:/intelfpga/18.1/embedded/host_tools/mentor/gnu/arm/baremetal/bin/../lib/gcc/arm-altera-eabi/6.2.0/../../../../arm-altera-eabi/lib\libc.a(lib_a-callocr.o)
                              c:/intelfpga/18.1/embedded/host_tools/mentor/gnu/arm/baremetal/bin/../lib/gcc/arm-altera-eabi/6.2.0/../../../../arm-altera-eabi/lib\libc.a(lib_a-calloc.o) (_calloc_r)
c:/intelfpga/18.1/embedded/host_tools/mentor/gnu/arm/baremetal/bin/../lib/gcc/arm-altera-eabi/6.2.0/../../../../arm-altera-eabi/lib\libc.a(lib_a-exit.o)
                              odometry.o (exit)
c:/intelfpga/18.1/embedded/host_tools/mentor/gnu/arm/baremetal/bin/../lib/gcc/arm-altera-eabi/6.2.0/../../../../arm-altera-eabi/lib\libc.a(lib_a-getreent.o)
                              Main_mAbassi.o (__getreent)
c:/intelfpga/18.1/embedded/host_tools/mentor/gnu/arm/baremetal/bin/../lib/gcc/arm-altera-eabi/6.2.0/../../../../arm-altera-eabi/lib\libc.a(lib_a-impure.o)
                              c:/intelfpga/18.1/embedded/host_tools/mentor/gnu/arm/baremetal/bin/../lib/gcc/arm-altera-eabi/6.2.0/../../../../arm-altera-eabi/lib\libc.a(lib_a-exit.o) (_global_impure_ptr)
c:/intelfpga/18.1/embedded/host_tools/mentor/gnu/arm/baremetal/bin/../lib/gcc/arm-altera-eabi/6.2.0/../../../../arm-altera-eabi/lib\libc.a(lib_a-init.o)
                              c:/intelfpga/18.1/embedded/host_tools/mentor/gnu/arm/baremetal/bin/../lib/gcc/arm-altera-eabi/6.2.0/../../../../arm-altera-eabi/lib\libcs3.a(start_c.o) (__libc_init_array)
c:/intelfpga/18.1/embedded/host_tools/mentor/gnu/arm/baremetal/bin/../lib/gcc/arm-altera-eabi/6.2.0/../../../../arm-altera-eabi/lib\libc.a(lib_a-malloc.o)
                              CtrlStruct.o (malloc)
c:/intelfpga/18.1/embedded/host_tools/mentor/gnu/arm/baremetal/bin/../lib/gcc/arm-altera-eabi/6.2.0/../../../../arm-altera-eabi/lib\libc.a(lib_a-mallocr.o)
                              c:/intelfpga/18.1/embedded/host_tools/mentor/gnu/arm/baremetal/bin/../lib/gcc/arm-altera-eabi/6.2.0/../../../../arm-altera-eabi/lib\libc.a(lib_a-callocr.o) (_malloc_r)
c:/intelfpga/18.1/embedded/host_tools/mentor/gnu/arm/baremetal/bin/../lib/gcc/arm-altera-eabi/6.2.0/../../../../arm-altera-eabi/lib\libc.a(lib_a-memcpy-stub.o)
                              MyApp_Tutorial.o (memcpy)
c:/intelfpga/18.1/embedded/host_tools/mentor/gnu/arm/baremetal/bin/../lib/gcc/arm-altera-eabi/6.2.0/../../../../arm-altera-eabi/lib\libc.a(lib_a-memmove.o)
                              ../../mAbassi/Platform/lib\lib_mAbassi_EVAL_GCC_AR5_CY5.a(mAbassi_EVAL_A9_GCC_2_NR.o) (memmove)
c:/intelfpga/18.1/embedded/host_tools/mentor/gnu/arm/baremetal/bin/../lib/gcc/arm-altera-eabi/6.2.0/../../../../arm-altera-eabi/lib\libc.a(lib_a-memset.o)
                              dw_uart.o (memset)
c:/intelfpga/18.1/embedded/host_tools/mentor/gnu/arm/baremetal/bin/../lib/gcc/arm-altera-eabi/6.2.0/../../../../arm-altera-eabi/lib\libc.a(lib_a-mlock.o)
                              c:/intelfpga/18.1/embedded/host_tools/mentor/gnu/arm/baremetal/bin/../lib/gcc/arm-altera-eabi/6.2.0/../../../../arm-altera-eabi/lib\libc.a(lib_a-mallocr.o) (__malloc_lock)
[...]
Memory Configuration

Name             Origin             Length             Attributes
ram              0x00100040         0x3fefffc0         xrw
uram             0xffff0000         0x00010000         xrw
*default*        0x00000000         0xffffffff

Linker script and memory map

LOAD c:/intelfpga/18.1/embedded/host_tools/mentor/gnu/arm/baremetal/bin/../lib/gcc/arm-altera-eabi/6.2.0/crti.o
LOAD c:/intelfpga/18.1/embedded/host_tools/mentor/gnu/arm/baremetal/bin/../lib/gcc/arm-altera-eabi/6.2.0/crtbegin.o
LOAD Main_mAbassi.o
LOAD MyApp_Tutorial.o
LOAD SysCall_noFS.o
LOAD TIMERinit.o
LOAD dw_uart.o
LOAD dw_i2c.o
LOAD alt_gpio.o
LOAD dw_spi.o
LOAD MyDriver_CAN.o
LOAD PID.o
LOAD CtrlStruct.o
LOAD odometry.o
LOAD path_planning.o
LOAD Real_localisation.o
LOAD Dynamixels.o
LOAD strategy.o
LOAD alt_generalpurpose_io.o
LOAD mAbassiCfgA9.o
LOAD ../../mAbassi/Platform/lib\lib_mAbassi_EVAL_GCC_AR5_CY5.a
LOAD c:/intelfpga/18.1/embedded/host_tools/mentor/gnu/arm/baremetal/bin/../lib/gcc/arm-altera-eabi/6.2.0/../../../../arm-altera-eabi/lib\libcs3.a
LOAD c:/intelfpga/18.1/embedded/host_tools/mentor/gnu/arm/baremetal/bin/../lib/gcc/arm-altera-eabi/6.2.0/../../../../arm-altera-eabi/lib\libcs3unhosted.a
LOAD c:/intelfpga/18.1/embedded/host_tools/mentor/gnu/arm/baremetal/bin/../lib/gcc/arm-altera-eabi/6.2.0/../../../../arm-altera-eabi/lib\libcs3arm.a
LOAD c:/intelfpga/18.1/embedded/host_tools/mentor/gnu/arm/baremetal/bin/../lib/gcc/arm-altera-eabi/6.2.0\libgcc.a
LOAD c:/intelfpga/18.1/embedded/host_tools/mentor/gnu/arm/baremetal/bin/../lib/gcc/arm-altera-eabi/6.2.0/../../../../arm-altera-eabi/lib\libc.a
LOAD c:/intelfpga/18.1/embedded/host_tools/mentor/gnu/arm/baremetal/bin/../lib/gcc/arm-altera-eabi/6.2.0/../../../../arm-altera-eabi/lib\libstdc++.a
LOAD c:/intelfpga/18.1/embedded/host_tools/mentor/gnu/arm/baremetal/bin/../lib/gcc/arm-altera-eabi/6.2.0/../../../../arm-altera-eabi/lib\libm.a
START GROUP
LOAD c:/intelfpga/18.1/embedded/host_tools/mentor/gnu/arm/baremetal/bin/../lib/gcc/arm-altera-eabi/6.2.0\libgcc.a
LOAD c:/intelfpga/18.1/embedded/host_tools/mentor/gnu/arm/baremetal/bin/../lib/gcc/arm-altera-eabi/6.2.0/../../../../arm-altera-eabi/lib\libc.a
END GROUP
LOAD c:/intelfpga/18.1/embedded/host_tools/mentor/gnu/arm/baremetal/bin/../lib/gcc/arm-altera-eabi/6.2.0/crtend.o
LOAD c:/intelfpga/18.1/embedded/host_tools/mentor/gnu/arm/baremetal/bin/../lib/gcc/arm-altera-eabi/6.2.0/crtn.o
                0x00002000                _STACK_SIZE = DEFINED (_STACK_SIZE)?_STACK_SIZE:0x2000
                0x10000000                _MDRV_SIZE = DEFINED (_MDRV_SIZE)?_MDRV_SIZE:0x10000000
                0x00000800                _SUPERVISOR_STACK_SIZE = DEFINED (_SUPERVISOR_STACK_SIZE)?_SUPERVISOR_STACK_SIZE:0x800
                0x00000800                _ABORT_STACK_SIZE = DEFINED (_ABORT_STACK_SIZE)?_ABORT_STACK_SIZE:0x800
                0x00000800                _FIQ_STACK_SIZE = DEFINED (_FIQ_STACK_SIZE)?_FIQ_STACK_SIZE:0x800
                0x00002000                _IRQ_STACK_SIZE = DEFINED (_IRQ_STACK_SIZE)?_IRQ_STACK_SIZE:0x2000
                0x00000800                _UNDEF_STACK_SIZE = DEFINED (_UNDEF_STACK_SIZE)?_UNDEF_STACK_SIZE:0x800
                0x00000001                PROVIDE (__cs3_region_num, ((__cs3_regions_end - __cs3_regions) / 0x14))
                0x0011abf0                __libc_fini = _fini

.text           0x00100040    0x1a2e4
 CREATE_OBJECT_SYMBOLS
                0x00100040                __cs3_region_start_ram = .
                0x00100040                _ftext = .
 *(.cs3.region-head.ram)
                0x00000001                ASSERT ((. == __cs3_region_start_ram), .cs3.region-head.ram not permitted)
                0x00100040                __cs3_interrupt_vector = __cs3_interrupt_vector_arm
 *(.cs3.interrupt_vector)
 .cs3.interrupt_vector
                0x00100040       0x3c ../../mAbassi/Platform/lib\lib_mAbassi_EVAL_GCC_AR5_CY5.a(mAbassi_EVAL_GCC_AR5_CY5_NR.o)
                0x00100040                Vectors
                0x00100040                __cs3_interrupt_vector_arm
                0x00100040                _vector_table
 *(.vectors)
                0x0010beb0                PROVIDE (__cs3_reset, __cs3_reset_generic)
 *(.cs3.reset)
                [0x00100110]                _start = DEFINED (__cs3_start_asm)?__cs3_start_asm:_start
 *(.text.cs3.init)
 .text.cs3.init
                0x0010007c       0x94 c:/intelfpga/18.1/embedded/host_tools/mentor/gnu/arm/baremetal/bin/../lib/gcc/arm-altera-eabi/6.2.0/../../../../arm-altera-eabi/lib\libcs3.a(start_c.o)
                0x0010007c                __cs3_start_c
 .text.cs3.init
                0x00100110        0xc c:/intelfpga/18.1/embedded/host_tools/mentor/gnu/arm/baremetal/bin/../lib/gcc/arm-altera-eabi/6.2.0/../../../../arm-altera-eabi/lib\libcs3unhosted.a(unhosted-start.o)
 *(.text .text.* .gnu.linkonce.t.*)
 .text          0x0010011c      0x108 c:/intelfpga/18.1/embedded/host_tools/mentor/gnu/arm/baremetal/bin/../lib/gcc/arm-altera-eabi/6.2.0/crtbegin.o
 .text.startup.main
                0x00100224      0x15c Main_mAbassi.o
                0x00100224                main
 .text.TIMcallBack
                0x00100380        0x4 Main_mAbassi.o
                0x00100380                TIMcallBack
 .text.button_CallbackInterrupt
                0x00100384       0x48 MyApp_Tutorial.o
                0x00100384                button_CallbackInterrupt
 .text.spi_CallbackInterrupt
                0x001003cc       0x68 MyApp_Tutorial.o
                0x001003cc                spi_CallbackInterrupt
 .text.wait     0x00100434       0x74 MyApp_Tutorial.o
                0x00100434                wait
 .text.CAN_initial
                0x001004a8       0x7c MyApp_Tutorial.o
                0x001004a8                CAN_initial
 .text.Task_Main
                0x00100524       0xbc MyApp_Tutorial.o
                0x00100524                Task_Main
 .text.Hardware_setup
                0x001005e0      0x120 MyApp_Tutorial.o
                0x001005e0                Hardware_setup
 .text.SysCallInit
                0x00100700        0x4 SysCall_noFS.o
                0x00100700                SysCallInit
 .text._close_r
                0x00100704       0x10 SysCall_noFS.o
                0x00100704                _close_r
 .text._read_r  0x00100714       0x88 SysCall_noFS.o
                0x00100714                _read_r
 .text._write_r
                0x0010079c       0x88 SysCall_noFS.o
                0x0010079c                _write_r
 .text._lseek_r
                0x00100824       0x10 SysCall_noFS.o
                0x00100824                _lseek_r
 .text._fstat_r
                0x00100834       0x10 SysCall_noFS.o
                0x00100834                _fstat_r
 .text._isatty_r
                0x00100844       0x10 SysCall_noFS.o
                0x00100844                _isatty_r
 .text.TIMERinit
                0x00100854       0x28 TIMERinit.o
                0x00100854                TIMERinit
 .text.uart_send
                0x0010087c      0x8a8 dw_uart.o
                0x0010087c                uart_send
 .text.uart_recv
                0x00101124      0x794 dw_uart.o
                0x00101124                uart_recv
 .text.uart_init
                0x001018b8      0x3f4 dw_uart.o
                0x001018b8                uart_init
 .text.UARTintHndl_0
                0x00101cac      0x1a0 dw_uart.o
                0x00101cac                UARTintHndl_0
 .text.UARTintHndl_1
                0x00101e4c      0x1a0 dw_uart.o
                0x00101e4c                UARTintHndl_1
 .text.i2c_init
                0x00101fec      0x560 dw_i2c.o
                0x00101fec                i2c_init
 .text.gpio_dir
                0x0010254c       0xc0 alt_gpio.o
                0x0010254c                gpio_dir
 .text.gpio_set
                0x0010260c       0x9c alt_gpio.o
                0x0010260c                gpio_set
 .text.gpio_init
                0x001026a8       0x54 alt_gpio.o
                0x001026a8                gpio_init
 .text.spi_send
                0x001026fc      0xb94 dw_spi.o
                0x001026fc                spi_send
 .text.spi_send_recv
                0x00103290     0x12cc dw_spi.o
                0x00103290                spi_send_recv
 .text.spi_init
                0x0010455c      0x3fc dw_spi.o
                0x0010455c                spi_init
 .text.CAN_init
                0x00104958      0xd44 MyDriver_CAN.o
                0x00104958                CAN_init
 .text.CAN_sendMsg
                0x0010569c      0x280 MyDriver_CAN.o
                0x0010569c                CAN_sendMsg
 .text.CAN_readMsg
                0x0010591c      0x4dc MyDriver_CAN.o
                0x0010591c                CAN_readMsg
 .text.init_speed_reg
                0x00105df8       0x2c PID.o
                0x00105df8                init_speed_reg
 .text.ctrl_motor
                0x00105e24       0x4c PID.o
                0x00105e24                ctrl_motor
 .text.push_propDC
                0x00105e70       0xe8 PID.o
                0x00105e70                push_propDC
 .text.speed_regulation
                0x00105f58      0x298 PID.o
                0x00105f58                speed_regulation
 .text.init_CtrlStruct
                0x001061f0       0x60 CtrlStruct.o
                0x001061f0                init_CtrlStruct
 .text.init_odometry
                0x00106250      0x184 odometry.o
                0x00106250                init_odometry
 *fill*         0x001063d4        0x4 
 .text.update_odometry
                0x001063d8      0x170 odometry.o
                0x001063d8                update_odometry
 .text.init_path
                0x00106548      0x3d0 path_planning.o
                0x00106548                init_path
 .text.impose_orientation
                0x00106918       0xd0 path_planning.o
                0x00106918                impose_orientation
 .text.planning
                0x001069e8      0x438 path_planning.o
                0x001069e8                planning
 .text.Impose_translation
                0x00106e20      0x140 path_planning.o
                0x00106e20                Impose_translation
 .text.init_realposition
                0x00106f60       0x2c Real_localisation.o
                0x00106f60                init_realposition
 *fill*         0x00106f8c        0x4 
 .text.update_realposition
                0x00106f90       0x50 Real_localisation.o
                0x00106f90                update_realposition
 .text.send_packet.constprop.2
                0x00106fe0      0x1a0 Dynamixels.o
 .text.deploy_flag
                0x00107180      0x1a4 Dynamixels.o
                0x00107180                deploy_flag
 .text.reploy_flag
                0x00107324      0x1a4 Dynamixels.o
                0x00107324                reploy_flag
 .text.deploy_shovels
                0x001074c8      0x1d8 Dynamixels.o
                0x001074c8                deploy_shovels
 .text.reploy_shovels
                0x001076a0      0x1d8 Dynamixels.o
                0x001076a0                reploy_shovels
 .text.deploy_right_arm
                0x00107878      0x1cc Dynamixels.o
                0x00107878                deploy_right_arm
 .text.reploy_right_arm
                0x00107a44      0x1b8 Dynamixels.o
                0x00107a44                reploy_right_arm
 .text.deploy_left_arm
                0x00107bfc      0x1ec Dynamixels.o
                0x00107bfc                deploy_left_arm
 .text.reploy_left_arm
                0x00107de8      0x1b8 Dynamixels.o
                0x00107de8                reploy_left_arm
 .text.init_state
                0x00107fa0       0x24 strategy.o
                0x00107fa0                init_state
 *fill*         0x00107fc4        0x4 
 .text.update_state
                0x00107fc8      0x644 strategy.o
                0x00107fc8                update_state
 .text.alt_gpio_init
                0x0010860c       0x28 alt_generalpurpose_io.o
                0x0010860c                alt_gpio_init
 .text.alt_gpio_group_config
                0x00108634      0x41c alt_generalpurpose_io.o
                0x00108634                alt_gpio_group_config
 .text.TSKcreate.constprop.0
                0x00108a50       0xf0 ../../mAbassi/Platform/lib\lib_mAbassi_EVAL_GCC_AR5_CY5.a(mAbassi_EVAL_A9_GCC_2_NR.o)
 .text.Abassi   0x00108b40     0x2850 ../../mAbassi/Platform/lib\lib_mAbassi_EVAL_GCC_AR5_CY5.a(mAbassi_EVAL_A9_GCC_2_NR.o)
                0x00108b40                Abassi
 .text.TSKcreate
                0x0010b390      0x350 ../../mAbassi/Platform/lib\lib_mAbassi_EVAL_GCC_AR5_CY5.a(mAbassi_EVAL_A9_GCC_2_NR.o)
                0x0010b390                TSKcreate
 .text.OSstart  0x0010b6e0      0x17c ../../mAbassi/Platform/lib\lib_mAbassi_EVAL_GCC_AR5_CY5.a(mAbassi_EVAL_A9_GCC_2_NR.o)
                0x0010b6e0                OSstart
 .text.TSKstart
                0x0010b85c       0x60 ../../mAbassi/Platform/lib\lib_mAbassi_EVAL_GCC_AR5_CY5.a(mAbassi_EVAL_A9_GCC_2_NR.o)
                0x0010b85c                TSKstart
 .text.SEM__open
                0x0010b8bc      0x144 ../../mAbassi/Platform/lib\lib_mAbassi_EVAL_GCC_AR5_CY5.a(mAbassi_EVAL_A9_GCC_2_NR.o)
                0x0010b8bc                SEM__open
 .text.TIMtick  0x0010ba00      0x4a0 ../../mAbassi/Platform/lib\lib_mAbassi_EVAL_GCC_AR5_CY5.a(mAbassi_EVAL_A9_GCC_2_NR.o)
                0x0010ba00                TIMtick
 .text          0x0010bea0      0xb48 ../../mAbassi/Platform/lib\lib_mAbassi_EVAL_GCC_AR5_CY5.a(mAbassi_EVAL_GCC_AR5_CY5_NR.o)
                0x0010beb0                __cs3_reset_generic
                0x0010beb0                Reset_Handler
                0x0010beb0                boot
                0x0010beb0                _prestart
                0x0010c258                _exit
                0x0010c260                _sbrk_r
                0x0010c298                OStrap
                0x0010c2b0                __cs3_isr_swi
                0x0010c2b0                mySWI
                0x0010c2f8                SWI_Handler
                0x0010c2fc                OScontext
                0x0010c31c                CoreContext
                0x0010c330                OSstack
                0x0010c38c                OSintCtrl
                0x0010c3ac                OSintBack
                0x0010c3bc                OSintOff
                0x0010c3c8                OSintOn
                0x0010c3d0                OSisrInfo
                0x0010c3e0                __cs3_isr_irq
                0x0010c3e0                ISRdispatch
                0x0010c514                OSinvalidISR
                0x0010c51c                COREgetPeriph
                0x0010c524                COREgetID
                0x0010c530                GICinit
                0x0010c5d4                GICenable
                0x0010c714                COREstart1
                0x0010c720                COREstart2
                0x0010c72c                COREstart3
                0x0010c738                COREstart0
                0x0010c744                CoreIdle
                0x0010c774                COREsafeGetID
                0x0010c798                COREsendISR
                0x0010c7cc                COREwakeISR
                0x0010c7f8                COREisInISR
                0x0010c80c                COREtaskNow
                0x0010c830                COREchkRedo
                0x0010c890                CORElock
                0x0010c8c0                COREunlock
                0x0010c8d4                SPINlock
                0x0010c8e4                SPINtrylock
                0x0010c8f4                SPIN_lock
                0x0010c97c                SPINunlock
 .text          0x0010c9e8      0x798 ../../mAbassi/Platform/lib\lib_mAbassi_EVAL_GCC_AR5_CY5.a(ARMv7_SMP_L1_L2_GCC_AR5_CY5.o)
                0x0010c9e8                COREcacheON
                0x0010ce74                DCacheInvalRange
                0x0010cf88                DCacheFlushRange
                0x0010d09c                MMUlog2Phy
                0x0010d0fc                MMUphy2Log
 .text          0x0010d180       0x4c c:/intelfpga/18.1/embedded/host_tools/mentor/gnu/arm/baremetal/bin/../lib/gcc/arm-altera-eabi/6.2.0/../../../../arm-altera-eabi/lib\libcs3.a(start_c.o)
                0x0010d180                __cs3_premain
 .text          0x0010d1cc      0x148 c:/intelfpga/18.1/embedded/host_tools/mentor/gnu/arm/baremetal/bin/../lib/gcc/arm-altera-eabi/6.2.0\libgcc.a(_divsi3.o)
                0x0010d1cc                __divsi3
                0x0010d1cc                __aeabi_idiv
                0x0010d2f4                __aeabi_idivmod
 .text          0x0010d314        0x4 c:/intelfpga/18.1/embedded/host_tools/mentor/gnu/arm/baremetal/bin/../lib/gcc/arm-altera-eabi/6.2.0\libgcc.a(_dvmd_tls.o)
                0x0010d314                __aeabi_idiv0
                0x0010d314                __aeabi_ldiv0
 .text          0x0010d318       0x24 c:/intelfpga/18.1/embedded/host_tools/mentor/gnu/arm/baremetal/bin/../lib/gcc/arm-altera-eabi/6.2.0/../../../../arm-altera-eabi/lib\libc.a(lib_a-calloc.o)
                0x0010d318                calloc
 .text          0x0010d33c       0x98 c:/intelfpga/18.1/embedded/host_tools/mentor/gnu/arm/baremetal/bin/../lib/gcc/arm-altera-eabi/6.2.0/../../../../arm-altera-eabi/lib\libc.a(lib_a-callocr.o)
                0x0010d33c                _calloc_r
 .text          0x0010d3d4       0x34 c:/intelfpga/18.1/embedded/host_tools/mentor/gnu/arm/baremetal/bin/../lib/gcc/arm-altera-eabi/6.2.0/../../../../arm-altera-eabi/lib\libc.a(lib_a-exit.o)
                0x0010d3d4                exit
 .text          0x0010d408       0x10 c:/intelfpga/18.1/embedded/host_tools/mentor/gnu/arm/baremetal/bin/../lib/gcc/arm-altera-eabi/6.2.0/../../../../arm-altera-eabi/lib\libc.a(lib_a-getreent.o)
                0x0010d408                __getreent
 .text          0x0010d418       0x80 c:/intelfpga/18.1/embedded/host_tools/mentor/gnu/arm/baremetal/bin/../lib/gcc/arm-altera-eabi/6.2.0/../../../../arm-altera-eabi/lib\libc.a(lib_a-init.o)
                0x0010d418                __libc_init_array
 .text          0x0010d498       0x38 c:/intelfpga/18.1/embedded/host_tools/mentor/gnu/arm/baremetal/bin/../lib/gcc/arm-altera-eabi/6.2.0/../../../../arm-altera-eabi/lib\libc.a(lib_a-malloc.o)
                0x0010d498                malloc
                0x0010d4b4                free
 .text          0x0010d4d0      0x750 c:/intelfpga/18.1/embedded/host_tools/mentor/gnu/arm/baremetal/bin/../lib/gcc/arm-altera-eabi/6.2.0/../../../../arm-altera-eabi/lib\libc.a(lib_a-mallocr.o)
                0x0010d4d0                _malloc_r
 .text          0x0010dc20      0x114 c:/intelfpga/18.1/embedded/host_tools/mentor/gnu/arm/baremetal/bin/../lib/gcc/arm-altera-eabi/6.2.0/../../../../arm-altera-eabi/lib\libc.a(lib_a-memcpy-stub.o)
                0x0010dc20                memcpy
 .text          0x0010dd34      0x148 c:/intelfpga/18.1/embedded/host_tools/mentor/gnu/arm/baremetal/bin/../lib/gcc/arm-altera-eabi/6.2.0/../../../../arm-altera-eabi/lib\libc.a(lib_a-memmove.o)
                0x0010dd34                memmove
 .text          0x0010de7c      0x114 c:/intelfpga/18.1/embedded/host_tools/mentor/gnu/arm/baremetal/bin/../lib/gcc/arm-altera-eabi/6.2.0/../../../../arm-altera-eabi/lib\libc.a(lib_a-memset.o)
                0x0010de7c                memset
 .text          0x0010df90       0x30 c:/intelfpga/18.1/embedded/host_tools/mentor/gnu/arm/baremetal/bin/../lib/gcc/arm-altera-eabi/6.2.0/../../../../arm-altera-eabi/lib\libc.a(lib_a-mlock.o)
                0x0010df90                __malloc_lock
                0x0010dfa8                __malloc_unlock
 .text.startup  0x0010dfc0       0x18 c:/intelfpga/18.1/embedded/host_tools/mentor/gnu/arm/baremetal/bin/../lib/gcc/arm-altera-eabi/6.2.0/../../../../arm-altera-eabi/lib\libc.a(lib_a-mlock.o)
 .text          0x0010dfd8       0x6c c:/intelfpga/18.1/embedded/host_tools/mentor/gnu/arm/baremetal/bin/../lib/gcc/arm-altera-eabi/6.2.0/../../../../arm-altera-eabi/lib\libc.a(lib_a-printf.o)
                0x0010dfd8                _printf_r
                0x0010e00c                printf
 .text          0x0010e044       0x34 c:/intelfpga/18.1/embedded/host_tools/mentor/gnu/arm/baremetal/bin/../lib/gcc/arm-altera-eabi/6.2.0/../../../../arm-altera-eabi/lib\libc.a(lib_a-putchar.o)
                0x0010e044                _putchar_r
                0x0010e058                putchar
 .text          0x0010e078      0x12c c:/intelfpga/18.1/embedded/host_tools/mentor/gnu/arm/baremetal/bin/../lib/gcc/arm-altera-eabi/6.2.0/../../../../arm-altera-eabi/lib\libc.a(lib_a-puts.o)
                0x0010e078                _puts_r
                0x0010e18c                puts
 .text          0x0010e1a4      0x258 c:/intelfpga/18.1/embedded/host_tools/mentor/gnu/arm/baremetal/bin/../lib/gcc/arm-altera-eabi/6.2.0/../../../../arm-altera-eabi/lib\libc.a(lib_a-setvbuf.o)
                0x0010e1a4                setvbuf
 .text          0x0010e3fc      0x224 c:/intelfpga/18.1/embedded/host_tools/mentor/gnu/arm/baremetal/bin/../lib/gcc/arm-altera-eabi/6.2.0/../../../../arm-altera-eabi/lib\libc.a(lib_a-strcmp.o)
                0x0010e3fc                strcmp
 .text          0x0010e620       0xf0 c:/intelfpga/18.1/embedded/host_tools/mentor/gnu/arm/baremetal/bin/../lib/gcc/arm-altera-eabi/6.2.0/../../../../arm-altera-eabi/lib\libc.a(lib_a-strcpy.o)
                0x0010e620                strcpy
 .text          0x0010e710       0x60 c:/intelfpga/18.1/embedded/host_tools/mentor/gnu/arm/baremetal/bin/../lib/gcc/arm-altera-eabi/6.2.0/../../../../arm-altera-eabi/lib\libc.a(lib_a-strlen-stub.o)
                0x0010e710                strlen
 .text          0x0010e770     0x22ec c:/intelfpga/18.1/embedded/host_tools/mentor/gnu/arm/baremetal/bin/../lib/gcc/arm-altera-eabi/6.2.0/../../../../arm-altera-eabi/lib\libc.a(lib_a-vfprintf.o)
                0x0010e770                _vfprintf_r
                0x00110964                vfprintf
 .text          0x00110a5c      0x158 c:/intelfpga/18.1/embedded/host_tools/mentor/gnu/arm/baremetal/bin/../lib/gcc/arm-altera-eabi/6.2.0/../../../../arm-altera-eabi/lib\libc.a(lib_a-wsetup.o)
                0x00110a5c                __swsetup_r
 .text          0x00110bb4      0x184 c:/intelfpga/18.1/embedded/host_tools/mentor/gnu/arm/baremetal/bin/../lib/gcc/arm-altera-eabi/6.2.0/../../../../arm-altera-eabi/lib\libc.a(lib_a-__call_atexit.o)
                0x00110bb4                __call_exitprocs
 .text.startup  0x00110d38       0x40 c:/intelfpga/18.1/embedded/host_tools/mentor/gnu/arm/baremetal/bin/../lib/gcc/arm-altera-eabi/6.2.0/../../../../arm-altera-eabi/lib\libc.a(lib_a-__call_atexit.o)
 .text          0x00110d78       0x20 c:/intelfpga/18.1/embedded/host_tools/mentor/gnu/arm/baremetal/bin/../lib/gcc/arm-altera-eabi/6.2.0/../../../../arm-altera-eabi/lib\libc.a(lib_a-atexit.o)
                0x00110d78                atexit
 .text          0x00110d98     0x181c c:/intelfpga/18.1/embedded/host_tools/mentor/gnu/arm/baremetal/bin/../lib/gcc/arm-altera-eabi/6.2.0/../../../../arm-altera-eabi/lib\libc.a(lib_a-dtoa.o)
                0x00110f78                _dtoa_r
 .text          0x001125b4      0x314 c:/intelfpga/18.1/embedded/host_tools/mentor/gnu/arm/baremetal/bin/../lib/gcc/arm-altera-eabi/6.2.0/../../../../arm-altera-eabi/lib\libc.a(lib_a-fflush.o)
                0x001125b4                __sflush_r
                0x001127f0                _fflush_r
                0x0011288c                fflush
 .text          0x001128c8      0x3e4 c:/intelfpga/18.1/embedded/host_tools/mentor/gnu/arm/baremetal/bin/../lib/gcc/arm-altera-eabi/6.2.0/../../../../arm-altera-eabi/lib\libc.a(lib_a-findfp.o)
                0x001128c8                _cleanup_r
                0x001129d4                __sfmoreglue
                0x00112a24                _cleanup
                0x00112a48                __sinit
                0x00112adc                __sfp
                0x00112bfc                __sfp_lock_acquire
                0x00112c14                __sfp_lock_release
                0x00112c2c                __sinit_lock_acquire
                0x00112c44                __sinit_lock_release
                0x00112c5c                __fp_lock_all
                0x00112c84                __fp_unlock_all
 .text.startup  0x00112cac       0x30 c:/intelfpga/18.1/embedded/host_tools/mentor/gnu/arm/baremetal/bin/../lib/gcc/arm-altera-eabi/6.2.0/../../../../arm-altera-eabi/lib\libc.a(lib_a-findfp.o)
 .text          0x00112cdc       0x48 c:/intelfpga/18.1/embedded/host_tools/mentor/gnu/arm/baremetal/bin/../lib/gcc/arm-altera-eabi/6.2.0/../../../../arm-altera-eabi/lib\libc.a(lib_a-fini.o)
                0x00112cdc                __libc_fini_array
 .text          0x00112d24      0x3e0 c:/intelfpga/18.1/embedded/host_tools/mentor/gnu/arm/baremetal/bin/../lib/gcc/arm-altera-eabi/6.2.0/../../../../arm-altera-eabi/lib\libc.a(lib_a-freer.o)
                0x00112d24                _malloc_trim_r
                0x00112e24                _free_r
 .text          0x00113104      0x4dc c:/intelfpga/18.1/embedded/host_tools/mentor/gnu/arm/baremetal/bin/../lib/gcc/arm-altera-eabi/6.2.0/../../../../arm-altera-eabi/lib\libc.a(lib_a-fvwrite.o)
                0x00113104                __sfvwrite_r
 .text          0x001135e0      0x110 c:/intelfpga/18.1/embedded/host_tools/mentor/gnu/arm/baremetal/bin/../lib/gcc/arm-altera-eabi/6.2.0/../../../../arm-altera-eabi/lib\libc.a(lib_a-fwalk.o)
                0x001135e0                _fwalk
                0x00113664                _fwalk_reent
 .text          0x001136f0       0x58 c:/intelfpga/18.1/embedded/host_tools/mentor/gnu/arm/baremetal/bin/../lib/gcc/arm-altera-eabi/6.2.0/../../../../arm-altera-eabi/lib\libc.a(lib_a-localeconv.o)
                0x001136f0                __localeconv_l
                0x001136f8                _localeconv_r
                0x00113720                localeconv
 .text          0x00113748      0x18c c:/intelfpga/18.1/embedded/host_tools/mentor/gnu/arm/baremetal/bin/../lib/gcc/arm-altera-eabi/6.2.0/../../../../arm-altera-eabi/lib\libc.a(lib_a-makebuf.o)
                0x00113748                __swhatbuf_r
                0x001137e8                __smakebuf_r
 .text          0x001138d4      0x110 c:/intelfpga/18.1/embedded/host_tools/mentor/gnu/arm/baremetal/bin/../lib/gcc/arm-altera-eabi/6.2.0/../../../../arm-altera-eabi/lib\libc.a(lib_a-memchr-stub.o)
                0x001138d4                memchr
 .text          0x001139e4      0xd98 c:/intelfpga/18.1/embedded/host_tools/mentor/gnu/arm/baremetal/bin/../lib/gcc/arm-altera-eabi/6.2.0/../../../../arm-altera-eabi/lib\libc.a(lib_a-mprec.o)
                0x001139e4                _Balloc
                0x00113a70                _Bfree
                0x00113a8c                __multadd
                0x00113b68                __s2b
                0x00113c58                __hi0bits
                0x00113cb0                __lo0bits
                0x00113d50                __i2b
                0x00113d74                __multiply
                0x00113f44                __pow5mult
                0x00114048                __lshift
                0x00114130                __mcmp
                0x00114190                __mdiff
                0x00114338                __ulp
                0x001143a0                __b2d
                0x0011448c                __d2b
                0x0011459c                __ratio
                0x0011462c                _mprec_log10
                0x0011468c                __copybits
                0x001146fc                __any_on
 .text          0x0011477c      0x1bc c:/intelfpga/18.1/embedded/host_tools/mentor/gnu/arm/baremetal/bin/../lib/gcc/arm-altera-eabi/6.2.0/../../../../arm-altera-eabi/lib\libc.a(lib_a-putc.o)
                0x0011477c                _putc_r
                0x00114858                putc
 .text          0x00114938      0x4d4 c:/intelfpga/18.1/embedded/host_tools/mentor/gnu/arm/baremetal/bin/../lib/gcc/arm-altera-eabi/6.2.0/../../../../arm-altera-eabi/lib\libc.a(lib_a-reallocr.o)
                0x00114938                _realloc_r
 .text          0x00114e0c       0xd8 c:/intelfpga/18.1/embedded/host_tools/mentor/gnu/arm/baremetal/bin/../lib/gcc/arm-altera-eabi/6.2.0/../../../../arm-altera-eabi/lib\libc.a(lib_a-stdio.o)
                0x00114e0c                __sread
                0x00114e40                __seofread
                0x00114e48                __swrite
                0x00114ea0                __sseek
                0x00114ed0                __sclose
 .text          0x00114ee4     0x14c4 c:/intelfpga/18.1/embedded/host_tools/mentor/gnu/arm/baremetal/bin/../lib/gcc/arm-altera-eabi/6.2.0/../../../../arm-altera-eabi/lib\libc.a(lib_a-vfiprintf.o)
                0x00114f94                __sprint_r
                0x00114fac                _vfiprintf_r
                0x001162b0                vfiprintf
 .text          0x001163a8      0x154 c:/intelfpga/18.1/embedded/host_tools/mentor/gnu/arm/baremetal/bin/../lib/gcc/arm-altera-eabi/6.2.0/../../../../arm-altera-eabi/lib\libc.a(lib_a-wbuf.o)
                0x001163a8                __swbuf_r
                0x001164dc                __swbuf
 .text          0x001164fc       0xfc c:/intelfpga/18.1/embedded/host_tools/mentor/gnu/arm/baremetal/bin/../lib/gcc/arm-altera-eabi/6.2.0/../../../../arm-altera-eabi/lib\libc.a(lib_a-__atexit.o)
                0x001164fc                __register_exitproc
 .text          0x001165f8      0x180 c:/intelfpga/18.1/embedded/host_tools/mentor/gnu/arm/baremetal/bin/../lib/gcc/arm-altera-eabi/6.2.0/../../../../arm-altera-eabi/lib\libc.a(lib_a-fclose.o)
                0x001165f8                _fclose_r
                0x00116760                fclose
 .text          0x00116778      0x204 c:/intelfpga/18.1/embedded/host_tools/mentor/gnu/arm/baremetal/bin/../lib/gcc/arm-altera-eabi/6.2.0/../../../../arm-altera-eabi/lib\libc.a(lib_a-fputwc.o)
                0x00116778                __fputwc
                0x00116888                _fputwc_r
                0x00116944                fputwc
 .text          0x0011697c       0xf4 c:/intelfpga/18.1/embedded/host_tools/mentor/gnu/arm/baremetal/bin/../lib/gcc/arm-altera-eabi/6.2.0/../../../../arm-altera-eabi/lib\libc.a(lib_a-locale.o)
                0x001169a0                _setlocale_r
                0x00116a08                __locale_mb_cur_max
                0x00116a30                __locale_ctype_ptr_l
                0x00116a38                __locale_ctype_ptr
                0x00116a50                setlocale
 .text          0x00116a70       0xa0 c:/intelfpga/18.1/embedded/host_tools/mentor/gnu/arm/baremetal/bin/../lib/gcc/arm-altera-eabi/6.2.0/../../../../arm-altera-eabi/lib\libc.a(lib_a-mbtowc_r.o)
                0x00116a70                _mbtowc_r
                0x00116ac4                __ascii_mbtowc
 .text          0x00116b10      0x150 c:/intelfpga/18.1/embedded/host_tools/mentor/gnu/arm/baremetal/bin/../lib/gcc/arm-altera-eabi/6.2.0/../../../../arm-altera-eabi/lib\libc.a(lib_a-wcrtomb.o)
                0x00116b10                _wcrtomb_r
                0x00116bb4                wcrtomb
 .text          0x00116c60       0x74 c:/intelfpga/18.1/embedded/host_tools/mentor/gnu/arm/baremetal/bin/../lib/gcc/arm-altera-eabi/6.2.0/../../../../arm-altera-eabi/lib\libc.a(lib_a-wctomb_r.o)
                0x00116c60                _wctomb_r
                0x00116cac                __ascii_wctomb
 *fill*         0x00116cd4        0x4 
 .text          0x00116cd8      0x4a8 c:/intelfpga/18.1/embedded/host_tools/mentor/gnu/arm/baremetal/bin/../lib/gcc/arm-altera-eabi/6.2.0/../../../../arm-altera-eabi/lib\libm.a(lib_a-s_atan.o)
                0x00116cd8                atan
 .text          0x00117180       0xfc c:/intelfpga/18.1/embedded/host_tools/mentor/gnu/arm/baremetal/bin/../lib/gcc/arm-altera-eabi/6.2.0/../../../../arm-altera-eabi/lib\libm.a(lib_a-s_cos.o)
                0x00117180                cos
 .text          0x0011727c        0x8 c:/intelfpga/18.1/embedded/host_tools/mentor/gnu/arm/baremetal/bin/../lib/gcc/arm-altera-eabi/6.2.0/../../../../arm-altera-eabi/lib\libm.a(lib_a-s_fabs.o)
                0x0011727c                fabs
 .text          0x00117284      0x100 c:/intelfpga/18.1/embedded/host_tools/mentor/gnu/arm/baremetal/bin/../lib/gcc/arm-altera-eabi/6.2.0/../../../../arm-altera-eabi/lib\libm.a(lib_a-s_sin.o)
                0x00117284                sin
 .text          0x00117384       0x10 c:/intelfpga/18.1/embedded/host_tools/mentor/gnu/arm/baremetal/bin/../lib/gcc/arm-altera-eabi/6.2.0/../../../../arm-altera-eabi/lib\libm.a(lib_a-w_atan2.o)
                0x00117384                atan2
 .text          0x00117394      0x138 c:/intelfpga/18.1/embedded/host_tools/mentor/gnu/arm/baremetal/bin/../lib/gcc/arm-altera-eabi/6.2.0/../../../../arm-altera-eabi/lib\libm.a(lib_a-w_sqrt.o)
                0x00117394                sqrt
 *fill*         0x001174cc        0x4 
 .text          0x001174d0      0x28c c:/intelfpga/18.1/embedded/host_tools/mentor/gnu/arm/baremetal/bin/../lib/gcc/arm-altera-eabi/6.2.0/../../../../arm-altera-eabi/lib\libm.a(lib_a-e_atan2.o)
                0x001174d0                __ieee754_atan2
 *fill*         0x0011775c        0x4 
 .text          0x00117760      0x664 c:/intelfpga/18.1/embedded/host_tools/mentor/gnu/arm/baremetal/bin/../lib/gcc/arm-altera-eabi/6.2.0/../../../../arm-altera-eabi/lib\libm.a(lib_a-e_rem_pio2.o)
                0x00117760                __ieee754_rem_pio2
 .text          0x00117dc4      0x230 c:/intelfpga/18.1/embedded/host_tools/mentor/gnu/arm/baremetal/bin/../lib/gcc/arm-altera-eabi/6.2.0/../../../../arm-altera-eabi/lib\libm.a(lib_a-e_sqrt.o)
                0x00117dc4                __ieee754_sqrt
 *fill*         0x00117ff4        0x4 
 .text          0x00117ff8      0x350 c:/intelfpga/18.1/embedded/host_tools/mentor/gnu/arm/baremetal/bin/../lib/gcc/arm-altera-eabi/6.2.0/../../../../arm-altera-eabi/lib\libm.a(lib_a-k_cos.o)
                0x00117ff8                __kernel_cos
 .text          0x00118348      0xcb8 c:/intelfpga/18.1/embedded/host_tools/mentor/gnu/arm/baremetal/bin/../lib/gcc/arm-altera-eabi/6.2.0/../../../../arm-altera-eabi/lib\libm.a(lib_a-k_rem_pio2.o)
                0x00118348                __kernel_rem_pio2
 .text          0x00119000      0x20c c:/intelfpga/18.1/embedded/host_tools/mentor/gnu/arm/baremetal/bin/../lib/gcc/arm-altera-eabi/6.2.0/../../../../arm-altera-eabi/lib\libm.a(lib_a-k_sin.o)
                0x00119000                __kernel_sin
 *fill*         0x0011920c        0x4 
 .text          0x00119210      0x19c c:/intelfpga/18.1/embedded/host_tools/mentor/gnu/arm/baremetal/bin/../lib/gcc/arm-altera-eabi/6.2.0/../../../../arm-altera-eabi/lib\libm.a(lib_a-s_floor.o)
                0x00119210                floor
 .text          0x001193ac        0x8 c:/intelfpga/18.1/embedded/host_tools/mentor/gnu/arm/baremetal/bin/../lib/gcc/arm-altera-eabi/6.2.0/../../../../arm-altera-eabi/lib\libm.a(lib_a-s_matherr.o)
                0x001193ac                matherr
 *fill*         0x001193b4        0x4 
 .text          0x001193b8      0x178 c:/intelfpga/18.1/embedded/host_tools/mentor/gnu/arm/baremetal/bin/../lib/gcc/arm-altera-eabi/6.2.0/../../../../arm-altera-eabi/lib\libm.a(lib_a-s_scalbn.o)
                0x001193b8                scalbn
 .text          0x00119530       0x10 c:/intelfpga/18.1/embedded/host_tools/mentor/gnu/arm/baremetal/bin/../lib/gcc/arm-altera-eabi/6.2.0/../../../../arm-altera-eabi/lib\libm.a(lib_a-s_copysign.o)
                0x00119530                copysign
 .text          0x00119540      0x114 c:/intelfpga/18.1/embedded/host_tools/mentor/gnu/arm/baremetal/bin/../lib/gcc/arm-altera-eabi/6.2.0\libgcc.a(_udivsi3.o)
                0x00119540                __aeabi_uidiv
                0x00119540                __udivsi3
                0x00119634                __aeabi_uidivmod
 .text          0x00119654      0x41c c:/intelfpga/18.1/embedded/host_tools/mentor/gnu/arm/baremetal/bin/../lib/gcc/arm-altera-eabi/6.2.0\libgcc.a(_arm_addsubdf3.o)
                0x00119654                __aeabi_drsub
                0x0011965c                __aeabi_dsub
                0x0011965c                __subdf3
                0x00119660                __aeabi_dadd
                0x00119660                __adddf3
                0x00119970                __floatunsidf
                0x00119970                __aeabi_ui2d
                0x00119994                __floatsidf
                0x00119994                __aeabi_i2d
                0x001199bc                __aeabi_f2d
                0x001199bc                __extendsfdf2
                0x001199fc                __floatundidf
                0x001199fc                __aeabi_ul2d
                0x00119a10                __floatdidf
                0x00119a10                __aeabi_l2d
 .text          0x00119a70      0x49c c:/intelfpga/18.1/embedded/host_tools/mentor/gnu/arm/baremetal/bin/../lib/gcc/arm-altera-eabi/6.2.0\libgcc.a(_arm_muldivdf3.o)
                0x00119a70                __aeabi_dmul
                0x00119a70                __muldf3
                0x00119d00                __divdf3
                0x00119d00                __aeabi_ddiv
 .text          0x00119f0c      0x144 c:/intelfpga/18.1/embedded/host_tools/mentor/gnu/arm/baremetal/bin/../lib/gcc/arm-altera-eabi/6.2.0\libgcc.a(_arm_cmpdf2.o)
                0x00119f0c                __gtdf2
                0x00119f0c                __gedf2
                0x00119f14                __ltdf2
                0x00119f14                __ledf2
                0x00119f1c                __nedf2
                0x00119f1c                __eqdf2
                0x00119f1c                __cmpdf2
                0x00119fa4                __aeabi_cdrcmple
                0x00119fc0                __aeabi_cdcmpeq
                0x00119fc0                __aeabi_cdcmple
                0x00119fd8                __aeabi_dcmpeq
                0x00119ff0                __aeabi_dcmplt
                0x0011a008                __aeabi_dcmple
                0x0011a020                __aeabi_dcmpge
                0x0011a038                __aeabi_dcmpgt
 .text          0x0011a050       0x38 c:/intelfpga/18.1/embedded/host_tools/mentor/gnu/arm/baremetal/bin/../lib/gcc/arm-altera-eabi/6.2.0\libgcc.a(_arm_unorddf2.o)
                0x0011a050                __unorddf2
                0x0011a050                __aeabi_dcmpun
 .text          0x0011a088       0x5c c:/intelfpga/18.1/embedded/host_tools/mentor/gnu/arm/baremetal/bin/../lib/gcc/arm-altera-eabi/6.2.0\libgcc.a(_arm_fixdfsi.o)
                0x0011a088                __aeabi_d2iz
                0x0011a088                __fixdfsi
 .text          0x0011a0e4       0x3c c:/intelfpga/18.1/embedded/host_tools/mentor/gnu/arm/baremetal/bin/../lib/gcc/arm-altera-eabi/6.2.0\libgcc.a(_aeabi_uldivmod.o)
                0x0011a0e4                __aeabi_uldivmod
 .text          0x0011a120      0x12c c:/intelfpga/18.1/embedded/host_tools/mentor/gnu/arm/baremetal/bin/../lib/gcc/arm-altera-eabi/6.2.0\libgcc.a(_udivmoddi4.o)
                0x0011a120                __udivmoddi4
 .text          0x0011a24c       0x58 c:/intelfpga/18.1/embedded/host_tools/mentor/gnu/arm/baremetal/bin/../lib/gcc/arm-altera-eabi/6.2.0\libgcc.a(gthr-generic.o)
                0x0011a24c                __generic_gxx_active_p
                0x0011a254                __generic_gxx_key_create
                0x0011a25c                __generic_gxx_once
                0x0011a260                __generic_gxx_key_delete
                0x0011a268                __generic_gxx_getspecific
                0x0011a270                __generic_gxx_setspecific
                0x0011a278                __generic_gxx_recursive_mutex_init_function
                0x0011a27c                __generic_gxx_mutex_init_function
                0x0011a280                __generic_gxx_recursive_mutex_destroy
                0x0011a288                __generic_gxx_recursive_mutex_unlock
                0x0011a28c                __generic_gxx_recursive_mutex_trylock
                0x0011a290                __generic_gxx_recursive_mutex_lock
                0x0011a294                __generic_gxx_mutex_unlock
                0x0011a298                __generic_gxx_mutex_trylock
                0x0011a29c                __generic_gxx_mutex_lock
                0x0011a2a0                __generic_gxx_mutex_destroy
 .text          0x0011a2a4       0x28 c:/intelfpga/18.1/embedded/host_tools/mentor/gnu/arm/baremetal/bin/../lib/gcc/arm-altera-eabi/6.2.0\libgcc.a(_clzdi2.o)
                0x0011a2a4                __clzdi2
 .text          0x0011a2cc       0x48 c:/intelfpga/18.1/embedded/host_tools/mentor/gnu/arm/baremetal/bin/../lib/gcc/arm-altera-eabi/6.2.0\libgcc.a(_clzsi2.o)
                0x0011a2cc                __clzsi2
 .text          0x0011a314       0x10 c:/intelfpga/18.1/embedded/host_tools/mentor/gnu/arm/baremetal/bin/../lib/gcc/arm-altera-eabi/6.2.0/../../../../arm-altera-eabi/lib\libc.a(lib_a-errno.o)
                0x0011a314                __errno
 *(.plt)
 *(.gnu.warning)
 *(.glue_7t)
 .glue_7t       0x0011a324        0x0 linker stubs
 *(.glue_7)
 .glue_7        0x0011a324        0x0 linker stubs
 *(.vfp11_veneer)
 .vfp11_veneer  0x0011a324        0x0 linker stubs
 *(.ARM.extab* .gnu.linkonce.armextab.*)
 *(.gcc_except_table)

.v4_bx          0x0011a324        0x0
 .v4_bx         0x0011a324        0x0 linker stubs

.iplt           0x0011a324        0x0
 .iplt          0x0011a324        0x0 c:/intelfpga/18.1/embedded/host_tools/mentor/gnu/arm/baremetal/bin/../lib/gcc/arm-altera-eabi/6.2.0/crtbegin.o

.eh_frame_hdr
 *(.eh_frame_hdr)
 *(.eh_frame_entry .eh_frame_entry.*)

.eh_frame       0x0011a324        0x4
 *(.eh_frame)
 .eh_frame      0x0011a324        0x0 c:/intelfpga/18.1/embedded/host_tools/mentor/gnu/arm/baremetal/bin/../lib/gcc/arm-altera-eabi/6.2.0/crtbegin.o
 .eh_frame      0x0011a324        0x4 c:/intelfpga/18.1/embedded/host_tools/mentor/gnu/arm/baremetal/bin/../lib/gcc/arm-altera-eabi/6.2.0/crtend.o
 *(.eh_frame.*)
                [!provide]                PROVIDE (__exidx_start, .)

.ARM.exidx      0x0011a328        0x8
 *(.ARM.exidx* .gnu.linkonce.armexidx.*)
 .ARM.exidx     0x0011a328        0x8 c:/intelfpga/18.1/embedded/host_tools/mentor/gnu/arm/baremetal/bin/../lib/gcc/arm-altera-eabi/6.2.0\libgcc.a(_udivmoddi4.o)
                [!provide]                PROVIDE (__exidx_end, .)

.rel.dyn        0x0011a330        0x0
 .rel.iplt      0x0011a330        0x0 c:/intelfpga/18.1/embedded/host_tools/mentor/gnu/arm/baremetal/bin/../lib/gcc/arm-altera-eabi/6.2.0/crtbegin.o

.rodata         0x0011a330      0x8f0
 *(.rodata .rodata.* .gnu.linkonce.r.*)
 .rodata.main.str1.4
                0x0011a330        0xb Main_mAbassi.o
 *fill*         0x0011a33b        0x1 
 .rodata        0x0011a33c        0xc MyApp_Tutorial.o
 .rodata.CAN_initial.str1.4
                0x0011a348       0x29 MyApp_Tutorial.o
 *fill*         0x0011a371        0x3 
 .rodata.button_CallbackInterrupt.str1.4
                0x0011a374        0xc MyApp_Tutorial.o
 .rodata.setup_hps_gpio.str1.4
                0x0011a380       0x31 MyApp_Tutorial.o
 *fill*         0x0011a3b1        0x3 
 .rodata.spi_CallbackInterrupt.str1.4
                0x0011a3b4       0x2a MyApp_Tutorial.o
 *fill*         0x0011a3de        0x2 
 .rodata.BSecho.7309
                0x0011a3e0        0x2 dw_uart.o
 *fill*         0x0011a3e2        0x6 
 .rodata.g_DevReMap
                0x0011a3e8        0x8 dw_uart.o
 .rodata.g_HWaddr
                0x0011a3f0        0x8 dw_uart.o
 .rodata.g_Names
                0x0011a3f8       0x40 dw_uart.o
 .rodata.g_DevReMap
                0x0011a438       0x10 dw_i2c.o
 .rodata.g_HWaddr
                0x0011a448       0x10 dw_i2c.o
 .rodata.g_MuxIO
                0x0011a458       0xc0 dw_i2c.o
 .rodata.g_Names
                0x0011a518       0x40 dw_i2c.o
 .rodata.g_DevReMap
                0x0011a558       0x10 dw_spi.o
 .rodata.g_HWaddr
                0x0011a568       0x10 dw_spi.o
 .rodata.g_IsMaster
                0x0011a578        0x4 dw_spi.o
 *fill*         0x0011a57c        0x4 
 .rodata.g_Names
                0x0011a580       0x40 dw_spi.o
 .rodata.CAN_writeCommand.str1.4
                0x0011a5c0       0x16 MyDriver_CAN.o
                                 0x31 (size before relaxing)
 *fill*         0x0011a5d6        0x2 
 .rodata.init_odometry.str1.4
                0x0011a5d8       0x3c odometry.o
 .rodata.send_packet.constprop.2.str1.4
                0x0011a614       0x30 Dynamixels.o
 .rodata.G_ABORTstackSize
                0x0011a644        0x4 mAbassiCfgA9.o
                0x0011a644                G_ABORTstackSize
 .rodata.G_FIQstackSize
                0x0011a648        0x4 mAbassiCfgA9.o
                0x0011a648                G_FIQstackSize
 .rodata.G_IRQstackSize
                0x0011a64c        0x4 mAbassiCfgA9.o
                0x0011a64c                G_IRQstackSize
 .rodata.G_MMUnonCachedTbl
                0x0011a650        0xc mAbassiCfgA9.o
                0x0011a650                G_MMUnonCachedTbl
 *fill*         0x0011a65c        0x4 
 .rodata.G_MMUnonCprivTbl
                0x0011a660       0x10 mAbassiCfgA9.o
                0x0011a660                G_MMUnonCprivTbl
 .rodata.G_MMUprivateTbl
                0x0011a670       0x10 mAbassiCfgA9.o
                0x0011a670                G_MMUprivateTbl
 .rodata.G_MMUsharedTbl
                0x0011a680        0xc mAbassiCfgA9.o
                0x0011a680                G_MMUsharedTbl
 .rodata.G_SUPERstackSize
                0x0011a68c        0x4 mAbassiCfgA9.o
                0x0011a68c                G_SUPERstackSize
 .rodata.G_UNDEFstackSize
                0x0011a690        0x4 mAbassiCfgA9.o
                0x0011a690                G_UNDEFstackSize
 *fill*         0x0011a694        0x4 
 .rodata.G_OSnoName
                0x0011a698        0x4 ../../mAbassi/Platform/lib\lib_mAbassi_EVAL_GCC_AR5_CY5.a(mAbassi_EVAL_A9_GCC_2_NR.o)
                0x0011a698                G_OSnoName
 *fill*         0x0011a69c        0x4 
 .rodata.G_OSprivName
                0x0011a6a0        0x5 ../../mAbassi/Platform/lib\lib_mAbassi_EVAL_GCC_AR5_CY5.a(mAbassi_EVAL_A9_GCC_2_NR.o)
                0x0011a6a0                G_OSprivName
 *fill*         0x0011a6a5        0x3 
 .rodata.OSstart.str1.4
                0x0011a6a8       0x14 ../../mAbassi/Platform/lib\lib_mAbassi_EVAL_GCC_AR5_CY5.a(mAbassi_EVAL_A9_GCC_2_NR.o)
 *fill*         0x0011a6bc        0x4 
 .rodata.g_OSMutexName
                0x0011a6c0        0x6 ../../mAbassi/Platform/lib\lib_mAbassi_EVAL_GCC_AR5_CY5.a(mAbassi_EVAL_A9_GCC_2_NR.o)
                0x0011a6c0                g_OSMutexName
 *fill*         0x0011a6c6        0x2 
 .rodata        0x0011a6c8        0x4 c:/intelfpga/18.1/embedded/host_tools/mentor/gnu/arm/baremetal/bin/../lib/gcc/arm-altera-eabi/6.2.0/../../../../arm-altera-eabi/lib\libc.a(lib_a-impure.o)
                0x0011a6c8                _global_impure_ptr
 .rodata.str1.4
                0x0011a6cc       0x14 c:/intelfpga/18.1/embedded/host_tools/mentor/gnu/arm/baremetal/bin/../lib/gcc/arm-altera-eabi/6.2.0/../../../../arm-altera-eabi/lib\libc.a(lib_a-puts.o)
                                  0x2 (size before relaxing)
 .rodata        0x0011a6cc       0x20 c:/intelfpga/18.1/embedded/host_tools/mentor/gnu/arm/baremetal/bin/../lib/gcc/arm-altera-eabi/6.2.0/../../../../arm-altera-eabi/lib\libc.a(lib_a-vfprintf.o)
 .rodata.str1.4
                0x0011a6ec       0x42 c:/intelfpga/18.1/embedded/host_tools/mentor/gnu/arm/baremetal/bin/../lib/gcc/arm-altera-eabi/6.2.0/../../../../arm-altera-eabi/lib\libc.a(lib_a-vfprintf.o)
 *fill*         0x0011a72e        0x2 
 .rodata.str1.4
                0x0011a730       0x10 c:/intelfpga/18.1/embedded/host_tools/mentor/gnu/arm/baremetal/bin/../lib/gcc/arm-altera-eabi/6.2.0/../../../../arm-altera-eabi/lib\libc.a(lib_a-dtoa.o)
                                 0x12 (size before relaxing)
 .rodata        0x0011a740      0x128 c:/intelfpga/18.1/embedded/host_tools/mentor/gnu/arm/baremetal/bin/../lib/gcc/arm-altera-eabi/6.2.0/../../../../arm-altera-eabi/lib\libc.a(lib_a-mprec.o)
                0x0011a750                __mprec_tens
                0x0011a818                __mprec_tinytens
                0x0011a840                __mprec_bigtens
 .rodata        0x0011a868       0x20 c:/intelfpga/18.1/embedded/host_tools/mentor/gnu/arm/baremetal/bin/../lib/gcc/arm-altera-eabi/6.2.0/../../../../arm-altera-eabi/lib\libc.a(lib_a-vfiprintf.o)
 .rodata.str1.4
                0x0011a888       0x2f c:/intelfpga/18.1/embedded/host_tools/mentor/gnu/arm/baremetal/bin/../lib/gcc/arm-altera-eabi/6.2.0/../../../../arm-altera-eabi/lib\libc.a(lib_a-vfiprintf.o)
 .rodata.str1.4
                0x0011a888        0xe c:/intelfpga/18.1/embedded/host_tools/mentor/gnu/arm/baremetal/bin/../lib/gcc/arm-altera-eabi/6.2.0/../../../../arm-altera-eabi/lib\libc.a(lib_a-locale.o)
                                 0x12 (size before relaxing)
 *fill*         0x0011a896        0x2 
 .rodata        0x0011a898      0x101 c:/intelfpga/18.1/embedded/host_tools/mentor/gnu/arm/baremetal/bin/../lib/gcc/arm-altera-eabi/6.2.0/../../../../arm-altera-eabi/lib\libc.a(lib_a-ctype_.o)
                0x0011a898                _ctype_
 *fill*         0x0011a999        0x7 
 .rodata        0x0011a9a0       0x40 c:/intelfpga/18.1/embedded/host_tools/mentor/gnu/arm/baremetal/bin/../lib/gcc/arm-altera-eabi/6.2.0/../../../../arm-altera-eabi/lib\libm.a(lib_a-s_atan.o)
 .rodata.str1.4
                0x0011a9e0        0x8 c:/intelfpga/18.1/embedded/host_tools/mentor/gnu/arm/baremetal/bin/../lib/gcc/arm-altera-eabi/6.2.0/../../../../arm-altera-eabi/lib\libm.a(lib_a-w_sqrt.o)
                                  0x5 (size before relaxing)
 .rodata        0x0011a9e8      0x188 c:/intelfpga/18.1/embedded/host_tools/mentor/gnu/arm/baremetal/bin/../lib/gcc/arm-altera-eabi/6.2.0/../../../../arm-altera-eabi/lib\libm.a(lib_a-e_rem_pio2.o)
 .rodata        0x0011ab70       0x50 c:/intelfpga/18.1/embedded/host_tools/mentor/gnu/arm/baremetal/bin/../lib/gcc/arm-altera-eabi/6.2.0/../../../../arm-altera-eabi/lib\libm.a(lib_a-k_rem_pio2.o)
                0x0011abc0                . = ALIGN (0x4)
 *(.init)
 .init          0x0011abc0        0xc c:/intelfpga/18.1/embedded/host_tools/mentor/gnu/arm/baremetal/bin/../lib/gcc/arm-altera-eabi/6.2.0/crti.o
                0x0011abc0                _init
 .init          0x0011abcc        0xc c:/intelfpga/18.1/embedded/host_tools/mentor/gnu/arm/baremetal/bin/../lib/gcc/arm-altera-eabi/6.2.0/crtn.o
                0x0011abd8                . = ALIGN (0x4)
                0x0011abd8                __preinit_array_start = .
 *(.preinit_array)
                0x0011abd8                __preinit_array_end = .
                0x0011abd8                . = ALIGN (0x4)
                0x0011abd8                __init_array_start = .
 *(SORT(.init_array.*))
 .init_array.00000
                0x0011abd8        0x4 c:/intelfpga/18.1/embedded/host_tools/mentor/gnu/arm/baremetal/bin/../lib/gcc/arm-altera-eabi/6.2.0/../../../../arm-altera-eabi/lib\libc.a(lib_a-mlock.o)
 .init_array.00000
                0x0011abdc        0x4 c:/intelfpga/18.1/embedded/host_tools/mentor/gnu/arm/baremetal/bin/../lib/gcc/arm-altera-eabi/6.2.0/../../../../arm-altera-eabi/lib\libc.a(lib_a-__call_atexit.o)
 .init_array.00000
                0x0011abe0        0x8 c:/intelfpga/18.1/embedded/host_tools/mentor/gnu/arm/baremetal/bin/../lib/gcc/arm-altera-eabi/6.2.0/../../../../arm-altera-eabi/lib\libc.a(lib_a-findfp.o)
 .init_array.00001
                0x0011abe8        0x4 c:/intelfpga/18.1/embedded/host_tools/mentor/gnu/arm/baremetal/bin/../lib/gcc/arm-altera-eabi/6.2.0/../../../../arm-altera-eabi/lib\libc.a(lib_a-__call_atexit.o)
 *(.init_array)
 .init_array    0x0011abec        0x4 c:/intelfpga/18.1/embedded/host_tools/mentor/gnu/arm/baremetal/bin/../lib/gcc/arm-altera-eabi/6.2.0/crtbegin.o
                0x0011abf0                __init_array_end = .
                0x0011abf0                . = ALIGN (0x4)
 *(.fini)
 .fini          0x0011abf0        0xc c:/intelfpga/18.1/embedded/host_tools/mentor/gnu/arm/baremetal/bin/../lib/gcc/arm-altera-eabi/6.2.0/crti.o
                0x0011abf0                _fini
 .fini          0x0011abfc        0xc c:/intelfpga/18.1/embedded/host_tools/mentor/gnu/arm/baremetal/bin/../lib/gcc/arm-altera-eabi/6.2.0/crtn.o
                0x0011ac08                . = ALIGN (0x4)
                0x0011ac08                __fini_array_start = .
 *(.fini_array)
 .fini_array    0x0011ac08        0x4 c:/intelfpga/18.1/embedded/host_tools/mentor/gnu/arm/baremetal/bin/../lib/gcc/arm-altera-eabi/6.2.0/crtbegin.o
 *(SORT(.fini_array.*))
                0x0011ac0c                __fini_array_end = .
                0x0011ac0c                . = ALIGN (0x4)
 *crtbegin.o(.ctors)
 *crtbegin?.o(.ctors)
 *(EXCLUDE_FILE(*crtend.o) .ctors)
 *(SORT(.ctors.*))
 *crtend.o(.ctors)
 *(.ctors)
                0x0011ac0c                . = ALIGN (0x4)
 *crtbegin.o(.dtors)
 *crtbegin?.o(.dtors)
 *(EXCLUDE_FILE(*crtend.o) .dtors)
 *(SORT(.dtors.*))
 *crtend.o(.dtors)
 *(.dtors)
                0x0011ac0c                . = ALIGN (0x4)
                0x0011ac0c                __cs3_regions = .
                0x0011ac0c        0x4 LONG 0x0
                0x0011ac10        0x4 LONG 0x100040 __cs3_region_init_ram
                0x0011ac14        0x4 LONG 0x100040 __cs3_region_start_ram
                0x0011ac18        0x4 LONG 0x1b618 __cs3_region_init_size_ram
                0x0011ac1c        0x4 LONG 0x1002d0f0 __cs3_region_zero_size_ram
                0x0011ac20                __cs3_regions_end = .
                0x0011ac20                . = ALIGN (0x8)
                0x0011ac20                _etext = .
                0x00000001                ASSERT (! ((__cs3_region_init_ram & 0x7)), __cs3_region_init_ram not aligned)
                0x00000001                ASSERT (! ((__cs3_region_start_ram & 0x7)), __cs3_region_start_ram not aligned)
                0x00000001                ASSERT (! ((__cs3_region_init_size_ram & 0x7)), __cs3_region_init_size_ram not aligned)
                0x00000001                ASSERT (! ((__cs3_region_zero_size_ram & 0x7)), __cs3_region_zero_size_ram not aligned)
                0x0011ac20                __etext = .

.data           0x0011ac20      0xa38
                0x0011ac20                _fdata = .
                0x0011ac20                __data_start__ = .
 *(vtable)
 *(.data*)
 .data.fpga_buttons
                0x0011ac20        0x4 MyApp_Tutorial.o
                0x0011ac20                fpga_buttons
 .data.fpga_read
                0x0011ac24        0x4 MyApp_Tutorial.o
                0x0011ac24                fpga_read
 .data.fpga_read_data_RX
                0x0011ac28        0x4 MyApp_Tutorial.o
                0x0011ac28                fpga_read_data_RX
 .data.fpga_reset
                0x0011ac2c        0x4 MyApp_Tutorial.o
                0x0011ac2c                fpga_reset
 .data.fpga_rw_ad
                0x0011ac30        0x4 MyApp_Tutorial.o
                0x0011ac30                fpga_rw_ad
 .data.fpga_speed_left
                0x0011ac34        0x4 MyApp_Tutorial.o
                0x0011ac34                fpga_speed_left
 .data.fpga_speed_right
                0x0011ac38        0x4 MyApp_Tutorial.o
                0x0011ac38                fpga_speed_right
 .data.fpga_spi
                0x0011ac3c        0x4 MyApp_Tutorial.o
                0x0011ac3c                fpga_spi
 .data.fpga_time
                0x0011ac40        0x4 MyApp_Tutorial.o
                0x0011ac40                fpga_time
 .data.fpga_write
                0x0011ac44        0x4 MyApp_Tutorial.o
                0x0011ac44                fpga_write
 .data.fpga_write_data_TX
                0x0011ac48        0x4 MyApp_Tutorial.o
                0x0011ac48                fpga_write_data_TX
 *fill*         0x0011ac4c        0x4 
 .data.ExpiryCnt.7521
                0x0011ac50        0x8 ../../mAbassi/Platform/lib\lib_mAbassi_EVAL_GCC_AR5_CY5.a(mAbassi_EVAL_A9_GCC_2_NR.o)
 .data.ExpiryPrv.7522
                0x0011ac58        0x8 ../../mAbassi/Platform/lib\lib_mAbassi_EVAL_GCC_AR5_CY5.a(mAbassi_EVAL_A9_GCC_2_NR.o)
 .data          0x0011ac60       0x3c ../../mAbassi/Platform/lib\lib_mAbassi_EVAL_GCC_AR5_CY5.a(mAbassi_EVAL_GCC_AR5_CY5_NR.o)
                0x0011ac64                DATAabort_Handler
                0x0011ac64                __cs3_isr_dabort
                0x0011ac78                FIQ_Handler
                0x0011ac78                __cs3_isr_fiq
                0x0011ac7c                __cs3_isr_pabort
                0x0011ac7c                PFabort_Handler
                0x0011ac8c                __cs3_isr_undef
                0x0011ac8c                Undef_Handler
 *fill*         0x0011ac9c        0x4 
 .data          0x0011aca0      0x430 c:/intelfpga/18.1/embedded/host_tools/mentor/gnu/arm/baremetal/bin/../lib/gcc/arm-altera-eabi/6.2.0/../../../../arm-altera-eabi/lib\libc.a(lib_a-impure.o)
                0x0011aca0                _impure_ptr
 .data          0x0011b0d0      0x410 c:/intelfpga/18.1/embedded/host_tools/mentor/gnu/arm/baremetal/bin/../lib/gcc/arm-altera-eabi/6.2.0/../../../../arm-altera-eabi/lib\libc.a(lib_a-mallocr.o)
                0x0011b0d0                __malloc_av_
                0x0011b4d8                __malloc_sbrk_base
                0x0011b4dc                __malloc_trim_threshold
 .data          0x0011b4e0      0x16c c:/intelfpga/18.1/embedded/host_tools/mentor/gnu/arm/baremetal/bin/../lib/gcc/arm-altera-eabi/6.2.0/../../../../arm-altera-eabi/lib\libc.a(lib_a-locale.o)
                0x0011b4e0                __global_locale
 .data          0x0011b64c        0x1 c:/intelfpga/18.1/embedded/host_tools/mentor/gnu/arm/baremetal/bin/../lib/gcc/arm-altera-eabi/6.2.0/../../../../arm-altera-eabi/lib\libm.a(lib_a-s_lib_ver.o)
                0x0011b64c                __fdlib_version
 *(.jcr*)
 *fill*         0x0011b64d        0x3 
 .jcr           0x0011b650        0x0 c:/intelfpga/18.1/embedded/host_tools/mentor/gnu/arm/baremetal/bin/../lib/gcc/arm-altera-eabi/6.2.0/crtbegin.o
 .jcr           0x0011b650        0x4 c:/intelfpga/18.1/embedded/host_tools/mentor/gnu/arm/baremetal/bin/../lib/gcc/arm-altera-eabi/6.2.0/crtend.o
                0x0011b658                . = ALIGN (0x8)
 *fill*         0x0011b654        0x4 
                0x0011b658                __data_end__ = .
                0x0011b658                _edata = .

.tm_clone_table
                0x0011b658        0x0
 .tm_clone_table
                0x0011b658        0x0 c:/intelfpga/18.1/embedded/host_tools/mentor/gnu/arm/baremetal/bin/../lib/gcc/arm-altera-eabi/6.2.0/crtbegin.o
 .tm_clone_table
                0x0011b658        0x0 c:/intelfpga/18.1/embedded/host_tools/mentor/gnu/arm/baremetal/bin/../lib/gcc/arm-altera-eabi/6.2.0/crtend.o

.igot.plt       0x0011b658        0x0
 .igot.plt      0x0011b658        0x0 c:/intelfpga/18.1/embedded/host_tools/mentor/gnu/arm/baremetal/bin/../lib/gcc/arm-altera-eabi/6.2.0/crtbegin.o

.bss            0x0011b700    0x2d048
                0x0011b700                _fbss = .
                0x0011b700                __bss_start__ = .
 *(.shbss)
 *(.bss .bss.* .gnu.linkonce.b.*)
 .bss           0x0011b700       0x1c c:/intelfpga/18.1/embedded/host_tools/mentor/gnu/arm/baremetal/bin/../lib/gcc/arm-altera-eabi/6.2.0/crtbegin.o
 .bss.G_UartDevErr
                0x0011b71c        0x4 Main_mAbassi.o
                0x0011b71c                G_UartDevErr
 .bss.G_UartDevIn
                0x0011b720        0x4 Main_mAbassi.o
                0x0011b720                G_UartDevIn
 .bss.G_UartDevOut
                0x0011b724        0x4 Main_mAbassi.o
                0x0011b724                G_UartDevOut
 .bss.g_CfgIsInit
                0x0011b728        0x4 dw_uart.o
 .bss.g_UARTcfg
                0x0011b72c     0x2088 dw_uart.o
 .bss.g_CfgIsInit
                0x0011d7b4        0x4 dw_i2c.o
 .bss.g_Dummy   0x0011d7b8        0x4 dw_i2c.o
 .bss.g_I2Ccfg  0x0011d7bc       0x80 dw_i2c.o
 .bss.g_GPIOinit
                0x0011d83c        0x4 alt_gpio.o
 .bss.g_CfgIsInit
                0x0011d840        0x4 dw_spi.o
 .bss.g_Dummy   0x0011d844        0x4 dw_spi.o
 .bss.g_SPIcfg  0x0011d848      0x280 dw_spi.o
 .bss.G_ABORTstack
                0x0011dac8      0x800 mAbassiCfgA9.o
                0x0011dac8                G_ABORTstack
 .bss.G_FIQstack
                0x0011e2c8      0x800 mAbassiCfgA9.o
                0x0011e2c8                G_FIQstack
 .bss.G_IRQstack
                0x0011eac8     0x8000 mAbassiCfgA9.o
                0x0011eac8                G_IRQstack
 .bss.G_SUPERstack
                0x00126ac8     0x8000 mAbassiCfgA9.o
                0x00126ac8                G_SUPERstack
 .bss.G_UNDEFstack
                0x0012eac8      0x800 mAbassiCfgA9.o
                0x0012eac8                G_UNDEFstack
 .bss.ExpiryZap.7523
                0x0012f2c8        0x4 ../../mAbassi/Platform/lib\lib_mAbassi_EVAL_GCC_AR5_CY5.a(mAbassi_EVAL_A9_GCC_2_NR.o)
 *fill*         0x0012f2cc        0x4 
 .bss.G_CoreIdleDone
                0x0012f2d0        0x8 ../../mAbassi/Platform/lib\lib_mAbassi_EVAL_GCC_AR5_CY5.a(mAbassi_EVAL_A9_GCC_2_NR.o)
                0x0012f2d0                G_CoreIdleDone
 .bss.G_OSisrQrd
                0x0012f2d8        0x8 ../../mAbassi/Platform/lib\lib_mAbassi_EVAL_GCC_AR5_CY5.a(mAbassi_EVAL_A9_GCC_2_NR.o)
                0x0012f2d8                G_OSisrQrd
 .bss.G_OSisrQwrt
                0x0012f2e0        0x8 ../../mAbassi/Platform/lib\lib_mAbassi_EVAL_GCC_AR5_CY5.a(mAbassi_EVAL_A9_GCC_2_NR.o)
                0x0012f2e0                G_OSisrQwrt
 .bss.G_OSisrState
                0x0012f2e8       0x38 ../../mAbassi/Platform/lib\lib_mAbassi_EVAL_GCC_AR5_CY5.a(mAbassi_EVAL_A9_GCC_2_NR.o)
                0x0012f2e8                G_OSisrState
 .bss.G_OSisrTbl
                0x0012f320     0x1000 ../../mAbassi/Platform/lib\lib_mAbassi_EVAL_GCC_AR5_CY5.a(mAbassi_EVAL_A9_GCC_2_NR.o)
                0x0012f320                G_OSisrTbl
 .bss.G_OSmutex
                0x00130320        0x4 ../../mAbassi/Platform/lib\lib_mAbassi_EVAL_GCC_AR5_CY5.a(mAbassi_EVAL_A9_GCC_2_NR.o)
                0x00130320                G_OSmutex
 .bss.G_OSstate
                0x00130324        0x4 ../../mAbassi/Platform/lib\lib_mAbassi_EVAL_GCC_AR5_CY5.a(mAbassi_EVAL_A9_GCC_2_NR.o)
                0x00130324                G_OSstate
 .bss.G_OStaskNow
                0x00130328        0x8 ../../mAbassi/Platform/lib\lib_mAbassi_EVAL_GCC_AR5_CY5.a(mAbassi_EVAL_A9_GCC_2_NR.o)
                0x00130328                G_OStaskNow
 .bss.G_OStimCnt
                0x00130330        0x4 ../../mAbassi/Platform/lib\lib_mAbassi_EVAL_GCC_AR5_CY5.a(mAbassi_EVAL_A9_GCC_2_NR.o)
                0x00130330                G_OStimCnt
 *fill*         0x00130334        0x4 
 .bss.LoadBal.7508
                0x00130338        0x8 ../../mAbassi/Platform/lib\lib_mAbassi_EVAL_GCC_AR5_CY5.a(mAbassi_EVAL_A9_GCC_2_NR.o)
 .bss.g_CoreInInit
                0x00130340        0x4 ../../mAbassi/Platform/lib\lib_mAbassi_EVAL_GCC_AR5_CY5.a(mAbassi_EVAL_A9_GCC_2_NR.o)
 .bss.g_GrpList
                0x00130344        0x4 ../../mAbassi/Platform/lib\lib_mAbassi_EVAL_GCC_AR5_CY5.a(mAbassi_EVAL_A9_GCC_2_NR.o)
                0x00130344                g_GrpList
 .bss.g_KrnlReent
                0x00130348        0x8 ../../mAbassi/Platform/lib\lib_mAbassi_EVAL_GCC_AR5_CY5.a(mAbassi_EVAL_A9_GCC_2_NR.o)
                0x00130348                g_KrnlReent
 .bss.g_MutexList
                0x00130350        0x4 ../../mAbassi/Platform/lib\lib_mAbassi_EVAL_GCC_AR5_CY5.a(mAbassi_EVAL_A9_GCC_2_NR.o)
                0x00130350                g_MutexList
 *fill*         0x00130354        0x4 
 .bss.g_OStimCore
                0x00130358        0x8 ../../mAbassi/Platform/lib\lib_mAbassi_EVAL_GCC_AR5_CY5.a(mAbassi_EVAL_A9_GCC_2_NR.o)
 .bss.g_OStimSpin
                0x00130360        0x4 ../../mAbassi/Platform/lib\lib_mAbassi_EVAL_GCC_AR5_CY5.a(mAbassi_EVAL_A9_GCC_2_NR.o)
 .bss.g_PostQueue
                0x00130364    0x18000 ../../mAbassi/Platform/lib\lib_mAbassi_EVAL_GCC_AR5_CY5.a(mAbassi_EVAL_A9_GCC_2_NR.o)
 .bss.g_SemaList
                0x00148364        0x4 ../../mAbassi/Platform/lib\lib_mAbassi_EVAL_GCC_AR5_CY5.a(mAbassi_EVAL_A9_GCC_2_NR.o)
                0x00148364                g_SemaList
 .bss.g_StrvHoldCnt
                0x00148368        0x4 ../../mAbassi/Platform/lib\lib_mAbassi_EVAL_GCC_AR5_CY5.a(mAbassi_EVAL_A9_GCC_2_NR.o)
                0x00148368                g_StrvHoldCnt
 .bss.g_StrvList
                0x0014836c        0x4 ../../mAbassi/Platform/lib\lib_mAbassi_EVAL_GCC_AR5_CY5.a(mAbassi_EVAL_A9_GCC_2_NR.o)
                0x0014836c                g_StrvList
 .bss.g_StrvPreEmptCnt
                0x00148370        0x4 ../../mAbassi/Platform/lib\lib_mAbassi_EVAL_GCC_AR5_CY5.a(mAbassi_EVAL_A9_GCC_2_NR.o)
                0x00148370                g_StrvPreEmptCnt
 .bss.g_StrvRunCnt
                0x00148374        0x4 ../../mAbassi/Platform/lib\lib_mAbassi_EVAL_GCC_AR5_CY5.a(mAbassi_EVAL_A9_GCC_2_NR.o)
                0x00148374                g_StrvRunCnt
 .bss.g_StrvTick
                0x00148378        0x4 ../../mAbassi/Platform/lib\lib_mAbassi_EVAL_GCC_AR5_CY5.a(mAbassi_EVAL_A9_GCC_2_NR.o)
                0x00148378                g_StrvTick
 .bss.g_TaskList
                0x0014837c        0x4 ../../mAbassi/Platform/lib\lib_mAbassi_EVAL_GCC_AR5_CY5.a(mAbassi_EVAL_A9_GCC_2_NR.o)
                0x0014837c                g_TaskList
 .bss.g_TaskRdy
                0x00148380       0x84 ../../mAbassi/Platform/lib\lib_mAbassi_EVAL_GCC_AR5_CY5.a(mAbassi_EVAL_A9_GCC_2_NR.o)
                0x00148380                g_TaskRdy
 .bss.g_TimSrvChkBusy
                0x00148404        0x4 ../../mAbassi/Platform/lib\lib_mAbassi_EVAL_GCC_AR5_CY5.a(mAbassi_EVAL_A9_GCC_2_NR.o)
                0x00148404                g_TimSrvChkBusy
 .bss.g_TimSrvList
                0x00148408        0x4 ../../mAbassi/Platform/lib\lib_mAbassi_EVAL_GCC_AR5_CY5.a(mAbassi_EVAL_A9_GCC_2_NR.o)
                0x00148408                g_TimSrvList
 .bss.g_TimeOutChkBusy
                0x0014840c        0x4 ../../mAbassi/Platform/lib\lib_mAbassi_EVAL_GCC_AR5_CY5.a(mAbassi_EVAL_A9_GCC_2_NR.o)
                0x0014840c                g_TimeOutChkBusy
 .bss.g_TimeOutList
                0x00148410        0x4 ../../mAbassi/Platform/lib\lib_mAbassi_EVAL_GCC_AR5_CY5.a(mAbassi_EVAL_A9_GCC_2_NR.o)
                0x00148410                g_TimeOutList
 .bss.g__OSmutex
                0x00148414       0x20 ../../mAbassi/Platform/lib\lib_mAbassi_EVAL_GCC_AR5_CY5.a(mAbassi_EVAL_A9_GCC_2_NR.o)
 *fill*         0x00148434       0xcc 
 .bss           0x00148500      0x200 ../../mAbassi/Platform/lib\lib_mAbassi_EVAL_GCC_AR5_CY5.a(mAbassi_EVAL_GCC_AR5_CY5_NR.o)
 .bss           0x00148700        0x4 ../../mAbassi/Platform/lib\lib_mAbassi_EVAL_GCC_AR5_CY5.a(ARMv7_SMP_L1_L2_GCC_AR5_CY5.o)
 .bss           0x00148704       0x34 c:/intelfpga/18.1/embedded/host_tools/mentor/gnu/arm/baremetal/bin/../lib/gcc/arm-altera-eabi/6.2.0/../../../../arm-altera-eabi/lib\libc.a(lib_a-mallocr.o)
                0x00148704                __malloc_top_pad
                0x00148708                __malloc_current_mallinfo
                0x00148730                __malloc_max_sbrked_mem
                0x00148734                __malloc_max_total_mem
 .bss           0x00148738        0x4 c:/intelfpga/18.1/embedded/host_tools/mentor/gnu/arm/baremetal/bin/../lib/gcc/arm-altera-eabi/6.2.0/../../../../arm-altera-eabi/lib\libc.a(lib_a-mlock.o)
 .bss           0x0014873c        0x4 c:/intelfpga/18.1/embedded/host_tools/mentor/gnu/arm/baremetal/bin/../lib/gcc/arm-altera-eabi/6.2.0/../../../../arm-altera-eabi/lib\libc.a(lib_a-__call_atexit.o)
                0x0014873c                __atexit_lock
 .bss           0x00148740        0x8 c:/intelfpga/18.1/embedded/host_tools/mentor/gnu/arm/baremetal/bin/../lib/gcc/arm-altera-eabi/6.2.0/../../../../arm-altera-eabi/lib\libc.a(lib_a-findfp.o)
 *(COMMON)
                0x00148748                . = ALIGN (0x8)
 *(.ram.b .bss.ram)
                0x00148748                . = ALIGN (0x8)
                0x00148748                __bss_end__ = .
                0x00148748                _ebss = .

.memdrive       0x00148748 0x10000000
                0x00148748                . = ALIGN (0x8)
                0x00148748                G_MemDrvBase = .
                0x10148748                . = (. + _MDRV_SIZE)
 *fill*         0x00148748 0x10000000 
                0x10148748                G_MemDrvEnd = .

.stack_dummy
 *(.stack*)

.heap           0x10148748 0x2feb18b8
                0x10148748                _end = .
                0x10148748                __end = .
                0x10148748                __end__ = .
                [!provide]                PROVIDE (end, .)
                0x10148748                PROVIDE (__cs3_heap_start, .)
 *(.heap*)
                0x3fffa000                . = (((((((__cs3_region_start_ram + LENGTH (ram)) - ((_SUPERVISOR_STACK_SIZE + 0x7) & 0xfffffff8)) - ((_ABORT_STACK_SIZE + 0x7) & 0xfffffff8)) - ((_FIQ_STACK_SIZE + 0x7) & 0xfffffff8)) - ((_IRQ_STACK_SIZE + 0x7) & 0xfffffff8)) - ((_UNDEF_STACK_SIZE + 0x7) & 0xfffffff8)) - ((_STACK_SIZE + 0x7) & 0xfffffff8))
 *fill*         0x10148748 0x2feb18b8 
                0x3fffa000                __HeapLimit = .
                0x3fffa000                PROVIDE (__cs3_heap_end, .)

.stack          0x3fffa000     0x6000
                0x3fffa800                . = (. + _SUPERVISOR_STACK_SIZE)
 *fill*         0x3fffa000      0x800 
                0x3fffa800                . = ALIGN (0x8)
                0x3fffa800                __supervisor_stack = .
                0x3fffb000                . = (. + _ABORT_STACK_SIZE)
 *fill*         0x3fffa800      0x800 
                0x3fffb000                . = ALIGN (0x8)
                0x3fffb000                __abort_stack = .
                0x3fffb800                . = (. + _FIQ_STACK_SIZE)
 *fill*         0x3fffb000      0x800 
                0x3fffb800                . = ALIGN (0x8)
                0x3fffb800                __fiq_stack = .
                0x3fffd800                . = (. + _IRQ_STACK_SIZE)
 *fill*         0x3fffb800     0x2000 
                0x3fffd800                . = ALIGN (0x8)
                0x3fffd800                __irq_stack = .
                0x3fffe000                . = (. + _UNDEF_STACK_SIZE)
 *fill*         0x3fffd800      0x800 
                0x3fffe000                . = ALIGN (0x8)
                0x3fffe000                __undef_stack = .
                0x40000000                . = (. + _STACK_SIZE)
 *fill*         0x3fffe000     0x2000 
                0x40000000                __cs3_region_end_ram = (__cs3_region_start_ram + LENGTH (ram))
                0x3fefffc0                __cs3_region_size_ram = LENGTH (ram)
                0x00100040                __cs3_region_init_ram = LOADADDR (.text)
                0x0001b618                __cs3_region_init_size_ram = (_edata - ADDR (.text))
                0x1002d0f0                __cs3_region_zero_size_ram = (_end - _edata)
                0x40000000                __StackTop = (ORIGIN (ram) + LENGTH (ram))
                0x3fffa000                __StackLimit = (__StackTop - SIZEOF (.stack))
                [!provide]                PROVIDE (__stack, __StackTop)
                0x40000000                PROVIDE (__cs3_stack, __StackTop)

.uncached       0xffff0000     0x8000
 *(.uncached)
 .uncached      0xffff0000     0x8000 ../../mAbassi/Platform/lib\lib_mAbassi_EVAL_GCC_AR5_CY5.a(ARMv7_SMP_L1_L2_GCC_AR5_CY5.o)
                0xffff0000                L1PageTbl
 *(.uncached.*)

.stab
 *(.stab)

.stabstr
 *(.stabstr)

.debug
 *(.debug)

.line
 *(.line)

.debug_srcinfo
 *(.debug_srcinfo)

.debug_sfnames
 *(.debug_sfnames)

.debug_aranges  0x00000000      0x6a8
 *(.debug_aranges)
 .debug_aranges
                0x00000000       0x28 Main_mAbassi.o
 .debug_aranges
                0x00000028       0x68 MyApp_Tutorial.o
 .debug_aranges
                0x00000090      0x138 SysCall_noFS.o
 .debug_aranges
                0x000001c8       0x20 TIMERinit.o
 .debug_aranges
                0x000001e8       0x48 dw_uart.o
 .debug_aranges
                0x00000230       0x60 dw_i2c.o
 .debug_aranges
                0x00000290       0x48 alt_gpio.o
 .debug_aranges
                0x000002d8       0x60 dw_spi.o
 .debug_aranges
                0x00000338       0x58 MyDriver_CAN.o
 .debug_aranges
                0x00000390       0x48 PID.o
 .debug_aranges
                0x000003d8       0x28 CtrlStruct.o
 .debug_aranges
                0x00000400       0x28 odometry.o
 .debug_aranges
                0x00000428       0x48 path_planning.o
 .debug_aranges
                0x00000470       0x28 Real_localisation.o
 .debug_aranges
                0x00000498       0xb8 Dynamixels.o
 .debug_aranges
                0x00000550       0x28 strategy.o
 .debug_aranges
                0x00000578      0x118 alt_generalpurpose_io.o
 .debug_aranges
                0x00000690       0x18 mAbassiCfgA9.o

.debug_pubnames
 *(.debug_pubnames)

.debug_info     0x00000000    0x1d9c6
 *(.debug_info .gnu.linkonce.wi.*)
 .debug_info    0x00000000     0x1106 Main_mAbassi.o
 .debug_info    0x00001106     0x2437 MyApp_Tutorial.o
 .debug_info    0x0000353d     0x1e1e SysCall_noFS.o
 .debug_info    0x0000535b      0xde5 TIMERinit.o
 .debug_info    0x00006140     0x25b0 dw_uart.o
 .debug_info    0x000086f0     0x21ab dw_i2c.o
 .debug_info    0x0000a89b     0x10d4 alt_gpio.o
 .debug_info    0x0000b96f     0x1928 dw_spi.o
 .debug_info    0x0000d297     0x4126 MyDriver_CAN.o
 .debug_info    0x000113bd     0x1093 PID.o
 .debug_info    0x00012450     0x11f1 CtrlStruct.o
 .debug_info    0x00013641      0xcf1 odometry.o
 .debug_info    0x00014332     0x1973 path_planning.o
 .debug_info    0x00015ca5      0xb38 Real_localisation.o
 .debug_info    0x000167dd     0x2b38 Dynamixels.o
 .debug_info    0x00019315     0x1403 strategy.o
 .debug_info    0x0001a718     0x23de alt_generalpurpose_io.o
 .debug_info    0x0001caf6      0xed0 mAbassiCfgA9.o

.debug_abbrev   0x00000000     0x33ed
 *(.debug_abbrev)
 .debug_abbrev  0x00000000      0x23e Main_mAbassi.o
 .debug_abbrev  0x0000023e      0x3b0 MyApp_Tutorial.o
 .debug_abbrev  0x000005ee      0x374 SysCall_noFS.o
 .debug_abbrev  0x00000962      0x1f3 TIMERinit.o
 .debug_abbrev  0x00000b55      0x387 dw_uart.o
 .debug_abbrev  0x00000edc      0x392 dw_i2c.o
 .debug_abbrev  0x0000126e      0x2be alt_gpio.o
 .debug_abbrev  0x0000152c      0x2e4 dw_spi.o
 .debug_abbrev  0x00001810      0x31c MyDriver_CAN.o
 .debug_abbrev  0x00001b2c      0x37f PID.o
 .debug_abbrev  0x00001eab      0x26c CtrlStruct.o
 .debug_abbrev  0x00002117      0x27e odometry.o
 .debug_abbrev  0x00002395      0x380 path_planning.o
 .debug_abbrev  0x00002715      0x211 Real_localisation.o
 .debug_abbrev  0x00002926      0x345 Dynamixels.o
 .debug_abbrev  0x00002c6b      0x245 strategy.o
 .debug_abbrev  0x00002eb0      0x391 alt_generalpurpose_io.o
 .debug_abbrev  0x00003241      0x1ac mAbassiCfgA9.o

.debug_line     0x00000000     0x6638
 *(.debug_line)
 .debug_line    0x00000000      0x32c Main_mAbassi.o
 .debug_line    0x0000032c      0x578 MyApp_Tutorial.o
 .debug_line    0x000008a4      0x62d SysCall_noFS.o
 .debug_line    0x00000ed1      0x25f TIMERinit.o
 .debug_line    0x00001130      0x775 dw_uart.o
 .debug_line    0x000018a5      0x8f5 dw_i2c.o
 .debug_line    0x0000219a      0x342 alt_gpio.o
 .debug_line    0x000024dc      0xc4c dw_spi.o
 .debug_line    0x00003128      0x7e5 MyDriver_CAN.o
 .debug_line    0x0000390d      0x3aa PID.o
 .debug_line    0x00003cb7      0x2ee CtrlStruct.o
 .debug_line    0x00003fa5      0x34c odometry.o
 .debug_line    0x000042f1      0x5ac path_planning.o
 .debug_line    0x0000489d      0x238 Real_localisation.o
 .debug_line    0x00004ad5      0x910 Dynamixels.o
 .debug_line    0x000053e5      0x3b4 strategy.o
 .debug_line    0x00005799      0xc51 alt_generalpurpose_io.o
 .debug_line    0x000063ea      0x24e mAbassiCfgA9.o

.debug_frame    0x00000000     0x3760
 *(.debug_frame)
 .debug_frame   0x00000000       0x40 Main_mAbassi.o
 .debug_frame   0x00000040      0x13c MyApp_Tutorial.o
 .debug_frame   0x0000017c      0x2e0 SysCall_noFS.o
 .debug_frame   0x0000045c       0x28 TIMERinit.o
 .debug_frame   0x00000484      0x120 dw_uart.o
 .debug_frame   0x000005a4      0x188 dw_i2c.o
 .debug_frame   0x0000072c       0xe4 alt_gpio.o
 .debug_frame   0x00000810      0x154 dw_spi.o
 .debug_frame   0x00000964      0x128 MyDriver_CAN.o
 .debug_frame   0x00000a8c       0xc4 PID.o
 .debug_frame   0x00000b50       0x44 CtrlStruct.o
 .debug_frame   0x00000b94       0xa4 odometry.o
 .debug_frame   0x00000c38      0x214 path_planning.o
 .debug_frame   0x00000e4c       0x50 Real_localisation.o
 .debug_frame   0x00000e9c      0x384 Dynamixels.o
 .debug_frame   0x00001220       0x70 strategy.o
 .debug_frame   0x00001290      0x310 alt_generalpurpose_io.o
 .debug_frame   0x000015a0      0x2d4 ../../mAbassi/Platform/lib\lib_mAbassi_EVAL_GCC_AR5_CY5.a(mAbassi_EVAL_GCC_AR5_CY5_NR.o)
 .debug_frame   0x00001874       0xa8 ../../mAbassi/Platform/lib\lib_mAbassi_EVAL_GCC_AR5_CY5.a(ARMv7_SMP_L1_L2_GCC_AR5_CY5.o)
 .debug_frame   0x0000191c       0x40 c:/intelfpga/18.1/embedded/host_tools/mentor/gnu/arm/baremetal/bin/../lib/gcc/arm-altera-eabi/6.2.0/../../../../arm-altera-eabi/lib\libcs3.a(start_c.o)
 .debug_frame   0x0000195c       0x20 c:/intelfpga/18.1/embedded/host_tools/mentor/gnu/arm/baremetal/bin/../lib/gcc/arm-altera-eabi/6.2.0\libgcc.a(_divsi3.o)
 .debug_frame   0x0000197c       0x34 c:/intelfpga/18.1/embedded/host_tools/mentor/gnu/arm/baremetal/bin/../lib/gcc/arm-altera-eabi/6.2.0/../../../../arm-altera-eabi/lib\libc.a(lib_a-calloc.o)
 .debug_frame   0x000019b0       0x34 c:/intelfpga/18.1/embedded/host_tools/mentor/gnu/arm/baremetal/bin/../lib/gcc/arm-altera-eabi/6.2.0/../../../../arm-altera-eabi/lib\libc.a(lib_a-callocr.o)
 .debug_frame   0x000019e4       0x28 c:/intelfpga/18.1/embedded/host_tools/mentor/gnu/arm/baremetal/bin/../lib/gcc/arm-altera-eabi/6.2.0/../../../../arm-altera-eabi/lib\libc.a(lib_a-exit.o)
 .debug_frame   0x00001a0c       0x20 c:/intelfpga/18.1/embedded/host_tools/mentor/gnu/arm/baremetal/bin/../lib/gcc/arm-altera-eabi/6.2.0/../../../../arm-altera-eabi/lib\libc.a(lib_a-getreent.o)
 .debug_frame   0x00001a2c       0x34 c:/intelfpga/18.1/embedded/host_tools/mentor/gnu/arm/baremetal/bin/../lib/gcc/arm-altera-eabi/6.2.0/../../../../arm-altera-eabi/lib\libc.a(lib_a-init.o)
 .debug_frame   0x00001a60       0x48 c:/intelfpga/18.1/embedded/host_tools/mentor/gnu/arm/baremetal/bin/../lib/gcc/arm-altera-eabi/6.2.0/../../../../arm-altera-eabi/lib\libc.a(lib_a-malloc.o)
 .debug_frame   0x00001aa8       0x7c c:/intelfpga/18.1/embedded/host_tools/mentor/gnu/arm/baremetal/bin/../lib/gcc/arm-altera-eabi/6.2.0/../../../../arm-altera-eabi/lib\libc.a(lib_a-mallocr.o)
 .debug_frame   0x00001b24       0x44 c:/intelfpga/18.1/embedded/host_tools/mentor/gnu/arm/baremetal/bin/../lib/gcc/arm-altera-eabi/6.2.0/../../../../arm-altera-eabi/lib\libc.a(lib_a-memcpy-stub.o)
 .debug_frame   0x00001b68       0x40 c:/intelfpga/18.1/embedded/host_tools/mentor/gnu/arm/baremetal/bin/../lib/gcc/arm-altera-eabi/6.2.0/../../../../arm-altera-eabi/lib\libc.a(lib_a-memmove.o)
 .debug_frame   0x00001ba8       0x30 c:/intelfpga/18.1/embedded/host_tools/mentor/gnu/arm/baremetal/bin/../lib/gcc/arm-altera-eabi/6.2.0/../../../../arm-altera-eabi/lib\libc.a(lib_a-memset.o)
 .debug_frame   0x00001bd8       0x64 c:/intelfpga/18.1/embedded/host_tools/mentor/gnu/arm/baremetal/bin/../lib/gcc/arm-altera-eabi/6.2.0/../../../../arm-altera-eabi/lib\libc.a(lib_a-mlock.o)
 .debug_frame   0x00001c3c       0x74 c:/intelfpga/18.1/embedded/host_tools/mentor/gnu/arm/baremetal/bin/../lib/gcc/arm-altera-eabi/6.2.0/../../../../arm-altera-eabi/lib\libc.a(lib_a-printf.o)
 .debug_frame   0x00001cb0       0x48 c:/intelfpga/18.1/embedded/host_tools/mentor/gnu/arm/baremetal/bin/../lib/gcc/arm-altera-eabi/6.2.0/../../../../arm-altera-eabi/lib\libc.a(lib_a-putchar.o)
 .debug_frame   0x00001cf8       0x64 c:/intelfpga/18.1/embedded/host_tools/mentor/gnu/arm/baremetal/bin/../lib/gcc/arm-altera-eabi/6.2.0/../../../../arm-altera-eabi/lib\libc.a(lib_a-puts.o)
 .debug_frame   0x00001d5c       0x58 c:/intelfpga/18.1/embedded/host_tools/mentor/gnu/arm/baremetal/bin/../lib/gcc/arm-altera-eabi/6.2.0/../../../../arm-altera-eabi/lib\libc.a(lib_a-setvbuf.o)
 .debug_frame   0x00001db4       0x40 c:/intelfpga/18.1/embedded/host_tools/mentor/gnu/arm/baremetal/bin/../lib/gcc/arm-altera-eabi/6.2.0/../../../../arm-altera-eabi/lib\libc.a(lib_a-strcmp.o)
 .debug_frame   0x00001df4       0x20 c:/intelfpga/18.1/embedded/host_tools/mentor/gnu/arm/baremetal/bin/../lib/gcc/arm-altera-eabi/6.2.0/../../../../arm-altera-eabi/lib\libc.a(lib_a-strcpy.o)
 .debug_frame   0x00001e14       0x20 c:/intelfpga/18.1/embedded/host_tools/mentor/gnu/arm/baremetal/bin/../lib/gcc/arm-altera-eabi/6.2.0/../../../../arm-altera-eabi/lib\libc.a(lib_a-strlen-stub.o)
 .debug_frame   0x00001e34       0xcc c:/intelfpga/18.1/embedded/host_tools/mentor/gnu/arm/baremetal/bin/../lib/gcc/arm-altera-eabi/6.2.0/../../../../arm-altera-eabi/lib\libc.a(lib_a-vfprintf.o)
 .debug_frame   0x00001f00       0x40 c:/intelfpga/18.1/embedded/host_tools/mentor/gnu/arm/baremetal/bin/../lib/gcc/arm-altera-eabi/6.2.0/../../../../arm-altera-eabi/lib\libc.a(lib_a-wsetup.o)
 .debug_frame   0x00001f40       0x84 c:/intelfpga/18.1/embedded/host_tools/mentor/gnu/arm/baremetal/bin/../lib/gcc/arm-altera-eabi/6.2.0/../../../../arm-altera-eabi/lib\libc.a(lib_a-__call_atexit.o)
 .debug_frame   0x00001fc4       0x2c c:/intelfpga/18.1/embedded/host_tools/mentor/gnu/arm/baremetal/bin/../lib/gcc/arm-altera-eabi/6.2.0/../../../../arm-altera-eabi/lib\libc.a(lib_a-atexit.o)
 .debug_frame   0x00001ff0       0xac c:/intelfpga/18.1/embedded/host_tools/mentor/gnu/arm/baremetal/bin/../lib/gcc/arm-altera-eabi/6.2.0/../../../../arm-altera-eabi/lib\libc.a(lib_a-dtoa.o)
 .debug_frame   0x0000209c       0xac c:/intelfpga/18.1/embedded/host_tools/mentor/gnu/arm/baremetal/bin/../lib/gcc/arm-altera-eabi/6.2.0/../../../../arm-altera-eabi/lib\libc.a(lib_a-fflush.o)
 .debug_frame   0x00002148      0x1f0 c:/intelfpga/18.1/embedded/host_tools/mentor/gnu/arm/baremetal/bin/../lib/gcc/arm-altera-eabi/6.2.0/../../../../arm-altera-eabi/lib\libc.a(lib_a-findfp.o)
 .debug_frame   0x00002338       0x34 c:/intelfpga/18.1/embedded/host_tools/mentor/gnu/arm/baremetal/bin/../lib/gcc/arm-altera-eabi/6.2.0/../../../../arm-altera-eabi/lib\libc.a(lib_a-fini.o)
 .debug_frame   0x0000236c       0x70 c:/intelfpga/18.1/embedded/host_tools/mentor/gnu/arm/baremetal/bin/../lib/gcc/arm-altera-eabi/6.2.0/../../../../arm-altera-eabi/lib\libc.a(lib_a-freer.o)
 .debug_frame   0x000023dc       0x80 c:/intelfpga/18.1/embedded/host_tools/mentor/gnu/arm/baremetal/bin/../lib/gcc/arm-altera-eabi/6.2.0/../../../../arm-altera-eabi/lib\libc.a(lib_a-fvwrite.o)
 .debug_frame   0x0000245c       0x80 c:/intelfpga/18.1/embedded/host_tools/mentor/gnu/arm/baremetal/bin/../lib/gcc/arm-altera-eabi/6.2.0/../../../../arm-altera-eabi/lib\libc.a(lib_a-fwalk.o)
 .debug_frame   0x000024dc       0x58 c:/intelfpga/18.1/embedded/host_tools/mentor/gnu/arm/baremetal/bin/../lib/gcc/arm-altera-eabi/6.2.0/../../../../arm-altera-eabi/lib\libc.a(lib_a-localeconv.o)
 .debug_frame   0x00002534       0x8c c:/intelfpga/18.1/embedded/host_tools/mentor/gnu/arm/baremetal/bin/../lib/gcc/arm-altera-eabi/6.2.0/../../../../arm-altera-eabi/lib\libc.a(lib_a-makebuf.o)
 .debug_frame   0x000025c0       0x38 c:/intelfpga/18.1/embedded/host_tools/mentor/gnu/arm/baremetal/bin/../lib/gcc/arm-altera-eabi/6.2.0/../../../../arm-altera-eabi/lib\libc.a(lib_a-memchr-stub.o)
 .debug_frame   0x000025f8      0x304 c:/intelfpga/18.1/embedded/host_tools/mentor/gnu/arm/baremetal/bin/../lib/gcc/arm-altera-eabi/6.2.0/../../../../arm-altera-eabi/lib\libc.a(lib_a-mprec.o)
 .debug_frame   0x000028fc       0x80 c:/intelfpga/18.1/embedded/host_tools/mentor/gnu/arm/baremetal/bin/../lib/gcc/arm-altera-eabi/6.2.0/../../../../arm-altera-eabi/lib\libc.a(lib_a-putc.o)
 .debug_frame   0x0000297c       0x60 c:/intelfpga/18.1/embedded/host_tools/mentor/gnu/arm/baremetal/bin/../lib/gcc/arm-altera-eabi/6.2.0/../../../../arm-altera-eabi/lib\libc.a(lib_a-reallocr.o)
 .debug_frame   0x000029dc       0x9c c:/intelfpga/18.1/embedded/host_tools/mentor/gnu/arm/baremetal/bin/../lib/gcc/arm-altera-eabi/6.2.0/../../../../arm-altera-eabi/lib\libc.a(lib_a-stdio.o)
 .debug_frame   0x00002a78      0x104 c:/intelfpga/18.1/embedded/host_tools/mentor/gnu/arm/baremetal/bin/../lib/gcc/arm-altera-eabi/6.2.0/../../../../arm-altera-eabi/lib\libc.a(lib_a-vfiprintf.o)
 .debug_frame   0x00002b7c       0x60 c:/intelfpga/18.1/embedded/host_tools/mentor/gnu/arm/baremetal/bin/../lib/gcc/arm-altera-eabi/6.2.0/../../../../arm-altera-eabi/lib\libc.a(lib_a-wbuf.o)
 .debug_frame   0x00002bdc       0x3c c:/intelfpga/18.1/embedded/host_tools/mentor/gnu/arm/baremetal/bin/../lib/gcc/arm-altera-eabi/6.2.0/../../../../arm-altera-eabi/lib\libc.a(lib_a-__atexit.o)
 .debug_frame   0x00002c18       0x70 c:/intelfpga/18.1/embedded/host_tools/mentor/gnu/arm/baremetal/bin/../lib/gcc/arm-altera-eabi/6.2.0/../../../../arm-altera-eabi/lib\libc.a(lib_a-fclose.o)
 .debug_frame   0x00002c88       0xbc c:/intelfpga/18.1/embedded/host_tools/mentor/gnu/arm/baremetal/bin/../lib/gcc/arm-altera-eabi/6.2.0/../../../../arm-altera-eabi/lib\libc.a(lib_a-fputwc.o)
 .debug_frame   0x00002d44       0xb8 c:/intelfpga/18.1/embedded/host_tools/mentor/gnu/arm/baremetal/bin/../lib/gcc/arm-altera-eabi/6.2.0/../../../../arm-altera-eabi/lib\libc.a(lib_a-locale.o)
 .debug_frame   0x00002dfc       0x58 c:/intelfpga/18.1/embedded/host_tools/mentor/gnu/arm/baremetal/bin/../lib/gcc/arm-altera-eabi/6.2.0/../../../../arm-altera-eabi/lib\libc.a(lib_a-mbtowc_r.o)
 .debug_frame   0x00002e54       0x70 c:/intelfpga/18.1/embedded/host_tools/mentor/gnu/arm/baremetal/bin/../lib/gcc/arm-altera-eabi/6.2.0/../../../../arm-altera-eabi/lib\libc.a(lib_a-wcrtomb.o)
 .debug_frame   0x00002ec4       0x48 c:/intelfpga/18.1/embedded/host_tools/mentor/gnu/arm/baremetal/bin/../lib/gcc/arm-altera-eabi/6.2.0/../../../../arm-altera-eabi/lib\libc.a(lib_a-wctomb_r.o)
 .debug_frame   0x00002f0c       0x78 c:/intelfpga/18.1/embedded/host_tools/mentor/gnu/arm/baremetal/bin/../lib/gcc/arm-altera-eabi/6.2.0/../../../../arm-altera-eabi/lib\libm.a(lib_a-s_atan.o)
 .debug_frame   0x00002f84       0x44 c:/intelfpga/18.1/embedded/host_tools/mentor/gnu/arm/baremetal/bin/../lib/gcc/arm-altera-eabi/6.2.0/../../../../arm-altera-eabi/lib\libm.a(lib_a-s_cos.o)
 .debug_frame   0x00002fc8       0x20 c:/intelfpga/18.1/embedded/host_tools/mentor/gnu/arm/baremetal/bin/../lib/gcc/arm-altera-eabi/6.2.0/../../../../arm-altera-eabi/lib\libm.a(lib_a-s_fabs.o)
 .debug_frame   0x00002fe8       0x3c c:/intelfpga/18.1/embedded/host_tools/mentor/gnu/arm/baremetal/bin/../lib/gcc/arm-altera-eabi/6.2.0/../../../../arm-altera-eabi/lib\libm.a(lib_a-s_sin.o)
 .debug_frame   0x00003024       0x2c c:/intelfpga/18.1/embedded/host_tools/mentor/gnu/arm/baremetal/bin/../lib/gcc/arm-altera-eabi/6.2.0/../../../../arm-altera-eabi/lib\libm.a(lib_a-w_atan2.o)
 .debug_frame   0x00003050       0x4c c:/intelfpga/18.1/embedded/host_tools/mentor/gnu/arm/baremetal/bin/../lib/gcc/arm-altera-eabi/6.2.0/../../../../arm-altera-eabi/lib\libm.a(lib_a-w_sqrt.o)
 .debug_frame   0x0000309c       0x4c c:/intelfpga/18.1/embedded/host_tools/mentor/gnu/arm/baremetal/bin/../lib/gcc/arm-altera-eabi/6.2.0/../../../../arm-altera-eabi/lib\libm.a(lib_a-e_atan2.o)
 .debug_frame   0x000030e8       0x60 c:/intelfpga/18.1/embedded/host_tools/mentor/gnu/arm/baremetal/bin/../lib/gcc/arm-altera-eabi/6.2.0/../../../../arm-altera-eabi/lib\libm.a(lib_a-e_rem_pio2.o)
 .debug_frame   0x00003148       0x4c c:/intelfpga/18.1/embedded/host_tools/mentor/gnu/arm/baremetal/bin/../lib/gcc/arm-altera-eabi/6.2.0/../../../../arm-altera-eabi/lib\libm.a(lib_a-e_sqrt.o)
 .debug_frame   0x00003194       0x70 c:/intelfpga/18.1/embedded/host_tools/mentor/gnu/arm/baremetal/bin/../lib/gcc/arm-altera-eabi/6.2.0/../../../../arm-altera-eabi/lib\libm.a(lib_a-k_cos.o)
 .debug_frame   0x00003204       0x50 c:/intelfpga/18.1/embedded/host_tools/mentor/gnu/arm/baremetal/bin/../lib/gcc/arm-altera-eabi/6.2.0/../../../../arm-altera-eabi/lib\libm.a(lib_a-k_rem_pio2.o)
 .debug_frame   0x00003254       0x5c c:/intelfpga/18.1/embedded/host_tools/mentor/gnu/arm/baremetal/bin/../lib/gcc/arm-altera-eabi/6.2.0/../../../../arm-altera-eabi/lib\libm.a(lib_a-k_sin.o)
 .debug_frame   0x000032b0       0x3c c:/intelfpga/18.1/embedded/host_tools/mentor/gnu/arm/baremetal/bin/../lib/gcc/arm-altera-eabi/6.2.0/../../../../arm-altera-eabi/lib\libm.a(lib_a-s_floor.o)
 .debug_frame   0x000032ec       0x20 c:/intelfpga/18.1/embedded/host_tools/mentor/gnu/arm/baremetal/bin/../lib/gcc/arm-altera-eabi/6.2.0/../../../../arm-altera-eabi/lib\libm.a(lib_a-s_matherr.o)
 .debug_frame   0x0000330c       0x60 c:/intelfpga/18.1/embedded/host_tools/mentor/gnu/arm/baremetal/bin/../lib/gcc/arm-altera-eabi/6.2.0/../../../../arm-altera-eabi/lib\libm.a(lib_a-s_scalbn.o)
 .debug_frame   0x0000336c       0x20 c:/intelfpga/18.1/embedded/host_tools/mentor/gnu/arm/baremetal/bin/../lib/gcc/arm-altera-eabi/6.2.0/../../../../arm-altera-eabi/lib\libm.a(lib_a-s_copysign.o)
 .debug_frame   0x0000338c       0x20 c:/intelfpga/18.1/embedded/host_tools/mentor/gnu/arm/baremetal/bin/../lib/gcc/arm-altera-eabi/6.2.0\libgcc.a(_udivsi3.o)
 .debug_frame   0x000033ac       0xac c:/intelfpga/18.1/embedded/host_tools/mentor/gnu/arm/baremetal/bin/../lib/gcc/arm-altera-eabi/6.2.0\libgcc.a(_arm_addsubdf3.o)
 .debug_frame   0x00003458       0x50 c:/intelfpga/18.1/embedded/host_tools/mentor/gnu/arm/baremetal/bin/../lib/gcc/arm-altera-eabi/6.2.0\libgcc.a(_arm_muldivdf3.o)
 .debug_frame   0x000034a8       0xc4 c:/intelfpga/18.1/embedded/host_tools/mentor/gnu/arm/baremetal/bin/../lib/gcc/arm-altera-eabi/6.2.0\libgcc.a(_arm_cmpdf2.o)
 .debug_frame   0x0000356c       0x20 c:/intelfpga/18.1/embedded/host_tools/mentor/gnu/arm/baremetal/bin/../lib/gcc/arm-altera-eabi/6.2.0\libgcc.a(_arm_unorddf2.o)
 .debug_frame   0x0000358c       0x24 c:/intelfpga/18.1/embedded/host_tools/mentor/gnu/arm/baremetal/bin/../lib/gcc/arm-altera-eabi/6.2.0\libgcc.a(_arm_fixdfsi.o)
 .debug_frame   0x000035b0       0x2c c:/intelfpga/18.1/embedded/host_tools/mentor/gnu/arm/baremetal/bin/../lib/gcc/arm-altera-eabi/6.2.0\libgcc.a(_aeabi_uldivmod.o)
 .debug_frame   0x000035dc       0x48 c:/intelfpga/18.1/embedded/host_tools/mentor/gnu/arm/baremetal/bin/../lib/gcc/arm-altera-eabi/6.2.0\libgcc.a(_udivmoddi4.o)
 .debug_frame   0x00003624      0x110 c:/intelfpga/18.1/embedded/host_tools/mentor/gnu/arm/baremetal/bin/../lib/gcc/arm-altera-eabi/6.2.0\libgcc.a(gthr-generic.o)
 .debug_frame   0x00003734       0x2c c:/intelfpga/18.1/embedded/host_tools/mentor/gnu/arm/baremetal/bin/../lib/gcc/arm-altera-eabi/6.2.0/../../../../arm-altera-eabi/lib\libc.a(lib_a-errno.o)

.debug_str      0x00000000     0x45c1
 *(.debug_str)
 .debug_str     0x00000000      0x8f2 Main_mAbassi.o
                                0x9b4 (size before relaxing)
 .debug_str     0x000008f2     0x26b2 MyApp_Tutorial.o
                               0x2fd3 (size before relaxing)
 .debug_str     0x00002fa4      0x2f6 SysCall_noFS.o
                                0xcae (size before relaxing)
 .debug_str     0x0000329a       0x40 TIMERinit.o
                                0x8c2 (size before relaxing)
 .debug_str     0x000032da      0x218 dw_uart.o
                                0xaf7 (size before relaxing)
 .debug_str     0x000034f2      0x1fa dw_i2c.o
                                0xb33 (size before relaxing)
 .debug_str     0x000036ec       0xb3 alt_gpio.o
                                0x977 (size before relaxing)
 .debug_str     0x0000379f      0x1c3 dw_spi.o
                                0xb26 (size before relaxing)
 .debug_str     0x00003962       0xd1 MyDriver_CAN.o
                                0xa5c (size before relaxing)
 .debug_str     0x00003a33      0x1a0 PID.o
                                0x915 (size before relaxing)
 .debug_str     0x00003bd3       0x24 CtrlStruct.o
                                0xab9 (size before relaxing)
 .debug_str     0x00003bf7       0x5e odometry.o
                                0x82f (size before relaxing)
 .debug_str     0x00003c55      0x164 path_planning.o
                                0xca9 (size before relaxing)