Archive member included to satisfy reference by file (symbol)

../../mAbassi/Platform/lib\lib_mAbassi_EVAL_GCC_AR5_CY5.a(mAbassi_EVAL_A9_GCC_2_NR.o)
                              Main_mAbassi.o (Abassi)
../../mAbassi/Platform/lib\lib_mAbassi_EVAL_GCC_AR5_CY5.a(mAbassi_EVAL_GCC_AR5_CY5_NR.o)
                              (_vector_table)
../../mAbassi/Platform/lib\lib_mAbassi_EVAL_GCC_AR5_CY5.a(ARMv7_SMP_L1_L2_GCC_AR5_CY5.o)
                              ../../mAbassi/Platform/lib\lib_mAbassi_EVAL_GCC_AR5_CY5.a(mAbassi_EVAL_GCC_AR5_CY5_NR.o) (COREcacheON)
c:/intelfpga/18.1/embedded/host_tools/mentor/gnu/arm/baremetal/bin/../lib/gcc/arm-altera-eabi/6.2.0/../../../../arm-altera-eabi/lib\libcs3.a(start_c.o)
                              (__cs3_start_c)
c:/intelfpga/18.1/embedded/host_tools/mentor/gnu/arm/baremetal/bin/../lib/gcc/arm-altera-eabi/6.2.0/../../../../arm-altera-eabi/lib\libcs3unhosted.a(unhosted-start.o)
                              ../../mAbassi/Platform/lib\lib_mAbassi_EVAL_GCC_AR5_CY5.a(mAbassi_EVAL_GCC_AR5_CY5_NR.o) (_start)
c:/intelfpga/18.1/embedded/host_tools/mentor/gnu/arm/baremetal/bin/../lib/gcc/arm-altera-eabi/6.2.0\libgcc.a(_udivsi3.o)
                              MyApp_I2C.o (__aeabi_uidiv)
c:/intelfpga/18.1/embedded/host_tools/mentor/gnu/arm/baremetal/bin/../lib/gcc/arm-altera-eabi/6.2.0\libgcc.a(_divsi3.o)
                              dw_uart.o (__aeabi_idiv)
c:/intelfpga/18.1/embedded/host_tools/mentor/gnu/arm/baremetal/bin/../lib/gcc/arm-altera-eabi/6.2.0\libgcc.a(_dvmd_tls.o)
                              c:/intelfpga/18.1/embedded/host_tools/mentor/gnu/arm/baremetal/bin/../lib/gcc/arm-altera-eabi/6.2.0\libgcc.a(_udivsi3.o) (__aeabi_idiv0)
c:/intelfpga/18.1/embedded/host_tools/mentor/gnu/arm/baremetal/bin/../lib/gcc/arm-altera-eabi/6.2.0/../../../../arm-altera-eabi/lib\libc.a(lib_a-calloc.o)
                              ../../mAbassi/Platform/lib\lib_mAbassi_EVAL_GCC_AR5_CY5.a(mAbassi_EVAL_A9_GCC_2_NR.o) (calloc)
c:/intelfpga/18.1/embedded/host_tools/mentor/gnu/arm/baremetal/bin/../lib/gcc/arm-altera-eabi/6.2.0/../../../../arm-altera-eabi/lib\libc.a(lib_a-callocr.o)
                              c:/intelfpga/18.1/embedded/host_tools/mentor/gnu/arm/baremetal/bin/../lib/gcc/arm-altera-eabi/6.2.0/../../../../arm-altera-eabi/lib\libc.a(lib_a-calloc.o) (_calloc_r)
c:/intelfpga/18.1/embedded/host_tools/mentor/gnu/arm/baremetal/bin/../lib/gcc/arm-altera-eabi/6.2.0/../../../../arm-altera-eabi/lib\libc.a(lib_a-exit.o)
                              odometry.o (exit)
c:/intelfpga/18.1/embedded/host_tools/mentor/gnu/arm/baremetal/bin/../lib/gcc/arm-altera-eabi/6.2.0/../../../../arm-altera-eabi/lib\libc.a(lib_a-getreent.o)
                              Main_mAbassi.o (__getreent)
c:/intelfpga/18.1/embedded/host_tools/mentor/gnu/arm/baremetal/bin/../lib/gcc/arm-altera-eabi/6.2.0/../../../../arm-altera-eabi/lib\libc.a(lib_a-impure.o)
                              c:/intelfpga/18.1/embedded/host_tools/mentor/gnu/arm/baremetal/bin/../lib/gcc/arm-altera-eabi/6.2.0/../../../../arm-altera-eabi/lib\libc.a(lib_a-exit.o) (_global_impure_ptr)
c:/intelfpga/18.1/embedded/host_tools/mentor/gnu/arm/baremetal/bin/../lib/gcc/arm-altera-eabi/6.2.0/../../../../arm-altera-eabi/lib\libc.a(lib_a-init.o)
                              c:/intelfpga/18.1/embedded/host_tools/mentor/gnu/arm/baremetal/bin/../lib/gcc/arm-altera-eabi/6.2.0/../../../../arm-altera-eabi/lib\libcs3.a(start_c.o) (__libc_init_array)
c:/intelfpga/18.1/embedded/host_tools/mentor/gnu/arm/baremetal/bin/../lib/gcc/arm-altera-eabi/6.2.0/../../../../arm-altera-eabi/lib\libc.a(lib_a-malloc.o)
                              CtrlStruct.o (malloc)
c:/intelfpga/18.1/embedded/host_tools/mentor/gnu/arm/baremetal/bin/../lib/gcc/arm-altera-eabi/6.2.0/../../../../arm-altera-eabi/lib\libc.a(lib_a-mallocr.o)
                              c:/intelfpga/18.1/embedded/host_tools/mentor/gnu/arm/baremetal/bin/../lib/gcc/arm-altera-eabi/6.2.0/../../../../arm-altera-eabi/lib\libc.a(lib_a-callocr.o) (_malloc_r)
c:/intelfpga/18.1/embedded/host_tools/mentor/gnu/arm/baremetal/bin/../lib/gcc/arm-altera-eabi/6.2.0/../../../../arm-altera-eabi/lib\libc.a(lib_a-memcpy-stub.o)
                              MyApp_Tutorial.o (memcpy)
c:/intelfpga/18.1/embedded/host_tools/mentor/gnu/arm/baremetal/bin/../lib/gcc/arm-altera-eabi/6.2.0/../../../../arm-altera-eabi/lib\libc.a(lib_a-memmove.o)
                              ../../mAbassi/Platform/lib\lib_mAbassi_EVAL_GCC_AR5_CY5.a(mAbassi_EVAL_A9_GCC_2_NR.o) (memmove)
c:/intelfpga/18.1/embedded/host_tools/mentor/gnu/arm/baremetal/bin/../lib/gcc/arm-altera-eabi/6.2.0/../../../../arm-altera-eabi/lib\libc.a(lib_a-memset.o)
                              dw_uart.o (memset)
c:/intelfpga/18.1/embedded/host_tools/mentor/gnu/arm/baremetal/bin/../lib/gcc/arm-altera-eabi/6.2.0/../../../../arm-altera-eabi/lib\libc.a(lib_a-mlock.o)
[...]
Memory Configuration

Name             Origin             Length             Attributes
ram              0x00100040         0x3fefffc0         xrw
uram             0xffff0000         0x00010000         xrw
*default*        0x00000000         0xffffffff

Linker script and memory map

LOAD c:/intelfpga/18.1/embedded/host_tools/mentor/gnu/arm/baremetal/bin/../lib/gcc/arm-altera-eabi/6.2.0/crti.o
LOAD c:/intelfpga/18.1/embedded/host_tools/mentor/gnu/arm/baremetal/bin/../lib/gcc/arm-altera-eabi/6.2.0/crtbegin.o
LOAD Main_mAbassi.o
LOAD MyApp_Tutorial.o
LOAD SysCall_noFS.o
LOAD TIMERinit.o
LOAD dw_uart.o
LOAD dw_i2c.o
LOAD alt_gpio.o
LOAD dw_spi.o
LOAD MyDriver_CAN.o
LOAD PID.o
LOAD CtrlStruct.o
LOAD odometry.o
LOAD path_planning.o
LOAD Real_localisation.o
LOAD opponents.o
LOAD Dynamixels.o
LOAD strategy.o
LOAD MyApp_I2C.o
LOAD alt_generalpurpose_io.o
LOAD mAbassiCfgA9.o
LOAD ../../mAbassi/Platform/lib\lib_mAbassi_EVAL_GCC_AR5_CY5.a
LOAD c:/intelfpga/18.1/embedded/host_tools/mentor/gnu/arm/baremetal/bin/../lib/gcc/arm-altera-eabi/6.2.0/../../../../arm-altera-eabi/lib\libcs3.a
LOAD c:/intelfpga/18.1/embedded/host_tools/mentor/gnu/arm/baremetal/bin/../lib/gcc/arm-altera-eabi/6.2.0/../../../../arm-altera-eabi/lib\libcs3unhosted.a
LOAD c:/intelfpga/18.1/embedded/host_tools/mentor/gnu/arm/baremetal/bin/../lib/gcc/arm-altera-eabi/6.2.0/../../../../arm-altera-eabi/lib\libcs3arm.a
LOAD c:/intelfpga/18.1/embedded/host_tools/mentor/gnu/arm/baremetal/bin/../lib/gcc/arm-altera-eabi/6.2.0\libgcc.a
LOAD c:/intelfpga/18.1/embedded/host_tools/mentor/gnu/arm/baremetal/bin/../lib/gcc/arm-altera-eabi/6.2.0/../../../../arm-altera-eabi/lib\libc.a
LOAD c:/intelfpga/18.1/embedded/host_tools/mentor/gnu/arm/baremetal/bin/../lib/gcc/arm-altera-eabi/6.2.0/../../../../arm-altera-eabi/lib\libstdc++.a
LOAD c:/intelfpga/18.1/embedded/host_tools/mentor/gnu/arm/baremetal/bin/../lib/gcc/arm-altera-eabi/6.2.0/../../../../arm-altera-eabi/lib\libm.a
START GROUP
LOAD c:/intelfpga/18.1/embedded/host_tools/mentor/gnu/arm/baremetal/bin/../lib/gcc/arm-altera-eabi/6.2.0\libgcc.a
LOAD c:/intelfpga/18.1/embedded/host_tools/mentor/gnu/arm/baremetal/bin/../lib/gcc/arm-altera-eabi/6.2.0/../../../../arm-altera-eabi/lib\libc.a
END GROUP
LOAD c:/intelfpga/18.1/embedded/host_tools/mentor/gnu/arm/baremetal/bin/../lib/gcc/arm-altera-eabi/6.2.0/crtend.o
LOAD c:/intelfpga/18.1/embedded/host_tools/mentor/gnu/arm/baremetal/bin/../lib/gcc/arm-altera-eabi/6.2.0/crtn.o
                0x00002000                _STACK_SIZE = DEFINED (_STACK_SIZE)?_STACK_SIZE:0x2000
                0x10000000                _MDRV_SIZE = DEFINED (_MDRV_SIZE)?_MDRV_SIZE:0x10000000
                0x00000800                _SUPERVISOR_STACK_SIZE = DEFINED (_SUPERVISOR_STACK_SIZE)?_SUPERVISOR_STACK_SIZE:0x800
                0x00000800                _ABORT_STACK_SIZE = DEFINED (_ABORT_STACK_SIZE)?_ABORT_STACK_SIZE:0x800
                0x00000800                _FIQ_STACK_SIZE = DEFINED (_FIQ_STACK_SIZE)?_FIQ_STACK_SIZE:0x800
                0x00002000                _IRQ_STACK_SIZE = DEFINED (_IRQ_STACK_SIZE)?_IRQ_STACK_SIZE:0x2000
                0x00000800                _UNDEF_STACK_SIZE = DEFINED (_UNDEF_STACK_SIZE)?_UNDEF_STACK_SIZE:0x800
                0x00000001                PROVIDE (__cs3_region_num, ((__cs3_regions_end - __cs3_regions) / 0x14))
                0x0011c870                __libc_fini = _fini

.text           0x00100040    0x1bcf8
 CREATE_OBJECT_SYMBOLS
                0x00100040                __cs3_region_start_ram = .
                0x00100040                _ftext = .
 *(.cs3.region-head.ram)
                0x00000001                ASSERT ((. == __cs3_region_start_ram), .cs3.region-head.ram not permitted)
                0x00100040                __cs3_interrupt_vector = __cs3_interrupt_vector_arm
 *(.cs3.interrupt_vector)
 .cs3.interrupt_vector
                0x00100040       0x3c ../../mAbassi/Platform/lib\lib_mAbassi_EVAL_GCC_AR5_CY5.a(mAbassi_EVAL_GCC_AR5_CY5_NR.o)
                0x00100040                Vectors
                0x00100040                __cs3_interrupt_vector_arm
                0x00100040                _vector_table
 *(.vectors)
                0x0010d8c4                PROVIDE (__cs3_reset, __cs3_reset_generic)
 *(.cs3.reset)
                [0x00100110]                _start = DEFINED (__cs3_start_asm)?__cs3_start_asm:_start
 *(.text.cs3.init)
 .text.cs3.init
                0x0010007c       0x94 c:/intelfpga/18.1/embedded/host_tools/mentor/gnu/arm/baremetal/bin/../lib/gcc/arm-altera-eabi/6.2.0/../../../../arm-altera-eabi/lib\libcs3.a(start_c.o)
                0x0010007c                __cs3_start_c
 .text.cs3.init
                0x00100110        0xc c:/intelfpga/18.1/embedded/host_tools/mentor/gnu/arm/baremetal/bin/../lib/gcc/arm-altera-eabi/6.2.0/../../../../arm-altera-eabi/lib\libcs3unhosted.a(unhosted-start.o)
 *(.text .text.* .gnu.linkonce.t.*)
 .text          0x0010011c      0x108 c:/intelfpga/18.1/embedded/host_tools/mentor/gnu/arm/baremetal/bin/../lib/gcc/arm-altera-eabi/6.2.0/crtbegin.o
 .text.startup.main
                0x00100224      0x15c Main_mAbassi.o
                0x00100224                main
 .text.TIMcallBack
                0x00100380        0x4 Main_mAbassi.o
                0x00100380                TIMcallBack
 .text.button_CallbackInterrupt
                0x00100384       0x48 MyApp_Tutorial.o
                0x00100384                button_CallbackInterrupt
 .text.spi_CallbackInterrupt
                0x001003cc       0x68 MyApp_Tutorial.o
                0x001003cc                spi_CallbackInterrupt
 .text.wait     0x00100434       0x74 MyApp_Tutorial.o
                0x00100434                wait
 .text.CAN_initial
                0x001004a8       0x4c MyApp_Tutorial.o
                0x001004a8                CAN_initial
 .text.Task_Main
                0x001004f4      0x10c MyApp_Tutorial.o
                0x001004f4                Task_Main
 .text.Task_Sonar
                0x00100600       0xb0 MyApp_Tutorial.o
                0x00100600                Task_Sonar
 .text.setup_Interrupt
                0x001006b0       0x8c MyApp_Tutorial.o
                0x001006b0                setup_Interrupt
 .text.setup_hps_gpio
                0x0010073c       0x78 MyApp_Tutorial.o
                0x0010073c                setup_hps_gpio
 .text.Hardware_setup
                0x001007b4       0x80 MyApp_Tutorial.o
                0x001007b4                Hardware_setup
 .text.SysCallInit
                0x00100834        0x4 SysCall_noFS.o
                0x00100834                SysCallInit
 .text._close_r
                0x00100838       0x10 SysCall_noFS.o
                0x00100838                _close_r
 .text._read_r  0x00100848       0x88 SysCall_noFS.o
                0x00100848                _read_r
 .text._write_r
                0x001008d0       0x88 SysCall_noFS.o
                0x001008d0                _write_r
 .text._lseek_r
                0x00100958       0x10 SysCall_noFS.o
                0x00100958                _lseek_r
 .text._fstat_r
                0x00100968       0x10 SysCall_noFS.o
                0x00100968                _fstat_r
 .text._isatty_r
                0x00100978       0x10 SysCall_noFS.o
                0x00100978                _isatty_r
 .text.TIMERinit
                0x00100988       0x28 TIMERinit.o
                0x00100988                TIMERinit
 .text.uart_send
                0x001009b0      0x8a8 dw_uart.o
                0x001009b0                uart_send
 .text.uart_recv
                0x00101258      0x794 dw_uart.o
                0x00101258                uart_recv
 .text.uart_init
                0x001019ec      0x3f4 dw_uart.o
                0x001019ec                uart_init
 .text.UARTintHndl_0
                0x00101de0      0x1a0 dw_uart.o
                0x00101de0                UARTintHndl_0
 .text.UARTintHndl_1
                0x00101f80      0x1a0 dw_uart.o
                0x00101f80                UARTintHndl_1
 .text.i2c_init
                0x00102120      0x560 dw_i2c.o
                0x00102120                i2c_init
 .text.gpio_dir
                0x00102680       0xc0 alt_gpio.o
                0x00102680                gpio_dir
 .text.gpio_set
                0x00102740       0x9c alt_gpio.o
                0x00102740                gpio_set
 .text.gpio_init
                0x001027dc       0x54 alt_gpio.o
                0x001027dc                gpio_init
 .text.spi_send
                0x00102830      0xb94 dw_spi.o
                0x00102830                spi_send
 .text.spi_send_recv
                0x001033c4     0x12cc dw_spi.o
                0x001033c4                spi_send_recv
 .text.spi_init
                0x00104690      0x3fc dw_spi.o
                0x00104690                spi_init
 .text.CAN_init
                0x00104a8c      0xd44 MyDriver_CAN.o
                0x00104a8c                CAN_init
 .text.CAN_sendMsg
                0x001057d0      0x280 MyDriver_CAN.o
                0x001057d0                CAN_sendMsg
 .text.CAN_readMsg
                0x00105a50      0x4dc MyDriver_CAN.o
                0x00105a50                CAN_readMsg
 .text.init_speed_reg
                0x00105f2c       0x2c PID.o
                0x00105f2c                init_speed_reg
 .text.ctrl_motor
                0x00105f58       0x4c PID.o
                0x00105f58                ctrl_motor
 *fill*         0x00105fa4        0x4 
 .text.push_propDC
                0x00105fa8       0xe8 PID.o
                0x00105fa8                push_propDC
 .text.speed_regulation
                0x00106090      0x298 PID.o
                0x00106090                speed_regulation
 .text.init_CtrlStruct
                0x00106328       0x6c CtrlStruct.o
                0x00106328                init_CtrlStruct
 .text.init_odometry
                0x00106394      0x134 odometry.o
                0x00106394                init_odometry
 .text.update_odometry
                0x001064c8      0x170 odometry.o
                0x001064c8                update_odometry
 .text.init_path
                0x00106638       0xc4 path_planning.o
                0x00106638                init_path
 *fill*         0x001066fc        0x4 
 .text.check_obstacle
                0x00106700      0x1f0 path_planning.o
                0x00106700                check_obstacle
 .text.impose_orientation
                0x001068f0       0xd0 path_planning.o
                0x001068f0                impose_orientation
 .text.planning
                0x001069c0      0x800 path_planning.o
                0x001069c0                planning
 .text.Impose_translation
                0x001071c0      0x140 path_planning.o
                0x001071c0                Impose_translation
 .text.init_realposition
                0x00107300       0x2c Real_localisation.o
                0x00107300                init_realposition
 *fill*         0x0010732c        0x4 
 .text.update_realposition
                0x00107330       0x50 Real_localisation.o
                0x00107330                update_realposition
 .text.init_opponents
                0x00107380       0x38 opponents.o
                0x00107380                init_opponents
 .text.update_opponents
                0x001073b8      0x218 opponents.o
                0x001073b8                update_opponents
 .text.send_packet.constprop.2
                0x001075d0      0x1a0 Dynamixels.o
 .text.deploy_flag
                0x00107770      0x1a4 Dynamixels.o
                0x00107770                deploy_flag
 .text.deploy_shovels
                0x00107914      0x1d8 Dynamixels.o
                0x00107914                deploy_shovels
 .text.reploy_shovels
                0x00107aec      0x1d8 Dynamixels.o
                0x00107aec                reploy_shovels
 .text.deploy_right_arm
                0x00107cc4      0x1cc Dynamixels.o
                0x00107cc4                deploy_right_arm
 .text.reploy_right_arm
                0x00107e90      0x1b8 Dynamixels.o
                0x00107e90                reploy_right_arm
 .text.deploy_left_arm
                0x00108048      0x1ec Dynamixels.o
                0x00108048                deploy_left_arm
 .text.reploy_left_arm
                0x00108234      0x1b8 Dynamixels.o
                0x00108234                reploy_left_arm
 .text.init_state
                0x001083ec       0x24 strategy.o
                0x001083ec                init_state
 .text.update_state
                0x00108410      0x6ec strategy.o
                0x00108410                update_state
 .text.optional_irq_callback
                0x00108afc       0xd4 MyApp_I2C.o
 .text.alt_avalon_i2c_cmd_write.constprop.17
                0x00108bd0      0x114 MyApp_I2C.o
 .text.alt_avalon_i2c_cmd_write
                0x00108ce4      0x11c MyApp_I2C.o
                0x00108ce4                alt_avalon_i2c_cmd_write
 .text.alt_avalon_i2c_send_address.part.2
                0x00108e00      0x120 MyApp_I2C.o
 .text.alt_avalon_i2c_master_tx.constprop.11
                0x00108f20      0x274 MyApp_I2C.o
 .text.alt_avalon_i2c_master_receive.part.3.constprop.16
                0x00109194      0x188 MyApp_I2C.o
 .text.alt_avalon_i2c_master_tx_rx.constprop.7
                0x0010931c      0x1e4 MyApp_I2C.o
 .text.range_sonar
                0x00109500      0x2e0 MyApp_I2C.o
                0x00109500                range_sonar
 .text.init_I2C
                0x001097e0      0x4ec MyApp_I2C.o
                0x001097e0                init_I2C
 .text.alt_gpio_init
                0x00109ccc       0x28 alt_generalpurpose_io.o
                0x00109ccc                alt_gpio_init
 .text.alt_gpio_group_config
                0x00109cf4      0x41c alt_generalpurpose_io.o
                0x00109cf4                alt_gpio_group_config
 .text.TSKcreate.constprop.0
                0x0010a110       0xf0 ../../mAbassi/Platform/lib\lib_mAbassi_EVAL_GCC_AR5_CY5.a(mAbassi_EVAL_A9_GCC_2_NR.o)
 .text.Abassi   0x0010a200     0x2850 ../../mAbassi/Platform/lib\lib_mAbassi_EVAL_GCC_AR5_CY5.a(mAbassi_EVAL_A9_GCC_2_NR.o)
                0x0010a200                Abassi
 .text.TSKcreate
                0x0010ca50      0x350 ../../mAbassi/Platform/lib\lib_mAbassi_EVAL_GCC_AR5_CY5.a(mAbassi_EVAL_A9_GCC_2_NR.o)
                0x0010ca50                TSKcreate
 .text.OSstart  0x0010cda0      0x17c ../../mAbassi/Platform/lib\lib_mAbassi_EVAL_GCC_AR5_CY5.a(mAbassi_EVAL_A9_GCC_2_NR.o)
                0x0010cda0                OSstart
 .text.TSKstart
                0x0010cf1c       0x60 ../../mAbassi/Platform/lib\lib_mAbassi_EVAL_GCC_AR5_CY5.a(mAbassi_EVAL_A9_GCC_2_NR.o)
                0x0010cf1c                TSKstart
 .text.SEM__open
                0x0010cf7c      0x144 ../../mAbassi/Platform/lib\lib_mAbassi_EVAL_GCC_AR5_CY5.a(mAbassi_EVAL_A9_GCC_2_NR.o)
                0x0010cf7c                SEM__open
 .text.MBX__open
                0x0010d0c0      0x154 ../../mAbassi/Platform/lib\lib_mAbassi_EVAL_GCC_AR5_CY5.a(mAbassi_EVAL_A9_GCC_2_NR.o)
                0x0010d0c0                MBX__open
 .text.MBXget   0x0010d214      0x128 ../../mAbassi/Platform/lib\lib_mAbassi_EVAL_GCC_AR5_CY5.a(mAbassi_EVAL_A9_GCC_2_NR.o)
                0x0010d214                MBXget
 .text.MBXput   0x0010d33c       0xd8 ../../mAbassi/Platform/lib\lib_mAbassi_EVAL_GCC_AR5_CY5.a(mAbassi_EVAL_A9_GCC_2_NR.o)
                0x0010d33c                MBXput
 .text.TIMtick  0x0010d414      0x4a0 ../../mAbassi/Platform/lib\lib_mAbassi_EVAL_GCC_AR5_CY5.a(mAbassi_EVAL_A9_GCC_2_NR.o)
                0x0010d414                TIMtick
 .text          0x0010d8b4      0xb48 ../../mAbassi/Platform/lib\lib_mAbassi_EVAL_GCC_AR5_CY5.a(mAbassi_EVAL_GCC_AR5_CY5_NR.o)
                0x0010d8c4                __cs3_reset_generic
                0x0010d8c4                Reset_Handler
                0x0010d8c4                boot
                0x0010d8c4                _prestart
                0x0010dc6c                _exit
                0x0010dc74                _sbrk_r
                0x0010dcac                OStrap
                0x0010dcc4                __cs3_isr_swi
                0x0010dcc4                mySWI
                0x0010dd0c                SWI_Handler
                0x0010dd10                OScontext
                0x0010dd30                CoreContext
                0x0010dd44                OSstack
                0x0010dda0                OSintCtrl
                0x0010ddc0                OSintBack
                0x0010ddd0                OSintOff
                0x0010dddc                OSintOn
                0x0010dde4                OSisrInfo
                0x0010ddf4                __cs3_isr_irq
                0x0010ddf4                ISRdispatch
                0x0010df28                OSinvalidISR
                0x0010df30                COREgetPeriph
                0x0010df38                COREgetID
                0x0010df44                GICinit
                0x0010dfe8                GICenable
                0x0010e128                COREstart1
                0x0010e134                COREstart2
                0x0010e140                COREstart3
                0x0010e14c                COREstart0
                0x0010e158                CoreIdle
                0x0010e188                COREsafeGetID
                0x0010e1ac                COREsendISR
                0x0010e1e0                COREwakeISR
                0x0010e20c                COREisInISR
                0x0010e220                COREtaskNow
                0x0010e244                COREchkRedo
                0x0010e2a4                CORElock
                0x0010e2d4                COREunlock
                0x0010e2e8                SPINlock
                0x0010e2f8                SPINtrylock
                0x0010e308                SPIN_lock
                0x0010e390                SPINunlock
 .text          0x0010e3fc      0x798 ../../mAbassi/Platform/lib\lib_mAbassi_EVAL_GCC_AR5_CY5.a(ARMv7_SMP_L1_L2_GCC_AR5_CY5.o)
                0x0010e3fc                COREcacheON
                0x0010e888                DCacheInvalRange
                0x0010e99c                DCacheFlushRange
                0x0010eab0                MMUlog2Phy
                0x0010eb10                MMUphy2Log
 .text          0x0010eb94       0x4c c:/intelfpga/18.1/embedded/host_tools/mentor/gnu/arm/baremetal/bin/../lib/gcc/arm-altera-eabi/6.2.0/../../../../arm-altera-eabi/lib\libcs3.a(start_c.o)
                0x0010eb94                __cs3_premain
 .text          0x0010ebe0      0x114 c:/intelfpga/18.1/embedded/host_tools/mentor/gnu/arm/baremetal/bin/../lib/gcc/arm-altera-eabi/6.2.0\libgcc.a(_udivsi3.o)
                0x0010ebe0                __aeabi_uidiv
                0x0010ebe0                __udivsi3
                0x0010ecd4                __aeabi_uidivmod
 .text          0x0010ecf4      0x148 c:/intelfpga/18.1/embedded/host_tools/mentor/gnu/arm/baremetal/bin/../lib/gcc/arm-altera-eabi/6.2.0\libgcc.a(_divsi3.o)
                0x0010ecf4                __divsi3
                0x0010ecf4                __aeabi_idiv
                0x0010ee1c                __aeabi_idivmod
 .text          0x0010ee3c        0x4 c:/intelfpga/18.1/embedded/host_tools/mentor/gnu/arm/baremetal/bin/../lib/gcc/arm-altera-eabi/6.2.0\libgcc.a(_dvmd_tls.o)
                0x0010ee3c                __aeabi_idiv0
                0x0010ee3c                __aeabi_ldiv0
 .text          0x0010ee40       0x24 c:/intelfpga/18.1/embedded/host_tools/mentor/gnu/arm/baremetal/bin/../lib/gcc/arm-altera-eabi/6.2.0/../../../../arm-altera-eabi/lib\libc.a(lib_a-calloc.o)
                0x0010ee40                calloc
 .text          0x0010ee64       0x98 c:/intelfpga/18.1/embedded/host_tools/mentor/gnu/arm/baremetal/bin/../lib/gcc/arm-altera-eabi/6.2.0/../../../../arm-altera-eabi/lib\libc.a(lib_a-callocr.o)
                0x0010ee64                _calloc_r
 .text          0x0010eefc       0x34 c:/intelfpga/18.1/embedded/host_tools/mentor/gnu/arm/baremetal/bin/../lib/gcc/arm-altera-eabi/6.2.0/../../../../arm-altera-eabi/lib\libc.a(lib_a-exit.o)
                0x0010eefc                exit
 .text          0x0010ef30       0x10 c:/intelfpga/18.1/embedded/host_tools/mentor/gnu/arm/baremetal/bin/../lib/gcc/arm-altera-eabi/6.2.0/../../../../arm-altera-eabi/lib\libc.a(lib_a-getreent.o)
                0x0010ef30                __getreent
 .text          0x0010ef40       0x80 c:/intelfpga/18.1/embedded/host_tools/mentor/gnu/arm/baremetal/bin/../lib/gcc/arm-altera-eabi/6.2.0/../../../../arm-altera-eabi/lib\libc.a(lib_a-init.o)
                0x0010ef40                __libc_init_array
 .text          0x0010efc0       0x38 c:/intelfpga/18.1/embedded/host_tools/mentor/gnu/arm/baremetal/bin/../lib/gcc/arm-altera-eabi/6.2.0/../../../../arm-altera-eabi/lib\libc.a(lib_a-malloc.o)
                0x0010efc0                malloc
                0x0010efdc                free
 .text          0x0010eff8      0x750 c:/intelfpga/18.1/embedded/host_tools/mentor/gnu/arm/baremetal/bin/../lib/gcc/arm-altera-eabi/6.2.0/../../../../arm-altera-eabi/lib\libc.a(lib_a-mallocr.o)
                0x0010eff8                _malloc_r
 .text          0x0010f748      0x114 c:/intelfpga/18.1/embedded/host_tools/mentor/gnu/arm/baremetal/bin/../lib/gcc/arm-altera-eabi/6.2.0/../../../../arm-altera-eabi/lib\libc.a(lib_a-memcpy-stub.o)
                0x0010f748                memcpy
 .text          0x0010f85c      0x148 c:/intelfpga/18.1/embedded/host_tools/mentor/gnu/arm/baremetal/bin/../lib/gcc/arm-altera-eabi/6.2.0/../../../../arm-altera-eabi/lib\libc.a(lib_a-memmove.o)
                0x0010f85c                memmove
 .text          0x0010f9a4      0x114 c:/intelfpga/18.1/embedded/host_tools/mentor/gnu/arm/baremetal/bin/../lib/gcc/arm-altera-eabi/6.2.0/../../../../arm-altera-eabi/lib\libc.a(lib_a-memset.o)
                0x0010f9a4                memset
 .text          0x0010fab8       0x30 c:/intelfpga/18.1/embedded/host_tools/mentor/gnu/arm/baremetal/bin/../lib/gcc/arm-altera-eabi/6.2.0/../../../../arm-altera-eabi/lib\libc.a(lib_a-mlock.o)
                0x0010fab8                __malloc_lock
                0x0010fad0                __malloc_unlock
 .text.startup  0x0010fae8       0x18 c:/intelfpga/18.1/embedded/host_tools/mentor/gnu/arm/baremetal/bin/../lib/gcc/arm-altera-eabi/6.2.0/../../../../arm-altera-eabi/lib\libc.a(lib_a-mlock.o)
 .text          0x0010fb00       0x6c c:/intelfpga/18.1/embedded/host_tools/mentor/gnu/arm/baremetal/bin/../lib/gcc/arm-altera-eabi/6.2.0/../../../../arm-altera-eabi/lib\libc.a(lib_a-printf.o)
                0x0010fb00                _printf_r
                0x0010fb34                printf
 .text          0x0010fb6c       0x34 c:/intelfpga/18.1/embedded/host_tools/mentor/gnu/arm/baremetal/bin/../lib/gcc/arm-altera-eabi/6.2.0/../../../../arm-altera-eabi/lib\libc.a(lib_a-putchar.o)
                0x0010fb6c                _putchar_r
                0x0010fb80                putchar
 .text          0x0010fba0      0x12c c:/intelfpga/18.1/embedded/host_tools/mentor/gnu/arm/baremetal/bin/../lib/gcc/arm-altera-eabi/6.2.0/../../../../arm-altera-eabi/lib\libc.a(lib_a-puts.o)
                0x0010fba0                _puts_r
                0x0010fcb4                puts
 .text          0x0010fccc      0x258 c:/intelfpga/18.1/embedded/host_tools/mentor/gnu/arm/baremetal/bin/../lib/gcc/arm-altera-eabi/6.2.0/../../../../arm-altera-eabi/lib\libc.a(lib_a-setvbuf.o)
                0x0010fccc                setvbuf
 .text          0x0010ff24      0x224 c:/intelfpga/18.1/embedded/host_tools/mentor/gnu/arm/baremetal/bin/../lib/gcc/arm-altera-eabi/6.2.0/../../../../arm-altera-eabi/lib\libc.a(lib_a-strcmp.o)
                0x0010ff24                strcmp
 .text          0x00110148       0xf0 c:/intelfpga/18.1/embedded/host_tools/mentor/gnu/arm/baremetal/bin/../lib/gcc/arm-altera-eabi/6.2.0/../../../../arm-altera-eabi/lib\libc.a(lib_a-strcpy.o)
                0x00110148                strcpy
 .text          0x00110238       0x60 c:/intelfpga/18.1/embedded/host_tools/mentor/gnu/arm/baremetal/bin/../lib/gcc/arm-altera-eabi/6.2.0/../../../../arm-altera-eabi/lib\libc.a(lib_a-strlen-stub.o)
                0x00110238                strlen
 .text          0x00110298     0x22ec c:/intelfpga/18.1/embedded/host_tools/mentor/gnu/arm/baremetal/bin/../lib/gcc/arm-altera-eabi/6.2.0/../../../../arm-altera-eabi/lib\libc.a(lib_a-vfprintf.o)
                0x00110298                _vfprintf_r
                0x0011248c                vfprintf
 .text          0x00112584      0x158 c:/intelfpga/18.1/embedded/host_tools/mentor/gnu/arm/baremetal/bin/../lib/gcc/arm-altera-eabi/6.2.0/../../../../arm-altera-eabi/lib\libc.a(lib_a-wsetup.o)
                0x00112584                __swsetup_r
 .text          0x001126dc      0x184 c:/intelfpga/18.1/embedded/host_tools/mentor/gnu/arm/baremetal/bin/../lib/gcc/arm-altera-eabi/6.2.0/../../../../arm-altera-eabi/lib\libc.a(lib_a-__call_atexit.o)
                0x001126dc                __call_exitprocs
 .text.startup  0x00112860       0x40 c:/intelfpga/18.1/embedded/host_tools/mentor/gnu/arm/baremetal/bin/../lib/gcc/arm-altera-eabi/6.2.0/../../../../arm-altera-eabi/lib\libc.a(lib_a-__call_atexit.o)
 .text          0x001128a0       0x20 c:/intelfpga/18.1/embedded/host_tools/mentor/gnu/arm/baremetal/bin/../lib/gcc/arm-altera-eabi/6.2.0/../../../../arm-altera-eabi/lib\libc.a(lib_a-atexit.o)
                0x001128a0                atexit
 .text          0x001128c0     0x181c c:/intelfpga/18.1/embedded/host_tools/mentor/gnu/arm/baremetal/bin/../lib/gcc/arm-altera-eabi/6.2.0/../../../../arm-altera-eabi/lib\libc.a(lib_a-dtoa.o)
                0x00112aa0                _dtoa_r
 .text          0x001140dc      0x314 c:/intelfpga/18.1/embedded/host_tools/mentor/gnu/arm/baremetal/bin/../lib/gcc/arm-altera-eabi/6.2.0/../../../../arm-altera-eabi/lib\libc.a(lib_a-fflush.o)
                0x001140dc                __sflush_r
                0x00114318                _fflush_r
                0x001143b4                fflush
 .text          0x001143f0      0x3e4 c:/intelfpga/18.1/embedded/host_tools/mentor/gnu/arm/baremetal/bin/../lib/gcc/arm-altera-eabi/6.2.0/../../../../arm-altera-eabi/lib\libc.a(lib_a-findfp.o)
                0x001143f0                _cleanup_r
                0x001144fc                __sfmoreglue
                0x0011454c                _cleanup
                0x00114570                __sinit
                0x00114604                __sfp
                0x00114724                __sfp_lock_acquire
                0x0011473c                __sfp_lock_release
                0x00114754                __sinit_lock_acquire
                0x0011476c                __sinit_lock_release
                0x00114784                __fp_lock_all
                0x001147ac                __fp_unlock_all
 .text.startup  0x001147d4       0x30 c:/intelfpga/18.1/embedded/host_tools/mentor/gnu/arm/baremetal/bin/../lib/gcc/arm-altera-eabi/6.2.0/../../../../arm-altera-eabi/lib\libc.a(lib_a-findfp.o)
 .text          0x00114804       0x48 c:/intelfpga/18.1/embedded/host_tools/mentor/gnu/arm/baremetal/bin/../lib/gcc/arm-altera-eabi/6.2.0/../../../../arm-altera-eabi/lib\libc.a(lib_a-fini.o)
                0x00114804                __libc_fini_array
 .text          0x0011484c      0x3e0 c:/intelfpga/18.1/embedded/host_tools/mentor/gnu/arm/baremetal/bin/../lib/gcc/arm-altera-eabi/6.2.0/../../../../arm-altera-eabi/lib\libc.a(lib_a-freer.o)
                0x0011484c                _malloc_trim_r
                0x0011494c                _free_r
 .text          0x00114c2c      0x4dc c:/intelfpga/18.1/embedded/host_tools/mentor/gnu/arm/baremetal/bin/../lib/gcc/arm-altera-eabi/6.2.0/../../../../arm-altera-eabi/lib\libc.a(lib_a-fvwrite.o)
                0x00114c2c                __sfvwrite_r
 .text          0x00115108      0x110 c:/intelfpga/18.1/embedded/host_tools/mentor/gnu/arm/baremetal/bin/../lib/gcc/arm-altera-eabi/6.2.0/../../../../arm-altera-eabi/lib\libc.a(lib_a-fwalk.o)
                0x00115108                _fwalk
                0x0011518c                _fwalk_reent
 .text          0x00115218       0x58 c:/intelfpga/18.1/embedded/host_tools/mentor/gnu/arm/baremetal/bin/../lib/gcc/arm-altera-eabi/6.2.0/../../../../arm-altera-eabi/lib\libc.a(lib_a-localeconv.o)
                0x00115218                __localeconv_l
                0x00115220                _localeconv_r
                0x00115248                localeconv
 .text          0x00115270      0x18c c:/intelfpga/18.1/embedded/host_tools/mentor/gnu/arm/baremetal/bin/../lib/gcc/arm-altera-eabi/6.2.0/../../../../arm-altera-eabi/lib\libc.a(lib_a-makebuf.o)
                0x00115270                __swhatbuf_r
                0x00115310                __smakebuf_r
 .text          0x001153fc      0x110 c:/intelfpga/18.1/embedded/host_tools/mentor/gnu/arm/baremetal/bin/../lib/gcc/arm-altera-eabi/6.2.0/../../../../arm-altera-eabi/lib\libc.a(lib_a-memchr-stub.o)
                0x001153fc                memchr
 .text          0x0011550c      0xd98 c:/intelfpga/18.1/embedded/host_tools/mentor/gnu/arm/baremetal/bin/../lib/gcc/arm-altera-eabi/6.2.0/../../../../arm-altera-eabi/lib\libc.a(lib_a-mprec.o)
                0x0011550c                _Balloc
                0x00115598                _Bfree
                0x001155b4                __multadd
                0x00115690                __s2b
                0x00115780                __hi0bits
                0x001157d8                __lo0bits
                0x00115878                __i2b
                0x0011589c                __multiply
                0x00115a6c                __pow5mult
                0x00115b70                __lshift
                0x00115c58                __mcmp
                0x00115cb8                __mdiff
                0x00115e60                __ulp
                0x00115ec8                __b2d
                0x00115fb4                __d2b
                0x001160c4                __ratio
                0x00116154                _mprec_log10
                0x001161b4                __copybits
                0x00116224                __any_on
 .text          0x001162a4      0x1bc c:/intelfpga/18.1/embedded/host_tools/mentor/gnu/arm/baremetal/bin/../lib/gcc/arm-altera-eabi/6.2.0/../../../../arm-altera-eabi/lib\libc.a(lib_a-putc.o)
                0x001162a4                _putc_r
                0x00116380                putc
 .text          0x00116460      0x4d4 c:/intelfpga/18.1/embedded/host_tools/mentor/gnu/arm/baremetal/bin/../lib/gcc/arm-altera-eabi/6.2.0/../../../../arm-altera-eabi/lib\libc.a(lib_a-reallocr.o)
                0x00116460                _realloc_r
 .text          0x00116934       0xd8 c:/intelfpga/18.1/embedded/host_tools/mentor/gnu/arm/baremetal/bin/../lib/gcc/arm-altera-eabi/6.2.0/../../../../arm-altera-eabi/lib\libc.a(lib_a-stdio.o)
                0x00116934                __sread
                0x00116968                __seofread
                0x00116970                __swrite
                0x001169c8                __sseek
                0x001169f8                __sclose
 .text          0x00116a0c     0x14c4 c:/intelfpga/18.1/embedded/host_tools/mentor/gnu/arm/baremetal/bin/../lib/gcc/arm-altera-eabi/6.2.0/../../../../arm-altera-eabi/lib\libc.a(lib_a-vfiprintf.o)
                0x00116abc                __sprint_r
                0x00116ad4                _vfiprintf_r
                0x00117dd8                vfiprintf
 .text          0x00117ed0      0x154 c:/intelfpga/18.1/embedded/host_tools/mentor/gnu/arm/baremetal/bin/../lib/gcc/arm-altera-eabi/6.2.0/../../../../arm-altera-eabi/lib\libc.a(lib_a-wbuf.o)
                0x00117ed0                __swbuf_r
                0x00118004                __swbuf
 .text          0x00118024       0xfc c:/intelfpga/18.1/embedded/host_tools/mentor/gnu/arm/baremetal/bin/../lib/gcc/arm-altera-eabi/6.2.0/../../../../arm-altera-eabi/lib\libc.a(lib_a-__atexit.o)
                0x00118024                __register_exitproc
 .text          0x00118120      0x180 c:/intelfpga/18.1/embedded/host_tools/mentor/gnu/arm/baremetal/bin/../lib/gcc/arm-altera-eabi/6.2.0/../../../../arm-altera-eabi/lib\libc.a(lib_a-fclose.o)
                0x00118120                _fclose_r
                0x00118288                fclose
 .text          0x001182a0      0x204 c:/intelfpga/18.1/embedded/host_tools/mentor/gnu/arm/baremetal/bin/../lib/gcc/arm-altera-eabi/6.2.0/../../../../arm-altera-eabi/lib\libc.a(lib_a-fputwc.o)
                0x001182a0                __fputwc
                0x001183b0                _fputwc_r
                0x0011846c                fputwc
 .text          0x001184a4       0xf4 c:/intelfpga/18.1/embedded/host_tools/mentor/gnu/arm/baremetal/bin/../lib/gcc/arm-altera-eabi/6.2.0/../../../../arm-altera-eabi/lib\libc.a(lib_a-locale.o)
                0x001184c8                _setlocale_r
                0x00118530                __locale_mb_cur_max
                0x00118558                __locale_ctype_ptr_l
                0x00118560                __locale_ctype_ptr
                0x00118578                setlocale
 .text          0x00118598       0xa0 c:/intelfpga/18.1/embedded/host_tools/mentor/gnu/arm/baremetal/bin/../lib/gcc/arm-altera-eabi/6.2.0/../../../../arm-altera-eabi/lib\libc.a(lib_a-mbtowc_r.o)
                0x00118598                _mbtowc_r
                0x001185ec                __ascii_mbtowc
 .text          0x00118638      0x150 c:/intelfpga/18.1/embedded/host_tools/mentor/gnu/arm/baremetal/bin/../lib/gcc/arm-altera-eabi/6.2.0/../../../../arm-altera-eabi/lib\libc.a(lib_a-wcrtomb.o)
                0x00118638                _wcrtomb_r
                0x001186dc                wcrtomb
 .text          0x00118788       0x74 c:/intelfpga/18.1/embedded/host_tools/mentor/gnu/arm/baremetal/bin/../lib/gcc/arm-altera-eabi/6.2.0/../../../../arm-altera-eabi/lib\libc.a(lib_a-wctomb_r.o)
                0x00118788                _wctomb_r
                0x001187d4                __ascii_wctomb
 *fill*         0x001187fc        0x4 
 .text          0x00118800      0x4a8 c:/intelfpga/18.1/embedded/host_tools/mentor/gnu/arm/baremetal/bin/../lib/gcc/arm-altera-eabi/6.2.0/../../../../arm-altera-eabi/lib\libm.a(lib_a-s_atan.o)
                0x00118800                atan
 .text          0x00118ca8       0xfc c:/intelfpga/18.1/embedded/host_tools/mentor/gnu/arm/baremetal/bin/../lib/gcc/arm-altera-eabi/6.2.0/../../../../arm-altera-eabi/lib\libm.a(lib_a-s_cos.o)
                0x00118ca8                cos
 .text          0x00118da4        0x8 c:/intelfpga/18.1/embedded/host_tools/mentor/gnu/arm/baremetal/bin/../lib/gcc/arm-altera-eabi/6.2.0/../../../../arm-altera-eabi/lib\libm.a(lib_a-s_fabs.o)
                0x00118da4                fabs
 .text          0x00118dac      0x100 c:/intelfpga/18.1/embedded/host_tools/mentor/gnu/arm/baremetal/bin/../lib/gcc/arm-altera-eabi/6.2.0/../../../../arm-altera-eabi/lib\libm.a(lib_a-s_sin.o)
                0x00118dac                sin
 .text          0x00118eac       0x10 c:/intelfpga/18.1/embedded/host_tools/mentor/gnu/arm/baremetal/bin/../lib/gcc/arm-altera-eabi/6.2.0/../../../../arm-altera-eabi/lib\libm.a(lib_a-w_atan2.o)
                0x00118eac                atan2
 .text          0x00118ebc      0x138 c:/intelfpga/18.1/embedded/host_tools/mentor/gnu/arm/baremetal/bin/../lib/gcc/arm-altera-eabi/6.2.0/../../../../arm-altera-eabi/lib\libm.a(lib_a-w_sqrt.o)
                0x00118ebc                sqrt
 *fill*         0x00118ff4        0x4 
 .text          0x00118ff8      0x28c c:/intelfpga/18.1/embedded/host_tools/mentor/gnu/arm/baremetal/bin/../lib/gcc/arm-altera-eabi/6.2.0/../../../../arm-altera-eabi/lib\libm.a(lib_a-e_atan2.o)
                0x00118ff8                __ieee754_atan2
 *fill*         0x00119284        0x4 
 .text          0x00119288      0x664 c:/intelfpga/18.1/embedded/host_tools/mentor/gnu/arm/baremetal/bin/../lib/gcc/arm-altera-eabi/6.2.0/../../../../arm-altera-eabi/lib\libm.a(lib_a-e_rem_pio2.o)
                0x00119288                __ieee754_rem_pio2
 .text          0x001198ec      0x230 c:/intelfpga/18.1/embedded/host_tools/mentor/gnu/arm/baremetal/bin/../lib/gcc/arm-altera-eabi/6.2.0/../../../../arm-altera-eabi/lib\libm.a(lib_a-e_sqrt.o)
                0x001198ec                __ieee754_sqrt
 *fill*         0x00119b1c        0x4 
 .text          0x00119b20      0x350 c:/intelfpga/18.1/embedded/host_tools/mentor/gnu/arm/baremetal/bin/../lib/gcc/arm-altera-eabi/6.2.0/../../../../arm-altera-eabi/lib\libm.a(lib_a-k_cos.o)
                0x00119b20                __kernel_cos
 .text          0x00119e70      0xcb8 c:/intelfpga/18.1/embedded/host_tools/mentor/gnu/arm/baremetal/bin/../lib/gcc/arm-altera-eabi/6.2.0/../../../../arm-altera-eabi/lib\libm.a(lib_a-k_rem_pio2.o)
                0x00119e70                __kernel_rem_pio2
 .text          0x0011ab28      0x20c c:/intelfpga/18.1/embedded/host_tools/mentor/gnu/arm/baremetal/bin/../lib/gcc/arm-altera-eabi/6.2.0/../../../../arm-altera-eabi/lib\libm.a(lib_a-k_sin.o)
                0x0011ab28                __kernel_sin
 *fill*         0x0011ad34        0x4 
 .text          0x0011ad38      0x19c c:/intelfpga/18.1/embedded/host_tools/mentor/gnu/arm/baremetal/bin/../lib/gcc/arm-altera-eabi/6.2.0/../../../../arm-altera-eabi/lib\libm.a(lib_a-s_floor.o)
                0x0011ad38                floor
 .text          0x0011aed4        0x8 c:/intelfpga/18.1/embedded/host_tools/mentor/gnu/arm/baremetal/bin/../lib/gcc/arm-altera-eabi/6.2.0/../../../../arm-altera-eabi/lib\libm.a(lib_a-s_matherr.o)
                0x0011aed4                matherr
 *fill*         0x0011aedc        0x4 
 .text          0x0011aee0      0x178 c:/intelfpga/18.1/embedded/host_tools/mentor/gnu/arm/baremetal/bin/../lib/gcc/arm-altera-eabi/6.2.0/../../../../arm-altera-eabi/lib\libm.a(lib_a-s_scalbn.o)
                0x0011aee0                scalbn
 .text          0x0011b058       0x10 c:/intelfpga/18.1/embedded/host_tools/mentor/gnu/arm/baremetal/bin/../lib/gcc/arm-altera-eabi/6.2.0/../../../../arm-altera-eabi/lib\libm.a(lib_a-s_copysign.o)
                0x0011b058                copysign
 .text          0x0011b068      0x41c c:/intelfpga/18.1/embedded/host_tools/mentor/gnu/arm/baremetal/bin/../lib/gcc/arm-altera-eabi/6.2.0\libgcc.a(_arm_addsubdf3.o)
                0x0011b068                __aeabi_drsub
                0x0011b070                __aeabi_dsub
                0x0011b070                __subdf3
                0x0011b074                __aeabi_dadd
                0x0011b074                __adddf3
                0x0011b384                __floatunsidf
                0x0011b384                __aeabi_ui2d
                0x0011b3a8                __floatsidf
                0x0011b3a8                __aeabi_i2d
                0x0011b3d0                __aeabi_f2d
                0x0011b3d0                __extendsfdf2
                0x0011b410                __floatundidf
                0x0011b410                __aeabi_ul2d
                0x0011b424                __floatdidf
                0x0011b424                __aeabi_l2d
 .text          0x0011b484      0x49c c:/intelfpga/18.1/embedded/host_tools/mentor/gnu/arm/baremetal/bin/../lib/gcc/arm-altera-eabi/6.2.0\libgcc.a(_arm_muldivdf3.o)
                0x0011b484                __aeabi_dmul
                0x0011b484                __muldf3
                0x0011b714                __divdf3
                0x0011b714                __aeabi_ddiv
 .text          0x0011b920      0x144 c:/intelfpga/18.1/embedded/host_tools/mentor/gnu/arm/baremetal/bin/../lib/gcc/arm-altera-eabi/6.2.0\libgcc.a(_arm_cmpdf2.o)
                0x0011b920                __gtdf2
                0x0011b920                __gedf2
                0x0011b928                __ltdf2
                0x0011b928                __ledf2
                0x0011b930                __nedf2
                0x0011b930                __eqdf2
                0x0011b930                __cmpdf2
                0x0011b9b8                __aeabi_cdrcmple
                0x0011b9d4                __aeabi_cdcmpeq
                0x0011b9d4                __aeabi_cdcmple
                0x0011b9ec                __aeabi_dcmpeq
                0x0011ba04                __aeabi_dcmplt
                0x0011ba1c                __aeabi_dcmple
                0x0011ba34                __aeabi_dcmpge
                0x0011ba4c                __aeabi_dcmpgt
 .text          0x0011ba64       0x38 c:/intelfpga/18.1/embedded/host_tools/mentor/gnu/arm/baremetal/bin/../lib/gcc/arm-altera-eabi/6.2.0\libgcc.a(_arm_unorddf2.o)
                0x0011ba64                __unorddf2
                0x0011ba64                __aeabi_dcmpun
 .text          0x0011ba9c       0x5c c:/intelfpga/18.1/embedded/host_tools/mentor/gnu/arm/baremetal/bin/../lib/gcc/arm-altera-eabi/6.2.0\libgcc.a(_arm_fixdfsi.o)
                0x0011ba9c                __aeabi_d2iz
                0x0011ba9c                __fixdfsi
 .text          0x0011baf8       0x3c c:/intelfpga/18.1/embedded/host_tools/mentor/gnu/arm/baremetal/bin/../lib/gcc/arm-altera-eabi/6.2.0\libgcc.a(_aeabi_uldivmod.o)
                0x0011baf8                __aeabi_uldivmod
 .text          0x0011bb34      0x12c c:/intelfpga/18.1/embedded/host_tools/mentor/gnu/arm/baremetal/bin/../lib/gcc/arm-altera-eabi/6.2.0\libgcc.a(_udivmoddi4.o)
                0x0011bb34                __udivmoddi4
 .text          0x0011bc60       0x58 c:/intelfpga/18.1/embedded/host_tools/mentor/gnu/arm/baremetal/bin/../lib/gcc/arm-altera-eabi/6.2.0\libgcc.a(gthr-generic.o)
                0x0011bc60                __generic_gxx_active_p
                0x0011bc68                __generic_gxx_key_create
                0x0011bc70                __generic_gxx_once
                0x0011bc74                __generic_gxx_key_delete
                0x0011bc7c                __generic_gxx_getspecific
                0x0011bc84                __generic_gxx_setspecific
                0x0011bc8c                __generic_gxx_recursive_mutex_init_function
                0x0011bc90                __generic_gxx_mutex_init_function
                0x0011bc94                __generic_gxx_recursive_mutex_destroy
                0x0011bc9c                __generic_gxx_recursive_mutex_unlock
                0x0011bca0                __generic_gxx_recursive_mutex_trylock
                0x0011bca4                __generic_gxx_recursive_mutex_lock
                0x0011bca8                __generic_gxx_mutex_unlock
                0x0011bcac                __generic_gxx_mutex_trylock
                0x0011bcb0                __generic_gxx_mutex_lock
                0x0011bcb4                __generic_gxx_mutex_destroy
 .text          0x0011bcb8       0x28 c:/intelfpga/18.1/embedded/host_tools/mentor/gnu/arm/baremetal/bin/../lib/gcc/arm-altera-eabi/6.2.0\libgcc.a(_clzdi2.o)
                0x0011bcb8                __clzdi2
 .text          0x0011bce0       0x48 c:/intelfpga/18.1/embedded/host_tools/mentor/gnu/arm/baremetal/bin/../lib/gcc/arm-altera-eabi/6.2.0\libgcc.a(_clzsi2.o)
                0x0011bce0                __clzsi2
 .text          0x0011bd28       0x10 c:/intelfpga/18.1/embedded/host_tools/mentor/gnu/arm/baremetal/bin/../lib/gcc/arm-altera-eabi/6.2.0/../../../../arm-altera-eabi/lib\libc.a(lib_a-errno.o)
                0x0011bd28                __errno
 *(.plt)
 *(.gnu.warning)
 *(.glue_7t)
 .glue_7t       0x0011bd38        0x0 linker stubs
 *(.glue_7)
 .glue_7        0x0011bd38        0x0 linker stubs
 *(.vfp11_veneer)
 .vfp11_veneer  0x0011bd38        0x0 linker stubs
 *(.ARM.extab* .gnu.linkonce.armextab.*)
 *(.gcc_except_table)

.v4_bx          0x0011bd38        0x0
 .v4_bx         0x0011bd38        0x0 linker stubs

.iplt           0x0011bd38        0x0
 .iplt          0x0011bd38        0x0 c:/intelfpga/18.1/embedded/host_tools/mentor/gnu/arm/baremetal/bin/../lib/gcc/arm-altera-eabi/6.2.0/crtbegin.o

.eh_frame_hdr
 *(.eh_frame_hdr)
 *(.eh_frame_entry .eh_frame_entry.*)

.eh_frame       0x0011bd38        0x4
 *(.eh_frame)
 .eh_frame      0x0011bd38        0x0 c:/intelfpga/18.1/embedded/host_tools/mentor/gnu/arm/baremetal/bin/../lib/gcc/arm-altera-eabi/6.2.0/crtbegin.o
 .eh_frame      0x0011bd38        0x4 c:/intelfpga/18.1/embedded/host_tools/mentor/gnu/arm/baremetal/bin/../lib/gcc/arm-altera-eabi/6.2.0/crtend.o
 *(.eh_frame.*)
                [!provide]                PROVIDE (__exidx_start, .)

.ARM.exidx      0x0011bd3c        0x8
 *(.ARM.exidx* .gnu.linkonce.armexidx.*)
 .ARM.exidx     0x0011bd3c        0x8 c:/intelfpga/18.1/embedded/host_tools/mentor/gnu/arm/baremetal/bin/../lib/gcc/arm-altera-eabi/6.2.0\libgcc.a(_udivmoddi4.o)
                [!provide]                PROVIDE (__exidx_end, .)

.rel.dyn        0x0011bd44        0x0
 .rel.iplt      0x0011bd44        0x0 c:/intelfpga/18.1/embedded/host_tools/mentor/gnu/arm/baremetal/bin/../lib/gcc/arm-altera-eabi/6.2.0/crtbegin.o

.rodata         0x0011bd48      0xb58
 *(.rodata .rodata.* .gnu.linkonce.r.*)
 .rodata.main.str1.4
                0x0011bd48        0xb Main_mAbassi.o
 *fill*         0x0011bd53        0x1 
 .rodata        0x0011bd54        0xc MyApp_Tutorial.o
 .rodata.CAN_initial.str1.4
                0x0011bd60        0x9 MyApp_Tutorial.o
 *fill*         0x0011bd69        0x3 
 .rodata.Hardware_setup.str1.4
                0x0011bd6c       0x13 MyApp_Tutorial.o
 *fill*         0x0011bd7f        0x1 
 .rodata.Task_Main.str1.4
                0x0011bd80        0xe MyApp_Tutorial.o
 *fill*         0x0011bd8e        0x2 
 .rodata.button_CallbackInterrupt.str1.4
                0x0011bd90        0xc MyApp_Tutorial.o
 .rodata.setup_hps_gpio.str1.4
                0x0011bd9c       0x31 MyApp_Tutorial.o
 *fill*         0x0011bdcd        0x3 
 .rodata.spi_CallbackInterrupt.str1.4
                0x0011bdd0       0x2a MyApp_Tutorial.o
 *fill*         0x0011bdfa        0x6 
 .rodata.BSecho.7309
                0x0011be00        0x2 dw_uart.o
 *fill*         0x0011be02        0x6 
 .rodata.g_DevReMap
                0x0011be08        0x8 dw_uart.o
 .rodata.g_HWaddr
                0x0011be10        0x8 dw_uart.o
 .rodata.g_Names
                0x0011be18       0x40 dw_uart.o
 .rodata.g_DevReMap
                0x0011be58       0x10 dw_i2c.o
 .rodata.g_HWaddr
                0x0011be68       0x10 dw_i2c.o
 .rodata.g_MuxIO
                0x0011be78       0xc0 dw_i2c.o
 .rodata.g_Names
                0x0011bf38       0x40 dw_i2c.o
 .rodata.g_DevReMap
                0x0011bf78       0x10 dw_spi.o
 .rodata.g_HWaddr
                0x0011bf88       0x10 dw_spi.o
 .rodata.g_IsMaster
                0x0011bf98        0x4 dw_spi.o
 *fill*         0x0011bf9c        0x4 
 .rodata.g_Names
                0x0011bfa0       0x40 dw_spi.o
 .rodata.CAN_writeCommand.str1.4
                0x0011bfe0       0x16 MyDriver_CAN.o
                                 0x31 (size before relaxing)
 *fill*         0x0011bff6        0x2 
 .rodata.init_odometry.str1.4
                0x0011bff8       0x30 odometry.o
 .rodata        0x0011c028       0x10 path_planning.o
 .rodata.update_opponents.str1.4
                0x0011c038       0x18 opponents.o
 .rodata.send_packet.constprop.2.str1.4
                0x0011c050       0x30 Dynamixels.o
 .rodata.alt_avalon_i2c_cmd_write.constprop.17.str1.4
                0x0011c080       0x2e MyApp_I2C.o
 *fill*         0x0011c0ae        0x2 
 .rodata.alt_avalon_i2c_enable.str1.4
                0x0011c0b0       0x14 MyApp_I2C.o
 .rodata.alt_avalon_i2c_master_receive.part.3.constprop.16.str1.4
                0x0011c0c4        0xc MyApp_I2C.o
 .rodata.alt_avalon_i2c_master_tx.constprop.11.str1.4
                0x0011c0d0       0x57 MyApp_I2C.o
 *fill*         0x0011c127        0x1 
 .rodata.alt_avalon_i2c_master_tx_rx.constprop.7.str1.4
                0x0011c128        0xb MyApp_I2C.o
 *fill*         0x0011c133        0x1 
 .rodata.alt_avalon_i2c_send_address.part.2.str1.4
                0x0011c134       0x9f MyApp_I2C.o
 *fill*         0x0011c1d3        0x1 
 .rodata.changing_gain.str1.4
                0x0011c1d4       0x31 MyApp_I2C.o
 *fill*         0x0011c205        0x3 
 .rodata.changing_range.str1.4
                0x0011c208       0x35 MyApp_I2C.o
 *fill*         0x0011c23d        0x3 
 .rodata.enabling_ColorSensor.str1.4
                0x0011c240       0x3a MyApp_I2C.o
 *fill*         0x0011c27a        0x2 
 .rodata.init_I2C.str1.4
                0x0011c27c       0x25 MyApp_I2C.o
 *fill*         0x0011c2a1        0x3 
 .rodata.range_sonar.str1.4
                0x0011c2a4       0x1a MyApp_I2C.o
 *fill*         0x0011c2be        0x2 
 .rodata.G_ABORTstackSize
                0x0011c2c0        0x4 mAbassiCfgA9.o
                0x0011c2c0                G_ABORTstackSize
 .rodata.G_FIQstackSize
                0x0011c2c4        0x4 mAbassiCfgA9.o
                0x0011c2c4                G_FIQstackSize
 .rodata.G_IRQstackSize
                0x0011c2c8        0x4 mAbassiCfgA9.o
                0x0011c2c8                G_IRQstackSize
 *fill*         0x0011c2cc        0x4 
 .rodata.G_MMUnonCachedTbl
                0x0011c2d0        0xc mAbassiCfgA9.o
                0x0011c2d0                G_MMUnonCachedTbl
 *fill*         0x0011c2dc        0x4 
 .rodata.G_MMUnonCprivTbl
                0x0011c2e0       0x10 mAbassiCfgA9.o
                0x0011c2e0                G_MMUnonCprivTbl
 .rodata.G_MMUprivateTbl
                0x0011c2f0       0x10 mAbassiCfgA9.o
                0x0011c2f0                G_MMUprivateTbl
 .rodata.G_MMUsharedTbl
                0x0011c300        0xc mAbassiCfgA9.o
                0x0011c300                G_MMUsharedTbl
 .rodata.G_SUPERstackSize
                0x0011c30c        0x4 mAbassiCfgA9.o
                0x0011c30c                G_SUPERstackSize
 .rodata.G_UNDEFstackSize
                0x0011c310        0x4 mAbassiCfgA9.o
                0x0011c310                G_UNDEFstackSize
 *fill*         0x0011c314        0x4 
 .rodata.G_OSnoName
                0x0011c318        0x4 ../../mAbassi/Platform/lib\lib_mAbassi_EVAL_GCC_AR5_CY5.a(mAbassi_EVAL_A9_GCC_2_NR.o)
                0x0011c318                G_OSnoName
 *fill*         0x0011c31c        0x4 
 .rodata.G_OSprivName
                0x0011c320        0x5 ../../mAbassi/Platform/lib\lib_mAbassi_EVAL_GCC_AR5_CY5.a(mAbassi_EVAL_A9_GCC_2_NR.o)
                0x0011c320                G_OSprivName
 *fill*         0x0011c325        0x3 
 .rodata.OSstart.str1.4
                0x0011c328       0x14 ../../mAbassi/Platform/lib\lib_mAbassi_EVAL_GCC_AR5_CY5.a(mAbassi_EVAL_A9_GCC_2_NR.o)
 *fill*         0x0011c33c        0x4 
 .rodata.g_OSMutexName
                0x0011c340        0x6 ../../mAbassi/Platform/lib\lib_mAbassi_EVAL_GCC_AR5_CY5.a(mAbassi_EVAL_A9_GCC_2_NR.o)
                0x0011c340                g_OSMutexName
 *fill*         0x0011c346        0x2 
 .rodata        0x0011c348        0x4 c:/intelfpga/18.1/embedded/host_tools/mentor/gnu/arm/baremetal/bin/../lib/gcc/arm-altera-eabi/6.2.0/../../../../arm-altera-eabi/lib\libc.a(lib_a-impure.o)
                0x0011c348                _global_impure_ptr
 .rodata.str1.4
                0x0011c34c       0x14 c:/intelfpga/18.1/embedded/host_tools/mentor/gnu/arm/baremetal/bin/../lib/gcc/arm-altera-eabi/6.2.0/../../../../arm-altera-eabi/lib\libc.a(lib_a-puts.o)
                                  0x2 (size before relaxing)
 .rodata        0x0011c34c       0x20 c:/intelfpga/18.1/embedded/host_tools/mentor/gnu/arm/baremetal/bin/../lib/gcc/arm-altera-eabi/6.2.0/../../../../arm-altera-eabi/lib\libc.a(lib_a-vfprintf.o)
 .rodata.str1.4
                0x0011c36c       0x42 c:/intelfpga/18.1/embedded/host_tools/mentor/gnu/arm/baremetal/bin/../lib/gcc/arm-altera-eabi/6.2.0/../../../../arm-altera-eabi/lib\libc.a(lib_a-vfprintf.o)
 *fill*         0x0011c3ae        0x2 
 .rodata.str1.4
                0x0011c3b0       0x10 c:/intelfpga/18.1/embedded/host_tools/mentor/gnu/arm/baremetal/bin/../lib/gcc/arm-altera-eabi/6.2.0/../../../../arm-altera-eabi/lib\libc.a(lib_a-dtoa.o)
                                 0x12 (size before relaxing)
 .rodata        0x0011c3c0      0x128 c:/intelfpga/18.1/embedded/host_tools/mentor/gnu/arm/baremetal/bin/../lib/gcc/arm-altera-eabi/6.2.0/../../../../arm-altera-eabi/lib\libc.a(lib_a-mprec.o)
                0x0011c3d0                __mprec_tens
                0x0011c498                __mprec_tinytens
                0x0011c4c0                __mprec_bigtens
 .rodata        0x0011c4e8       0x20 c:/intelfpga/18.1/embedded/host_tools/mentor/gnu/arm/baremetal/bin/../lib/gcc/arm-altera-eabi/6.2.0/../../../../arm-altera-eabi/lib\libc.a(lib_a-vfiprintf.o)
 .rodata.str1.4
                0x0011c508       0x2f c:/intelfpga/18.1/embedded/host_tools/mentor/gnu/arm/baremetal/bin/../lib/gcc/arm-altera-eabi/6.2.0/../../../../arm-altera-eabi/lib\libc.a(lib_a-vfiprintf.o)
 .rodata.str1.4
                0x0011c508        0xe c:/intelfpga/18.1/embedded/host_tools/mentor/gnu/arm/baremetal/bin/../lib/gcc/arm-altera-eabi/6.2.0/../../../../arm-altera-eabi/lib\libc.a(lib_a-locale.o)
                                 0x12 (size before relaxing)
 *fill*         0x0011c516        0x2 
 .rodata        0x0011c518      0x101 c:/intelfpga/18.1/embedded/host_tools/mentor/gnu/arm/baremetal/bin/../lib/gcc/arm-altera-eabi/6.2.0/../../../../arm-altera-eabi/lib\libc.a(lib_a-ctype_.o)
                0x0011c518                _ctype_
 *fill*         0x0011c619        0x7 
 .rodata        0x0011c620       0x40 c:/intelfpga/18.1/embedded/host_tools/mentor/gnu/arm/baremetal/bin/../lib/gcc/arm-altera-eabi/6.2.0/../../../../arm-altera-eabi/lib\libm.a(lib_a-s_atan.o)
 .rodata.str1.4
                0x0011c660        0x8 c:/intelfpga/18.1/embedded/host_tools/mentor/gnu/arm/baremetal/bin/../lib/gcc/arm-altera-eabi/6.2.0/../../../../arm-altera-eabi/lib\libm.a(lib_a-w_sqrt.o)
                                  0x5 (size before relaxing)
 .rodata        0x0011c668      0x188 c:/intelfpga/18.1/embedded/host_tools/mentor/gnu/arm/baremetal/bin/../lib/gcc/arm-altera-eabi/6.2.0/../../../../arm-altera-eabi/lib\libm.a(lib_a-e_rem_pio2.o)
 .rodata        0x0011c7f0       0x50 c:/intelfpga/18.1/embedded/host_tools/mentor/gnu/arm/baremetal/bin/../lib/gcc/arm-altera-eabi/6.2.0/../../../../arm-altera-eabi/lib\libm.a(lib_a-k_rem_pio2.o)
                0x0011c840                . = ALIGN (0x4)
 *(.init)
 .init          0x0011c840        0xc c:/intelfpga/18.1/embedded/host_tools/mentor/gnu/arm/baremetal/bin/../lib/gcc/arm-altera-eabi/6.2.0/crti.o
                0x0011c840                _init
 .init          0x0011c84c        0xc c:/intelfpga/18.1/embedded/host_tools/mentor/gnu/arm/baremetal/bin/../lib/gcc/arm-altera-eabi/6.2.0/crtn.o
                0x0011c858                . = ALIGN (0x4)
                0x0011c858                __preinit_array_start = .
 *(.preinit_array)
                0x0011c858                __preinit_array_end = .
                0x0011c858                . = ALIGN (0x4)
                0x0011c858                __init_array_start = .
 *(SORT(.init_array.*))
 .init_array.00000
                0x0011c858        0x4 c:/intelfpga/18.1/embedded/host_tools/mentor/gnu/arm/baremetal/bin/../lib/gcc/arm-altera-eabi/6.2.0/../../../../arm-altera-eabi/lib\libc.a(lib_a-mlock.o)
 .init_array.00000
                0x0011c85c        0x4 c:/intelfpga/18.1/embedded/host_tools/mentor/gnu/arm/baremetal/bin/../lib/gcc/arm-altera-eabi/6.2.0/../../../../arm-altera-eabi/lib\libc.a(lib_a-__call_atexit.o)
 .init_array.00000
                0x0011c860        0x8 c:/intelfpga/18.1/embedded/host_tools/mentor/gnu/arm/baremetal/bin/../lib/gcc/arm-altera-eabi/6.2.0/../../../../arm-altera-eabi/lib\libc.a(lib_a-findfp.o)
 .init_array.00001
                0x0011c868        0x4 c:/intelfpga/18.1/embedded/host_tools/mentor/gnu/arm/baremetal/bin/../lib/gcc/arm-altera-eabi/6.2.0/../../../../arm-altera-eabi/lib\libc.a(lib_a-__call_atexit.o)
 *(.init_array)
 .init_array    0x0011c86c        0x4 c:/intelfpga/18.1/embedded/host_tools/mentor/gnu/arm/baremetal/bin/../lib/gcc/arm-altera-eabi/6.2.0/crtbegin.o
                0x0011c870                __init_array_end = .
                0x0011c870                . = ALIGN (0x4)
 *(.fini)
 .fini          0x0011c870        0xc c:/intelfpga/18.1/embedded/host_tools/mentor/gnu/arm/baremetal/bin/../lib/gcc/arm-altera-eabi/6.2.0/crti.o
                0x0011c870                _fini
 .fini          0x0011c87c        0xc c:/intelfpga/18.1/embedded/host_tools/mentor/gnu/arm/baremetal/bin/../lib/gcc/arm-altera-eabi/6.2.0/crtn.o
                0x0011c888                . = ALIGN (0x4)
                0x0011c888                __fini_array_start = .
 *(.fini_array)
 .fini_array    0x0011c888        0x4 c:/intelfpga/18.1/embedded/host_tools/mentor/gnu/arm/baremetal/bin/../lib/gcc/arm-altera-eabi/6.2.0/crtbegin.o
 *(SORT(.fini_array.*))
                0x0011c88c                __fini_array_end = .
                0x0011c88c                . = ALIGN (0x4)
 *crtbegin.o(.ctors)
 *crtbegin?.o(.ctors)
 *(EXCLUDE_FILE(*crtend.o) .ctors)
 *(SORT(.ctors.*))
 *crtend.o(.ctors)
 *(.ctors)
                0x0011c88c                . = ALIGN (0x4)
 *crtbegin.o(.dtors)
 *crtbegin?.o(.dtors)
 *(EXCLUDE_FILE(*crtend.o) .dtors)
 *(SORT(.dtors.*))
 *crtend.o(.dtors)
 *(.dtors)
                0x0011c88c                . = ALIGN (0x4)
                0x0011c88c                __cs3_regions = .
                0x0011c88c        0x4 LONG 0x0
                0x0011c890        0x4 LONG 0x100040 __cs3_region_init_ram
                0x0011c894        0x4 LONG 0x100040 __cs3_region_start_ram
                0x0011c898        0x4 LONG 0x1d298 __cs3_region_init_size_ram
                0x0011c89c        0x4 LONG 0x1002d070 __cs3_region_zero_size_ram
                0x0011c8a0                __cs3_regions_end = .
                0x0011c8a0                . = ALIGN (0x8)
                0x0011c8a0                _etext = .
                0x00000001                ASSERT (! ((__cs3_region_init_ram & 0x7)), __cs3_region_init_ram not aligned)
                0x00000001                ASSERT (! ((__cs3_region_start_ram & 0x7)), __cs3_region_start_ram not aligned)
                0x00000001                ASSERT (! ((__cs3_region_init_size_ram & 0x7)), __cs3_region_init_size_ram not aligned)
                0x00000001                ASSERT (! ((__cs3_region_zero_size_ram & 0x7)), __cs3_region_zero_size_ram not aligned)
                0x0011c8a0                __etext = .

.data           0x0011c8a0      0xa38
                0x0011c8a0                _fdata = .
                0x0011c8a0                __data_start__ = .
 *(vtable)
 *(.data*)
 .data.fpga_buttons
                0x0011c8a0        0x4 MyApp_Tutorial.o
                0x0011c8a0                fpga_buttons
 .data.fpga_read
                0x0011c8a4        0x4 MyApp_Tutorial.o
                0x0011c8a4                fpga_read
 .data.fpga_read_data_RX
                0x0011c8a8        0x4 MyApp_Tutorial.o
                0x0011c8a8                fpga_read_data_RX
 .data.fpga_reset
                0x0011c8ac        0x4 MyApp_Tutorial.o
                0x0011c8ac                fpga_reset
 .data.fpga_rw_ad
                0x0011c8b0        0x4 MyApp_Tutorial.o
                0x0011c8b0                fpga_rw_ad
 .data.fpga_speed_left
                0x0011c8b4        0x4 MyApp_Tutorial.o
                0x0011c8b4                fpga_speed_left
 .data.fpga_speed_right
                0x0011c8b8        0x4 MyApp_Tutorial.o
                0x0011c8b8                fpga_speed_right
 .data.fpga_spi
                0x0011c8bc        0x4 MyApp_Tutorial.o
                0x0011c8bc                fpga_spi
 .data.fpga_time
                0x0011c8c0        0x4 MyApp_Tutorial.o
                0x0011c8c0                fpga_time
 .data.fpga_write
                0x0011c8c4        0x4 MyApp_Tutorial.o
                0x0011c8c4                fpga_write
 .data.fpga_write_data_TX
                0x0011c8c8        0x4 MyApp_Tutorial.o
                0x0011c8c8                fpga_write_data_TX
 .data.I2C_0_base
                0x0011c8cc        0x4 MyApp_I2C.o
                0x0011c8cc                I2C_0_base
 .data.ExpiryCnt.7521
                0x0011c8d0        0x8 ../../mAbassi/Platform/lib\lib_mAbassi_EVAL_GCC_AR5_CY5.a(mAbassi_EVAL_A9_GCC_2_NR.o)
 .data.ExpiryPrv.7522
                0x0011c8d8        0x8 ../../mAbassi/Platform/lib\lib_mAbassi_EVAL_GCC_AR5_CY5.a(mAbassi_EVAL_A9_GCC_2_NR.o)
 .data          0x0011c8e0       0x3c ../../mAbassi/Platform/lib\lib_mAbassi_EVAL_GCC_AR5_CY5.a(mAbassi_EVAL_GCC_AR5_CY5_NR.o)
                0x0011c8e4                DATAabort_Handler
                0x0011c8e4                __cs3_isr_dabort
                0x0011c8f8                FIQ_Handler
                0x0011c8f8                __cs3_isr_fiq
                0x0011c8fc                __cs3_isr_pabort
                0x0011c8fc                PFabort_Handler
                0x0011c90c                __cs3_isr_undef
                0x0011c90c                Undef_Handler
 *fill*         0x0011c91c        0x4 
 .data          0x0011c920      0x430 c:/intelfpga/18.1/embedded/host_tools/mentor/gnu/arm/baremetal/bin/../lib/gcc/arm-altera-eabi/6.2.0/../../../../arm-altera-eabi/lib\libc.a(lib_a-impure.o)
                0x0011c920                _impure_ptr
 .data          0x0011cd50      0x410 c:/intelfpga/18.1/embedded/host_tools/mentor/gnu/arm/baremetal/bin/../lib/gcc/arm-altera-eabi/6.2.0/../../../../arm-altera-eabi/lib\libc.a(lib_a-mallocr.o)
                0x0011cd50                __malloc_av_
                0x0011d158                __malloc_sbrk_base
                0x0011d15c                __malloc_trim_threshold
 .data          0x0011d160      0x16c c:/intelfpga/18.1/embedded/host_tools/mentor/gnu/arm/baremetal/bin/../lib/gcc/arm-altera-eabi/6.2.0/../../../../arm-altera-eabi/lib\libc.a(lib_a-locale.o)
                0x0011d160                __global_locale
 .data          0x0011d2cc        0x1 c:/intelfpga/18.1/embedded/host_tools/mentor/gnu/arm/baremetal/bin/../lib/gcc/arm-altera-eabi/6.2.0/../../../../arm-altera-eabi/lib\libm.a(lib_a-s_lib_ver.o)
                0x0011d2cc                __fdlib_version
 *(.jcr*)
 *fill*         0x0011d2cd        0x3 
 .jcr           0x0011d2d0        0x0 c:/intelfpga/18.1/embedded/host_tools/mentor/gnu/arm/baremetal/bin/../lib/gcc/arm-altera-eabi/6.2.0/crtbegin.o
 .jcr           0x0011d2d0        0x4 c:/intelfpga/18.1/embedded/host_tools/mentor/gnu/arm/baremetal/bin/../lib/gcc/arm-altera-eabi/6.2.0/crtend.o
                0x0011d2d8                . = ALIGN (0x8)
 *fill*         0x0011d2d4        0x4 
                0x0011d2d8                __data_end__ = .
                0x0011d2d8                _edata = .

.tm_clone_table
                0x0011d2d8        0x0
 .tm_clone_table
                0x0011d2d8        0x0 c:/intelfpga/18.1/embedded/host_tools/mentor/gnu/arm/baremetal/bin/../lib/gcc/arm-altera-eabi/6.2.0/crtbegin.o
 .tm_clone_table
                0x0011d2d8        0x0 c:/intelfpga/18.1/embedded/host_tools/mentor/gnu/arm/baremetal/bin/../lib/gcc/arm-altera-eabi/6.2.0/crtend.o

.igot.plt       0x0011d2d8        0x0
 .igot.plt      0x0011d2d8        0x0 c:/intelfpga/18.1/embedded/host_tools/mentor/gnu/arm/baremetal/bin/../lib/gcc/arm-altera-eabi/6.2.0/crtbegin.o

.bss            0x0011d300    0x2d048
                0x0011d300                _fbss = .
                0x0011d300                __bss_start__ = .
 *(.shbss)
 *(.bss .bss.* .gnu.linkonce.b.*)
 .bss           0x0011d300       0x1c c:/intelfpga/18.1/embedded/host_tools/mentor/gnu/arm/baremetal/bin/../lib/gcc/arm-altera-eabi/6.2.0/crtbegin.o
 .bss.G_UartDevErr
                0x0011d31c        0x4 Main_mAbassi.o
                0x0011d31c                G_UartDevErr
 .bss.G_UartDevIn
                0x0011d320        0x4 Main_mAbassi.o
                0x0011d320                G_UartDevIn
 .bss.G_UartDevOut
                0x0011d324        0x4 Main_mAbassi.o
                0x0011d324                G_UartDevOut
 .bss.I2C_instance
                0x0011d328       0x2c MyApp_Tutorial.o
                0x0011d328                I2C_instance
 .bss.cfg       0x0011d354        0x8 MyApp_Tutorial.o
                0x0011d354                cfg
 .bss.cvs       0x0011d35c        0x4 MyApp_Tutorial.o
                0x0011d35c                cvs
 .bss.g_CfgIsInit
                0x0011d360        0x4 dw_uart.o
 .bss.g_UARTcfg
                0x0011d364     0x2088 dw_uart.o
 .bss.g_CfgIsInit
                0x0011f3ec        0x4 dw_i2c.o
 .bss.g_Dummy   0x0011f3f0        0x4 dw_i2c.o
 .bss.g_I2Ccfg  0x0011f3f4       0x80 dw_i2c.o
 .bss.g_GPIOinit
                0x0011f474        0x4 alt_gpio.o
 .bss.g_CfgIsInit
                0x0011f478        0x4 dw_spi.o
 .bss.g_Dummy   0x0011f47c        0x4 dw_spi.o
 .bss.g_SPIcfg  0x0011f480      0x280 dw_spi.o
 .bss.G_ABORTstack
                0x0011f700      0x800 mAbassiCfgA9.o
                0x0011f700                G_ABORTstack
 .bss.G_FIQstack
                0x0011ff00      0x800 mAbassiCfgA9.o
                0x0011ff00                G_FIQstack
 .bss.G_IRQstack
                0x00120700     0x8000 mAbassiCfgA9.o
                0x00120700                G_IRQstack
 .bss.G_SUPERstack
                0x00128700     0x8000 mAbassiCfgA9.o
                0x00128700                G_SUPERstack
 .bss.G_UNDEFstack
                0x00130700      0x800 mAbassiCfgA9.o
                0x00130700                G_UNDEFstack
 .bss.ExpiryZap.7523
                0x00130f00        0x4 ../../mAbassi/Platform/lib\lib_mAbassi_EVAL_GCC_AR5_CY5.a(mAbassi_EVAL_A9_GCC_2_NR.o)
 *fill*         0x00130f04        0x4 
 .bss.G_CoreIdleDone
                0x00130f08        0x8 ../../mAbassi/Platform/lib\lib_mAbassi_EVAL_GCC_AR5_CY5.a(mAbassi_EVAL_A9_GCC_2_NR.o)
                0x00130f08                G_CoreIdleDone
 .bss.G_OSisrQrd
                0x00130f10        0x8 ../../mAbassi/Platform/lib\lib_mAbassi_EVAL_GCC_AR5_CY5.a(mAbassi_EVAL_A9_GCC_2_NR.o)
                0x00130f10                G_OSisrQrd
 .bss.G_OSisrQwrt
                0x00130f18        0x8 ../../mAbassi/Platform/lib\lib_mAbassi_EVAL_GCC_AR5_CY5.a(mAbassi_EVAL_A9_GCC_2_NR.o)
                0x00130f18                G_OSisrQwrt
 .bss.G_OSisrState
                0x00130f20       0x38 ../../mAbassi/Platform/lib\lib_mAbassi_EVAL_GCC_AR5_CY5.a(mAbassi_EVAL_A9_GCC_2_NR.o)
                0x00130f20                G_OSisrState
 .bss.G_OSisrTbl
                0x00130f58     0x1000 ../../mAbassi/Platform/lib\lib_mAbassi_EVAL_GCC_AR5_CY5.a(mAbassi_EVAL_A9_GCC_2_NR.o)
                0x00130f58                G_OSisrTbl
 .bss.G_OSmutex
                0x00131f58        0x4 ../../mAbassi/Platform/lib\lib_mAbassi_EVAL_GCC_AR5_CY5.a(mAbassi_EVAL_A9_GCC_2_NR.o)
                0x00131f58                G_OSmutex
 .bss.G_OSstate
                0x00131f5c        0x4 ../../mAbassi/Platform/lib\lib_mAbassi_EVAL_GCC_AR5_CY5.a(mAbassi_EVAL_A9_GCC_2_NR.o)
                0x00131f5c                G_OSstate
 .bss.G_OStaskNow
                0x00131f60        0x8 ../../mAbassi/Platform/lib\lib_mAbassi_EVAL_GCC_AR5_CY5.a(mAbassi_EVAL_A9_GCC_2_NR.o)
                0x00131f60                G_OStaskNow
 .bss.G_OStimCnt
                0x00131f68        0x4 ../../mAbassi/Platform/lib\lib_mAbassi_EVAL_GCC_AR5_CY5.a(mAbassi_EVAL_A9_GCC_2_NR.o)
                0x00131f68                G_OStimCnt
 *fill*         0x00131f6c        0x4 
 .bss.LoadBal.7508
                0x00131f70        0x8 ../../mAbassi/Platform/lib\lib_mAbassi_EVAL_GCC_AR5_CY5.a(mAbassi_EVAL_A9_GCC_2_NR.o)
 .bss.g_CoreInInit
                0x00131f78        0x4 ../../mAbassi/Platform/lib\lib_mAbassi_EVAL_GCC_AR5_CY5.a(mAbassi_EVAL_A9_GCC_2_NR.o)
 .bss.g_GrpList
                0x00131f7c        0x4 ../../mAbassi/Platform/lib\lib_mAbassi_EVAL_GCC_AR5_CY5.a(mAbassi_EVAL_A9_GCC_2_NR.o)
                0x00131f7c                g_GrpList
 .bss.g_KrnlReent
                0x00131f80        0x8 ../../mAbassi/Platform/lib\lib_mAbassi_EVAL_GCC_AR5_CY5.a(mAbassi_EVAL_A9_GCC_2_NR.o)
                0x00131f80                g_KrnlReent
 .bss.g_MboxList
                0x00131f88        0x4 ../../mAbassi/Platform/lib\lib_mAbassi_EVAL_GCC_AR5_CY5.a(mAbassi_EVAL_A9_GCC_2_NR.o)
                0x00131f88                g_MboxList
 .bss.g_MutexList
                0x00131f8c        0x4 ../../mAbassi/Platform/lib\lib_mAbassi_EVAL_GCC_AR5_CY5.a(mAbassi_EVAL_A9_GCC_2_NR.o)
                0x00131f8c                g_MutexList
 .bss.g_OStimCore
                0x00131f90        0x8 ../../mAbassi/Platform/lib\lib_mAbassi_EVAL_GCC_AR5_CY5.a(mAbassi_EVAL_A9_GCC_2_NR.o)
 .bss.g_OStimSpin
                0x00131f98        0x4 ../../mAbassi/Platform/lib\lib_mAbassi_EVAL_GCC_AR5_CY5.a(mAbassi_EVAL_A9_GCC_2_NR.o)
 .bss.g_PostQueue
                0x00131f9c    0x18000 ../../mAbassi/Platform/lib\lib_mAbassi_EVAL_GCC_AR5_CY5.a(mAbassi_EVAL_A9_GCC_2_NR.o)
 .bss.g_SemaList
                0x00149f9c        0x4 ../../mAbassi/Platform/lib\lib_mAbassi_EVAL_GCC_AR5_CY5.a(mAbassi_EVAL_A9_GCC_2_NR.o)
                0x00149f9c                g_SemaList
 .bss.g_StrvHoldCnt
                0x00149fa0        0x4 ../../mAbassi/Platform/lib\lib_mAbassi_EVAL_GCC_AR5_CY5.a(mAbassi_EVAL_A9_GCC_2_NR.o)
                0x00149fa0                g_StrvHoldCnt
 .bss.g_StrvList
                0x00149fa4        0x4 ../../mAbassi/Platform/lib\lib_mAbassi_EVAL_GCC_AR5_CY5.a(mAbassi_EVAL_A9_GCC_2_NR.o)
                0x00149fa4                g_StrvList
 .bss.g_StrvPreEmptCnt
                0x00149fa8        0x4 ../../mAbassi/Platform/lib\lib_mAbassi_EVAL_GCC_AR5_CY5.a(mAbassi_EVAL_A9_GCC_2_NR.o)
                0x00149fa8                g_StrvPreEmptCnt
 .bss.g_StrvRunCnt
                0x00149fac        0x4 ../../mAbassi/Platform/lib\lib_mAbassi_EVAL_GCC_AR5_CY5.a(mAbassi_EVAL_A9_GCC_2_NR.o)
                0x00149fac                g_StrvRunCnt
 .bss.g_StrvTick
                0x00149fb0        0x4 ../../mAbassi/Platform/lib\lib_mAbassi_EVAL_GCC_AR5_CY5.a(mAbassi_EVAL_A9_GCC_2_NR.o)
                0x00149fb0                g_StrvTick
 .bss.g_TaskList
                0x00149fb4        0x4 ../../mAbassi/Platform/lib\lib_mAbassi_EVAL_GCC_AR5_CY5.a(mAbassi_EVAL_A9_GCC_2_NR.o)
                0x00149fb4                g_TaskList
 .bss.g_TaskRdy
                0x00149fb8       0x84 ../../mAbassi/Platform/lib\lib_mAbassi_EVAL_GCC_AR5_CY5.a(mAbassi_EVAL_A9_GCC_2_NR.o)
                0x00149fb8                g_TaskRdy
 .bss.g_TimSrvChkBusy
                0x0014a03c        0x4 ../../mAbassi/Platform/lib\lib_mAbassi_EVAL_GCC_AR5_CY5.a(mAbassi_EVAL_A9_GCC_2_NR.o)
                0x0014a03c                g_TimSrvChkBusy
 .bss.g_TimSrvList
                0x0014a040        0x4 ../../mAbassi/Platform/lib\lib_mAbassi_EVAL_GCC_AR5_CY5.a(mAbassi_EVAL_A9_GCC_2_NR.o)
                0x0014a040                g_TimSrvList
 .bss.g_TimeOutChkBusy
                0x0014a044        0x4 ../../mAbassi/Platform/lib\lib_mAbassi_EVAL_GCC_AR5_CY5.a(mAbassi_EVAL_A9_GCC_2_NR.o)
                0x0014a044                g_TimeOutChkBusy
 .bss.g_TimeOutList
                0x0014a048        0x4 ../../mAbassi/Platform/lib\lib_mAbassi_EVAL_GCC_AR5_CY5.a(mAbassi_EVAL_A9_GCC_2_NR.o)
                0x0014a048                g_TimeOutList
 .bss.g__OSmutex
                0x0014a04c       0x20 ../../mAbassi/Platform/lib\lib_mAbassi_EVAL_GCC_AR5_CY5.a(mAbassi_EVAL_A9_GCC_2_NR.o)
 *fill*         0x0014a06c       0x94 
 .bss           0x0014a100      0x200 ../../mAbassi/Platform/lib\lib_mAbassi_EVAL_GCC_AR5_CY5.a(mAbassi_EVAL_GCC_AR5_CY5_NR.o)
 .bss           0x0014a300        0x4 ../../mAbassi/Platform/lib\lib_mAbassi_EVAL_GCC_AR5_CY5.a(ARMv7_SMP_L1_L2_GCC_AR5_CY5.o)
 .bss           0x0014a304       0x34 c:/intelfpga/18.1/embedded/host_tools/mentor/gnu/arm/baremetal/bin/../lib/gcc/arm-altera-eabi/6.2.0/../../../../arm-altera-eabi/lib\libc.a(lib_a-mallocr.o)
                0x0014a304                __malloc_top_pad
                0x0014a308                __malloc_current_mallinfo
                0x0014a330                __malloc_max_sbrked_mem
                0x0014a334                __malloc_max_total_mem
 .bss           0x0014a338        0x4 c:/intelfpga/18.1/embedded/host_tools/mentor/gnu/arm/baremetal/bin/../lib/gcc/arm-altera-eabi/6.2.0/../../../../arm-altera-eabi/lib\libc.a(lib_a-mlock.o)
 .bss           0x0014a33c        0x4 c:/intelfpga/18.1/embedded/host_tools/mentor/gnu/arm/baremetal/bin/../lib/gcc/arm-altera-eabi/6.2.0/../../../../arm-altera-eabi/lib\libc.a(lib_a-__call_atexit.o)
                0x0014a33c                __atexit_lock
 .bss           0x0014a340        0x8 c:/intelfpga/18.1/embedded/host_tools/mentor/gnu/arm/baremetal/bin/../lib/gcc/arm-altera-eabi/6.2.0/../../../../arm-altera-eabi/lib\libc.a(lib_a-findfp.o)
 *(COMMON)
                0x0014a348                . = ALIGN (0x8)
 *(.ram.b .bss.ram)
                0x0014a348                . = ALIGN (0x8)
                0x0014a348                __bss_end__ = .
                0x0014a348                _ebss = .

.memdrive       0x0014a348 0x10000000
                0x0014a348                . = ALIGN (0x8)
                0x0014a348                G_MemDrvBase = .
                0x1014a348                . = (. + _MDRV_SIZE)
 *fill*         0x0014a348 0x10000000 
                0x1014a348                G_MemDrvEnd = .

.stack_dummy
 *(.stack*)

.heap           0x1014a348 0x2feafcb8
                0x1014a348                _end = .
                0x1014a348                __end = .
                0x1014a348                __end__ = .
                [!provide]                PROVIDE (end, .)
                0x1014a348                PROVIDE (__cs3_heap_start, .)
 *(.heap*)
                0x3fffa000                . = (((((((__cs3_region_start_ram + LENGTH (ram)) - ((_SUPERVISOR_STACK_SIZE + 0x7) & 0xfffffff8)) - ((_ABORT_STACK_SIZE + 0x7) & 0xfffffff8)) - ((_FIQ_STACK_SIZE + 0x7) & 0xfffffff8)) - ((_IRQ_STACK_SIZE + 0x7) & 0xfffffff8)) - ((_UNDEF_STACK_SIZE + 0x7) & 0xfffffff8)) - ((_STACK_SIZE + 0x7) & 0xfffffff8))
 *fill*         0x1014a348 0x2feafcb8 
                0x3fffa000                __HeapLimit = .
                0x3fffa000                PROVIDE (__cs3_heap_end, .)

.stack          0x3fffa000     0x6000
                0x3fffa800                . = (. + _SUPERVISOR_STACK_SIZE)
 *fill*         0x3fffa000      0x800 
                0x3fffa800                . = ALIGN (0x8)
                0x3fffa800                __supervisor_stack = .
                0x3fffb000                . = (. + _ABORT_STACK_SIZE)
 *fill*         0x3fffa800      0x800 
                0x3fffb000                . = ALIGN (0x8)
                0x3fffb000                __abort_stack = .
                0x3fffb800                . = (. + _FIQ_STACK_SIZE)
 *fill*         0x3fffb000      0x800 
                0x3fffb800                . = ALIGN (0x8)
                0x3fffb800                __fiq_stack = .
                0x3fffd800                . = (. + _IRQ_STACK_SIZE)
 *fill*         0x3fffb800     0x2000 
                0x3fffd800                . = ALIGN (0x8)
                0x3fffd800                __irq_stack = .
                0x3fffe000                . = (. + _UNDEF_STACK_SIZE)
 *fill*         0x3fffd800      0x800 
                0x3fffe000                . = ALIGN (0x8)
                0x3fffe000                __undef_stack = .
                0x40000000                . = (. + _STACK_SIZE)
 *fill*         0x3fffe000     0x2000 
                0x40000000                __cs3_region_end_ram = (__cs3_region_start_ram + LENGTH (ram))
                0x3fefffc0                __cs3_region_size_ram = LENGTH (ram)
                0x00100040                __cs3_region_init_ram = LOADADDR (.text)
                0x0001d298                __cs3_region_init_size_ram = (_edata - ADDR (.text))
                0x1002d070                __cs3_region_zero_size_ram = (_end - _edata)
                0x40000000                __StackTop = (ORIGIN (ram) + LENGTH (ram))
                0x3fffa000                __StackLimit = (__StackTop - SIZEOF (.stack))
                [!provide]                PROVIDE (__stack, __StackTop)
                0x40000000                PROVIDE (__cs3_stack, __StackTop)

.uncached       0xffff0000     0x8000
 *(.uncached)
 .uncached      0xffff0000     0x8000 ../../mAbassi/Platform/lib\lib_mAbassi_EVAL_GCC_AR5_CY5.a(ARMv7_SMP_L1_L2_GCC_AR5_CY5.o)
                0xffff0000                L1PageTbl
 *(.uncached.*)

.stab
 *(.stab)

.stabstr
 *(.stabstr)

.debug
 *(.debug)

.line
 *(.line)

.debug_srcinfo
 *(.debug_srcinfo)

.debug_sfnames
 *(.debug_sfnames)

.debug_aranges  0x00000000      0x8d8
 *(.debug_aranges)
 .debug_aranges
                0x00000000       0x28 Main_mAbassi.o
 .debug_aranges
                0x00000028       0x70 MyApp_Tutorial.o
 .debug_aranges
                0x00000098      0x138 SysCall_noFS.o
 .debug_aranges
                0x000001d0       0x20 TIMERinit.o
 .debug_aranges
                0x000001f0       0x48 dw_uart.o
 .debug_aranges
                0x00000238       0x60 dw_i2c.o
 .debug_aranges
                0x00000298       0x48 alt_gpio.o
 .debug_aranges
                0x000002e0       0x60 dw_spi.o
 .debug_aranges
                0x00000340       0x58 MyDriver_CAN.o
 .debug_aranges
                0x00000398       0x48 PID.o
 .debug_aranges
                0x000003e0       0x28 CtrlStruct.o
 .debug_aranges
                0x00000408       0x28 odometry.o
 .debug_aranges
                0x00000430       0x48 path_planning.o
 .debug_aranges
                0x00000478       0x28 Real_localisation.o
 .debug_aranges
                0x000004a0       0x28 opponents.o
 .debug_aranges
                0x000004c8       0xb8 Dynamixels.o
 .debug_aranges
                0x00000580       0x28 strategy.o
 .debug_aranges
                0x000005a8      0x200 MyApp_I2C.o
 .debug_aranges
                0x000007a8      0x118 alt_generalpurpose_io.o
 .debug_aranges
                0x000008c0       0x18 mAbassiCfgA9.o

.debug_pubnames
 *(.debug_pubnames)

.debug_info     0x00000000    0x2a0f7
 *(.debug_info .gnu.linkonce.wi.*)
 .debug_info    0x00000000     0x1106 Main_mAbassi.o
 .debug_info    0x00001106     0x273d MyApp_Tutorial.o
 .debug_info    0x00003843     0x1e1e SysCall_noFS.o
 .debug_info    0x00005661      0xde5 TIMERinit.o
 .debug_info    0x00006446     0x25b0 dw_uart.o
 .debug_info    0x000089f6     0x21ab dw_i2c.o
 .debug_info    0x0000aba1     0x10d4 alt_gpio.o
 .debug_info    0x0000bc75     0x1928 dw_spi.o
 .debug_info    0x0000d59d     0x43e8 MyDriver_CAN.o
 .debug_info    0x00011985     0x1281 PID.o
 .debug_info    0x00012c06     0x144e CtrlStruct.o
 .debug_info    0x00014054      0xec8 odometry.o
 .debug_info    0x00014f1c     0x1c22 path_planning.o
 .debug_info    0x00016b3e      0xd26 Real_localisation.o
 .debug_info    0x00017864     0x149e opponents.o
 .debug_info    0x00018d02     0x2df3 Dynamixels.o
 .debug_info    0x0001baf5     0x166c strategy.o
 .debug_info    0x0001d161     0x9ce8 MyApp_I2C.o
 .debug_info    0x00026e49     0x23de alt_generalpurpose_io.o
 .debug_info    0x00029227      0xed0 mAbassiCfgA9.o

.debug_abbrev   0x00000000     0x3d61
 *(.debug_abbrev)
 .debug_abbrev  0x00000000      0x23e Main_mAbassi.o
 .debug_abbrev  0x0000023e      0x392 MyApp_Tutorial.o
 .debug_abbrev  0x000005d0      0x374 SysCall_noFS.o
 .debug_abbrev  0x00000944      0x1f3 TIMERinit.o
 .debug_abbrev  0x00000b37      0x387 dw_uart.o
 .debug_abbrev  0x00000ebe      0x392 dw_i2c.o
 .debug_abbrev  0x00001250      0x2be alt_gpio.o
 .debug_abbrev  0x0000150e      0x2e4 dw_spi.o
 .debug_abbrev  0x000017f2      0x347 MyDriver_CAN.o
 .debug_abbrev  0x00001b39      0x3a1 PID.o
 .debug_abbrev  0x00001eda      0x297 CtrlStruct.o
 .debug_abbrev  0x00002171      0x2a0 odometry.o
 .debug_abbrev  0x00002411      0x3ff path_planning.o
 .debug_abbrev  0x00002810      0x233 Real_localisation.o
 .debug_abbrev  0x00002a43      0x2ac opponents.o
 .debug_abbrev  0x00002cef      0x370 Dynamixels.o
 .debug_abbrev  0x0000305f      0x270 strategy.o
 .debug_abbrev  0x000032cf      0x555 MyApp_I2C.o
 .debug_abbrev  0x00003824      0x391 alt_generalpurpose_io.o
 .debug_abbrev  0x00003bb5      0x1ac mAbassiCfgA9.o

.debug_line     0x00000000     0x86b3
 *(.debug_line)
 .debug_line    0x00000000      0x32e Main_mAbassi.o
 .debug_line    0x0000032e      0x5d3 MyApp_Tutorial.o
 .debug_line    0x00000901      0x62d SysCall_noFS.o
 .debug_line    0x00000f2e      0x25f TIMERinit.o
 .debug_line    0x0000118d      0x775 dw_uart.o
 .debug_line    0x00001902      0x8f5 dw_i2c.o
 .debug_line    0x000021f7      0x342 alt_gpio.o
 .debug_line    0x00002539      0xc4c dw_spi.o
 .debug_line    0x00003185      0x813 MyDriver_CAN.o
 .debug_line    0x00003998      0x3db PID.o
 .debug_line    0x00003d73      0x31d CtrlStruct.o
 .debug_line    0x00004090      0x35c odometry.o
 .debug_line    0x000043ec      0x5f5 path_planning.o
 .debug_line    0x000049e1      0x256 Real_localisation.o
 .debug_line    0x00004c37      0x38b opponents.o
 .debug_line    0x00004fc2      0x93e Dynamixels.o
 .debug_line    0x00005900      0x408 strategy.o
 .debug_line    0x00005d08     0x1b0c MyApp_I2C.o
 .debug_line    0x00007814      0xc51 alt_generalpurpose_io.o
 .debug_line    0x00008465      0x24e mAbassiCfgA9.o

.debug_frame    0x00000000     0x3fd0
 *(.debug_frame)
 .debug_frame   0x00000000       0x40 Main_mAbassi.o
 .debug_frame   0x00000040      0x164 MyApp_Tutorial.o
 .debug_frame   0x000001a4      0x2e0 SysCall_noFS.o
 .debug_frame   0x00000484       0x28 TIMERinit.o
 .debug_frame   0x000004ac      0x120 dw_uart.o
 .debug_frame   0x000005cc      0x188 dw_i2c.o
 .debug_frame   0x00000754       0xe4 alt_gpio.o
 .debug_frame   0x00000838      0x154 dw_spi.o
 .debug_frame   0x0000098c      0x128 MyDriver_CAN.o
 .debug_frame   0x00000ab4       0xc4 PID.o
 .debug_frame   0x00000b78       0x44 CtrlStruct.o
 .debug_frame   0x00000bbc       0x9c odometry.o
 .debug_frame   0x00000c58      0x204 path_planning.o
 .debug_frame   0x00000e5c       0x50 Real_localisation.o
 .debug_frame   0x00000eac       0x94 opponents.o
 .debug_frame   0x00000f40      0x384 Dynamixels.o
 .debug_frame   0x000012c4       0x84 strategy.o
 .debug_frame   0x00001348      0x7b8 MyApp_I2C.o
 .debug_frame   0x00001b00      0x310 alt_generalpurpose_io.o
 .debug_frame   0x00001e10      0x2d4 ../../mAbassi/Platform/lib\lib_mAbassi_EVAL_GCC_AR5_CY5.a(mAbassi_EVAL_GCC_AR5_CY5_NR.o)
 .debug_frame   0x000020e4       0xa8 ../../mAbassi/Platform/lib\lib_mAbassi_EVAL_GCC_AR5_CY5.a(ARMv7_SMP_L1_L2_GCC_AR5_CY5.o)
 .debug_frame   0x0000218c       0x40 c:/intelfpga/18.1/embedded/host_tools/mentor/gnu/arm/baremetal/bin/../lib/gcc/arm-altera-eabi/6.2.0/../../../../arm-altera-eabi/lib\libcs3.a(start_c.o)
 .debug_frame   0x000021cc       0x20 c:/intelfpga/18.1/embedded/host_tools/mentor/gnu/arm/baremetal/bin/../lib/gcc/arm-altera-eabi/6.2.0\libgcc.a(_udivsi3.o)
 .debug_frame   0x000021ec       0x20 c:/intelfpga/18.1/embedded/host_tools/mentor/gnu/arm/baremetal/bin/../lib/gcc/arm-altera-eabi/6.2.0\libgcc.a(_divsi3.o)
 .debug_frame   0x0000220c       0x34 c:/intelfpga/18.1/embedded/host_tools/mentor/gnu/arm/baremetal/bin/../lib/gcc/arm-altera-eabi/6.2.0/../../../../arm-altera-eabi/lib\libc.a(lib_a-calloc.o)
 .debug_frame   0x00002240       0x34 c:/intelfpga/18.1/embedded/host_tools/mentor/gnu/arm/baremetal/bin/../lib/gcc/arm-altera-eabi/6.2.0/../../../../arm-altera-eabi/lib\libc.a(lib_a-callocr.o)
 .debug_frame   0x00002274       0x28 c:/intelfpga/18.1/embedded/host_tools/mentor/gnu/arm/baremetal/bin/../lib/gcc/arm-altera-eabi/6.2.0/../../../../arm-altera-eabi/lib\libc.a(lib_a-exit.o)
 .debug_frame   0x0000229c       0x20 c:/intelfpga/18.1/embedded/host_tools/mentor/gnu/arm/baremetal/bin/../lib/gcc/arm-altera-eabi/6.2.0/../../../../arm-altera-eabi/lib\libc.a(lib_a-getreent.o)
 .debug_frame   0x000022bc       0x34 c:/intelfpga/18.1/embedded/host_tools/mentor/gnu/arm/baremetal/bin/../lib/gcc/arm-altera-eabi/6.2.0/../../../../arm-altera-eabi/lib\libc.a(lib_a-init.o)
 .debug_frame   0x000022f0       0x48 c:/intelfpga/18.1/embedded/host_tools/mentor/gnu/arm/baremetal/bin/../lib/gcc/arm-altera-eabi/6.2.0/../../../../arm-altera-eabi/lib\libc.a(lib_a-malloc.o)
 .debug_frame   0x00002338       0x7c c:/intelfpga/18.1/embedded/host_tools/mentor/gnu/arm/baremetal/bin/../lib/gcc/arm-altera-eabi/6.2.0/../../../../arm-altera-eabi/lib\libc.a(lib_a-mallocr.o)
 .debug_frame   0x000023b4       0x44 c:/intelfpga/18.1/embedded/host_tools/mentor/gnu/arm/baremetal/bin/../lib/gcc/arm-altera-eabi/6.2.0/../../../../arm-altera-eabi/lib\libc.a(lib_a-memcpy-stub.o)
 .debug_frame   0x000023f8       0x40 c:/intelfpga/18.1/embedded/host_tools/mentor/gnu/arm/baremetal/bin/../lib/gcc/arm-altera-eabi/6.2.0/../../../../arm-altera-eabi/lib\libc.a(lib_a-memmove.o)
 .debug_frame   0x00002438       0x30 c:/intelfpga/18.1/embedded/host_tools/mentor/gnu/arm/baremetal/bin/../lib/gcc/arm-altera-eabi/6.2.0/../../../../arm-altera-eabi/lib\libc.a(lib_a-memset.o)
 .debug_frame   0x00002468       0x64 c:/intelfpga/18.1/embedded/host_tools/mentor/gnu/arm/baremetal/bin/../lib/gcc/arm-altera-eabi/6.2.0/../../../../arm-altera-eabi/lib\libc.a(lib_a-mlock.o)
 .debug_frame   0x000024cc       0x74 c:/intelfpga/18.1/embedded/host_tools/mentor/gnu/arm/baremetal/bin/../lib/gcc/arm-altera-eabi/6.2.0/../../../../arm-altera-eabi/lib\libc.a(lib_a-printf.o)
 .debug_frame   0x00002540       0x48 c:/intelfpga/18.1/embedded/host_tools/mentor/gnu/arm/baremetal/bin/../lib/gcc/arm-altera-eabi/6.2.0/../../../../arm-altera-eabi/lib\libc.a(lib_a-putchar.o)
 .debug_frame   0x00002588       0x64 c:/intelfpga/18.1/embedded/host_tools/mentor/gnu/arm/baremetal/bin/../lib/gcc/arm-altera-eabi/6.2.0/../../../../arm-altera-eabi/lib\libc.a(lib_a-puts.o)
 .debug_frame   0x000025ec       0x58 c:/intelfpga/18.1/embedded/host_tools/mentor/gnu/arm/baremetal/bin/../lib/gcc/arm-altera-eabi/6.2.0/../../../../arm-altera-eabi/lib\libc.a(lib_a-setvbuf.o)
 .debug_frame   0x00002644       0x40 c:/intelfpga/18.1/embedded/host_tools/mentor/gnu/arm/baremetal/bin/../lib/gcc/arm-altera-eabi/6.2.0/../../../../arm-altera-eabi/lib\libc.a(lib_a-strcmp.o)
 .debug_frame   0x00002684       0x20 c:/intelfpga/18.1/embedded/host_tools/mentor/gnu/arm/baremetal/bin/../lib/gcc/arm-altera-eabi/6.2.0/../../../../arm-altera-eabi/lib\libc.a(lib_a-strcpy.o)
 .debug_frame   0x000026a4       0x20 c:/intelfpga/18.1/embedded/host_tools/mentor/gnu/arm/baremetal/bin/../lib/gcc/arm-altera-eabi/6.2.0/../../../../arm-altera-eabi/lib\libc.a(lib_a-strlen-stub.o)
 .debug_frame   0x000026c4       0xcc c:/intelfpga/18.1/embedded/host_tools/mentor/gnu/arm/baremetal/bin/../lib/gcc/arm-altera-eabi/6.2.0/../../../../arm-altera-eabi/lib\libc.a(lib_a-vfprintf.o)
 .debug_frame   0x00002790       0x40 c:/intelfpga/18.1/embedded/host_tools/mentor/gnu/arm/baremetal/bin/../lib/gcc/arm-altera-eabi/6.2.0/../../../../arm-altera-eabi/lib\libc.a(lib_a-wsetup.o)
 .debug_frame   0x000027d0       0x84 c:/intelfpga/18.1/embedded/host_tools/mentor/gnu/arm/baremetal/bin/../lib/gcc/arm-altera-eabi/6.2.0/../../../../arm-altera-eabi/lib\libc.a(lib_a-__call_atexit.o)
 .debug_frame   0x00002854       0x2c c:/intelfpga/18.1/embedded/host_tools/mentor/gnu/arm/baremetal/bin/../lib/gcc/arm-altera-eabi/6.2.0/../../../../arm-altera-eabi/lib\libc.a(lib_a-atexit.o)
 .debug_frame   0x00002880       0xac c:/intelfpga/18.1/embedded/host_tools/mentor/gnu/arm/baremetal/bin/../lib/gcc/arm-altera-eabi/6.2.0/../../../../arm-altera-eabi/lib\libc.a(lib_a-dtoa.o)
 .debug_frame   0x0000292c       0xac c:/intelfpga/18.1/embedded/host_tools/mentor/gnu/arm/baremetal/bin/../lib/gcc/arm-altera-eabi/6.2.0/../../../../arm-altera-eabi/lib\libc.a(lib_a-fflush.o)
 .debug_frame   0x000029d8      0x1f0 c:/intelfpga/18.1/embedded/host_tools/mentor/gnu/arm/baremetal/bin/../lib/gcc/arm-altera-eabi/6.2.0/../../../../arm-altera-eabi/lib\libc.a(lib_a-findfp.o)
 .debug_frame   0x00002bc8       0x34 c:/intelfpga/18.1/embedded/host_tools/mentor/gnu/arm/baremetal/bin/../lib/gcc/arm-altera-eabi/6.2.0/../../../../arm-altera-eabi/lib\libc.a(lib_a-fini.o)
 .debug_frame   0x00002bfc       0x70 c:/intelfpga/18.1/embedded/host_tools/mentor/gnu/arm/baremetal/bin/../lib/gcc/arm-altera-eabi/6.2.0/../../../../arm-altera-eabi/lib\libc.a(lib_a-freer.o)
 .debug_frame   0x00002c6c       0x80 c:/intelfpga/18.1/embedded/host_tools/mentor/gnu/arm/baremetal/bin/../lib/gcc/arm-altera-eabi/6.2.0/../../../../arm-altera-eabi/lib\libc.a(lib_a-fvwrite.o)
 .debug_frame   0x00002cec       0x80 c:/intelfpga/18.1/embedded/host_tools/mentor/gnu/arm/baremetal/bin/../lib/gcc/arm-altera-eabi/6.2.0/../../../../arm-altera-eabi/lib\libc.a(lib_a-fwalk.o)
 .debug_frame   0x00002d6c       0x58 c:/intelfpga/18.1/embedded/host_tools/mentor/gnu/arm/baremetal/bin/../lib/gcc/arm-altera-eabi/6.2.0/../../../../arm-altera-eabi/lib\libc.a(lib_a-localeconv.o)
 .debug_frame   0x00002dc4       0x8c c:/intelfpga/18.1/embedded/host_tools/mentor/gnu/arm/baremetal/bin/../lib/gcc/arm-altera-eabi/6.2.0/../../../../arm-altera-eabi/lib\libc.a(lib_a-makebuf.o)
 .debug_frame   0x00002e50       0x38 c:/intelfpga/18.1/embedded/host_tools/mentor/gnu/arm/baremetal/bin/../lib/gcc/arm-altera-eabi/6.2.0/../../../../arm-altera-eabi/lib\libc.a(lib_a-memchr-stub.o)
 .debug_frame   0x00002e88      0x304 c:/intelfpga/18.1/embedded/host_tools/mentor/gnu/arm/baremetal/bin/../lib/gcc/arm-altera-eabi/6.2.0/../../../../arm-altera-eabi/lib\libc.a(lib_a-mprec.o)
 .debug_frame   0x0000318c       0x80 c:/intelfpga/18.1/embedded/host_tools/mentor/gnu/arm/baremetal/bin/../lib/gcc/arm-altera-eabi/6.2.0/../../../../arm-altera-eabi/lib\libc.a(lib_a-putc.o)
 .debug_frame   0x0000320c       0x60 c:/intelfpga/18.1/embedded/host_tools/mentor/gnu/arm/baremetal/bin/../lib/gcc/arm-altera-eabi/6.2.0/../../../../arm-altera-eabi/lib\libc.a(lib_a-reallocr.o)
 .debug_frame   0x0000326c       0x9c c:/intelfpga/18.1/embedded/host_tools/mentor/gnu/arm/baremetal/bin/../lib/gcc/arm-altera-eabi/6.2.0/../../../../arm-altera-eabi/lib\libc.a(lib_a-stdio.o)
 .debug_frame   0x00003308      0x104 c:/intelfpga/18.1/embedded/host_tools/mentor/gnu/arm/baremetal/bin/../lib/gcc/arm-altera-eabi/6.2.0/../../../../arm-altera-eabi/lib\libc.a(lib_a-vfiprintf.o)
 .debug_frame   0x0000340c       0x60 c:/intelfpga/18.1/embedded/host_tools/mentor/gnu/arm/baremetal/bin/../lib/gcc/arm-altera-eabi/6.2.0/../../../../arm-altera-eabi/lib\libc.a(lib_a-wbuf.o)
 .debug_frame   0x0000346c       0x3c c:/intelfpga/18.1/embedded/host_tools/mentor/gnu/arm/baremetal/bin/../lib/gcc/arm-altera-eabi/6.2.0/../../../../arm-altera-eabi/lib\libc.a(lib_a-__atexit.o)
 .debug_frame   0x000034a8       0x70 c:/intelfpga/18.1/embedded/host_tools/mentor/gnu/arm/baremetal/bin/../lib/gcc/arm-altera-eabi/6.2.0/../../../../arm-altera-eabi/lib\libc.a(lib_a-fclose.o)
 .debug_frame   0x00003518       0xbc c:/intelfpga/18.1/embedded/host_tools/mentor/gnu/arm/baremetal/bin/../lib/gcc/arm-altera-eabi/6.2.0/../../../../arm-altera-eabi/lib\libc.a(lib_a-fputwc.o)
 .debug_frame   0x000035d4       0xb8 c:/intelfpga/18.1/embedded/host_tools/mentor/gnu/arm/baremetal/bin/../lib/gcc/arm-altera-eabi/6.2.0/../../../../arm-altera-eabi/lib\libc.a(lib_a-locale.o)
 .debug_frame   0x0000368c       0x58 c:/intelfpga/18.1/embedded/host_tools/mentor/gnu/arm/baremetal/bin/../lib/gcc/arm-altera-eabi/6.2.0/../../../../arm-altera-eabi/lib\libc.a(lib_a-mbtowc_r.o)
 .debug_frame   0x000036e4       0x70 c:/intelfpga/18.1/embedded/host_tools/mentor/gnu/arm/baremetal/bin/../lib/gcc/arm-altera-eabi/6.2.0/../../../../arm-altera-eabi/lib\libc.a(lib_a-wcrtomb.o)
 .debug_frame   0x00003754       0x48 c:/intelfpga/18.1/embedded/host_tools/mentor/gnu/arm/baremetal/bin/../lib/gcc/arm-altera-eabi/6.2.0/../../../../arm-altera-eabi/lib\libc.a(lib_a-wctomb_r.o)
 .debug_frame   0x0000379c       0x78 c:/intelfpga/18.1/embedded/host_tools/mentor/gnu/arm/baremetal/bin/../lib/gcc/arm-altera-eabi/6.2.0/../../../../arm-altera-eabi/lib\libm.a(lib_a-s_atan.o)
 .debug_frame   0x00003814       0x44 c:/intelfpga/18.1/embedded/host_tools/mentor/gnu/arm/baremetal/bin/../lib/gcc/arm-altera-eabi/6.2.0/../../../../arm-altera-eabi/lib\libm.a(lib_a-s_cos.o)
 .debug_frame   0x00003858       0x20 c:/intelfpga/18.1/embedded/host_tools/mentor/gnu/arm/baremetal/bin/../lib/gcc/arm-altera-eabi/6.2.0/../../../../arm-altera-eabi/lib\libm.a(lib_a-s_fabs.o)
 .debug_frame   0x00003878       0x3c c:/intelfpga/18.1/embedded/host_tools/mentor/gnu/arm/baremetal/bin/../lib/gcc/arm-altera-eabi/6.2.0/../../../../arm-altera-eabi/lib\libm.a(lib_a-s_sin.o)
 .debug_frame   0x000038b4       0x2c c:/intelfpga/18.1/embedded/host_tools/mentor/gnu/arm/baremetal/bin/../lib/gcc/arm-altera-eabi/6.2.0/../../../../arm-altera-eabi/lib\libm.a(lib_a-w_atan2.o)